<?xml version="1.0" encoding="ISO-8859-1" ?>
<link_info>
   <banner>MSP430 Linker PC v21.6.1.LTS</banner>
   <copyright>Copyright (c) 2003-2018 Texas Instruments Incorporated</copyright>
   <link_time>0x69a66483</link_time>
   <link_errors>0x0</link_errors>
   <output_file>8TX4RX_RM.out</output_file>
   <entry_point>
      <name>_c_int00_noargs</name>
      <address>0xd920</address>
   </entry_point>
   <input_file_list>
      <input_file id="fl-2">
         <path>.\</path>
         <kind>object</kind>
         <file>main.obj</file>
         <name>main.obj</name>
      </input_file>
      <input_file id="fl-3">
         <path>.\captivate\ADVANCED\</path>
         <kind>object</kind>
         <file>CAPT_Manager.obj</file>
         <name>CAPT_Manager.obj</name>
      </input_file>
      <input_file id="fl-4">
         <path>.\captivate\BASE\</path>
         <kind>object</kind>
         <file>CAPT_ISR.obj</file>
         <name>CAPT_ISR.obj</name>
      </input_file>
      <input_file id="fl-5">
         <path>.\captivate\COMM\</path>
         <kind>object</kind>
         <file>CAPT_Interface.obj</file>
         <name>CAPT_Interface.obj</name>
      </input_file>
      <input_file id="fl-6">
         <path>.\captivate\COMM\</path>
         <kind>object</kind>
         <file>FunctionTimer.obj</file>
         <name>FunctionTimer.obj</name>
      </input_file>
      <input_file id="fl-7">
         <path>.\captivate\COMM\</path>
         <kind>object</kind>
         <file>I2CSlave.obj</file>
         <name>I2CSlave.obj</name>
      </input_file>
      <input_file id="fl-8">
         <path>.\captivate\COMM\</path>
         <kind>object</kind>
         <file>UART.obj</file>
         <name>UART.obj</name>
      </input_file>
      <input_file id="fl-9">
         <path>.\captivate_app\</path>
         <kind>object</kind>
         <file>CAPT_App.obj</file>
         <name>CAPT_App.obj</name>
      </input_file>
      <input_file id="fl-a">
         <path>.\captivate_app\</path>
         <kind>object</kind>
         <file>CAPT_BSP.obj</file>
         <name>CAPT_BSP.obj</name>
      </input_file>
      <input_file id="fl-b">
         <path>.\captivate_config\</path>
         <kind>object</kind>
         <file>CAPT_UserConfig.obj</file>
         <name>CAPT_UserConfig.obj</name>
      </input_file>
      <input_file id="fl-1b">
         <kind>object</kind>
         <file>&lt;internal&gt;</file>
         <name>&lt;internal&gt;</name>
      </input_file>
      <input_file id="fl-1c">
         <path>..\captivate\BASE\libraries\</path>
         <kind>archive</kind>
         <file>captivate_fr2633_family.lib</file>
         <name>CAPT_Calibration.o</name>
      </input_file>
      <input_file id="fl-1d">
         <path>..\captivate\BASE\libraries\</path>
         <kind>archive</kind>
         <file>captivate_fr2633_family.lib</file>
         <name>CAPT_EMC.o</name>
      </input_file>
      <input_file id="fl-1e">
         <path>..\captivate\BASE\libraries\</path>
         <kind>archive</kind>
         <file>captivate_fr2633_family.lib</file>
         <name>CAPT_HAL.o</name>
      </input_file>
      <input_file id="fl-1f">
         <path>..\captivate\BASE\libraries\</path>
         <kind>archive</kind>
         <file>captivate_fr2633_family.lib</file>
         <name>CAPT_Protocol.o</name>
      </input_file>
      <input_file id="fl-20">
         <path>..\captivate\BASE\libraries\</path>
         <kind>archive</kind>
         <file>captivate_fr2633_family.lib</file>
         <name>CAPT_Touch.o</name>
      </input_file>
      <input_file id="fl-21">
         <path>..\captivate\BASE\libraries\</path>
         <kind>archive</kind>
         <file>captivate_fr2633_family.lib</file>
         <name>CAPT_ByteQueue.o</name>
      </input_file>
      <input_file id="fl-22">
         <path>..\driverlib\MSP430FR2xx_4xx\libraries\</path>
         <kind>archive</kind>
         <file>driverlib_fr2633_family.lib</file>
         <name>cs.o</name>
      </input_file>
      <input_file id="fl-23">
         <path>..\driverlib\MSP430FR2xx_4xx\libraries\</path>
         <kind>archive</kind>
         <file>driverlib_fr2633_family.lib</file>
         <name>framctl.o</name>
      </input_file>
      <input_file id="fl-48">
         <path>C:\ti\ccs2041\ccs\tools\compiler\ti-cgt-msp430_21.6.1.LTS\lib\</path>
         <kind>archive</kind>
         <file>rts430x_sc_sd_eabi.lib</file>
         <name>div16s.asm.obj</name>
      </input_file>
      <input_file id="fl-49">
         <path>C:\ti\ccs2041\ccs\tools\compiler\ti-cgt-msp430_21.6.1.LTS\lib\</path>
         <kind>archive</kind>
         <file>rts430x_sc_sd_eabi.lib</file>
         <name>div16u.asm.obj</name>
      </input_file>
      <input_file id="fl-4a">
         <path>C:\ti\ccs2041\ccs\tools\compiler\ti-cgt-msp430_21.6.1.LTS\lib\</path>
         <kind>archive</kind>
         <file>rts430x_sc_sd_eabi.lib</file>
         <name>div32s.asm.obj</name>
      </input_file>
      <input_file id="fl-4b">
         <path>C:\ti\ccs2041\ccs\tools\compiler\ti-cgt-msp430_21.6.1.LTS\lib\</path>
         <kind>archive</kind>
         <file>rts430x_sc_sd_eabi.lib</file>
         <name>div32u.asm.obj</name>
      </input_file>
      <input_file id="fl-4c">
         <path>C:\ti\ccs2041\ccs\tools\compiler\ti-cgt-msp430_21.6.1.LTS\lib\</path>
         <kind>archive</kind>
         <file>rts430x_sc_sd_eabi.lib</file>
         <name>int41.asm.obj</name>
      </input_file>
      <input_file id="fl-4d">
         <path>C:\ti\ccs2041\ccs\tools\compiler\ti-cgt-msp430_21.6.1.LTS\lib\</path>
         <kind>archive</kind>
         <file>rts430x_sc_sd_eabi.lib</file>
         <name>int42.asm.obj</name>
      </input_file>
      <input_file id="fl-4e">
         <path>C:\ti\ccs2041\ccs\tools\compiler\ti-cgt-msp430_21.6.1.LTS\lib\</path>
         <kind>archive</kind>
         <file>rts430x_sc_sd_eabi.lib</file>
         <name>int43.asm.obj</name>
      </input_file>
      <input_file id="fl-4f">
         <path>C:\ti\ccs2041\ccs\tools\compiler\ti-cgt-msp430_21.6.1.LTS\lib\</path>
         <kind>archive</kind>
         <file>rts430x_sc_sd_eabi.lib</file>
         <name>int44.asm.obj</name>
      </input_file>
      <input_file id="fl-50">
         <path>C:\ti\ccs2041\ccs\tools\compiler\ti-cgt-msp430_21.6.1.LTS\lib\</path>
         <kind>archive</kind>
         <file>rts430x_sc_sd_eabi.lib</file>
         <name>int45.asm.obj</name>
      </input_file>
      <input_file id="fl-51">
         <path>C:\ti\ccs2041\ccs\tools\compiler\ti-cgt-msp430_21.6.1.LTS\lib\</path>
         <kind>archive</kind>
         <file>rts430x_sc_sd_eabi.lib</file>
         <name>int47.asm.obj</name>
      </input_file>
      <input_file id="fl-52">
         <path>C:\ti\ccs2041\ccs\tools\compiler\ti-cgt-msp430_21.6.1.LTS\lib\</path>
         <kind>archive</kind>
         <file>rts430x_sc_sd_eabi.lib</file>
         <name>int48.asm.obj</name>
      </input_file>
      <input_file id="fl-53">
         <path>C:\ti\ccs2041\ccs\tools\compiler\ti-cgt-msp430_21.6.1.LTS\lib\</path>
         <kind>archive</kind>
         <file>rts430x_sc_sd_eabi.lib</file>
         <name>int49.asm.obj</name>
      </input_file>
      <input_file id="fl-54">
         <path>C:\ti\ccs2041\ccs\tools\compiler\ti-cgt-msp430_21.6.1.LTS\lib\</path>
         <kind>archive</kind>
         <file>rts430x_sc_sd_eabi.lib</file>
         <name>int50.asm.obj</name>
      </input_file>
      <input_file id="fl-55">
         <path>C:\ti\ccs2041\ccs\tools\compiler\ti-cgt-msp430_21.6.1.LTS\lib\</path>
         <kind>archive</kind>
         <file>rts430x_sc_sd_eabi.lib</file>
         <name>int51.asm.obj</name>
      </input_file>
      <input_file id="fl-56">
         <path>C:\ti\ccs2041\ccs\tools\compiler\ti-cgt-msp430_21.6.1.LTS\lib\</path>
         <kind>archive</kind>
         <file>rts430x_sc_sd_eabi.lib</file>
         <name>int52.asm.obj</name>
      </input_file>
      <input_file id="fl-57">
         <path>C:\ti\ccs2041\ccs\tools\compiler\ti-cgt-msp430_21.6.1.LTS\lib\</path>
         <kind>archive</kind>
         <file>rts430x_sc_sd_eabi.lib</file>
         <name>int53.asm.obj</name>
      </input_file>
      <input_file id="fl-58">
         <path>C:\ti\ccs2041\ccs\tools\compiler\ti-cgt-msp430_21.6.1.LTS\lib\</path>
         <kind>archive</kind>
         <file>rts430x_sc_sd_eabi.lib</file>
         <name>int54.asm.obj</name>
      </input_file>
      <input_file id="fl-59">
         <path>C:\ti\ccs2041\ccs\tools\compiler\ti-cgt-msp430_21.6.1.LTS\lib\</path>
         <kind>archive</kind>
         <file>rts430x_sc_sd_eabi.lib</file>
         <name>int55.asm.obj</name>
      </input_file>
      <input_file id="fl-5a">
         <path>C:\ti\ccs2041\ccs\tools\compiler\ti-cgt-msp430_21.6.1.LTS\lib\</path>
         <kind>archive</kind>
         <file>rts430x_sc_sd_eabi.lib</file>
         <name>int56.asm.obj</name>
      </input_file>
      <input_file id="fl-5b">
         <path>C:\ti\ccs2041\ccs\tools\compiler\ti-cgt-msp430_21.6.1.LTS\lib\</path>
         <kind>archive</kind>
         <file>rts430x_sc_sd_eabi.lib</file>
         <name>int57.asm.obj</name>
      </input_file>
      <input_file id="fl-5c">
         <path>C:\ti\ccs2041\ccs\tools\compiler\ti-cgt-msp430_21.6.1.LTS\lib\</path>
         <kind>archive</kind>
         <file>rts430x_sc_sd_eabi.lib</file>
         <name>int58.asm.obj</name>
      </input_file>
      <input_file id="fl-5d">
         <path>C:\ti\ccs2041\ccs\tools\compiler\ti-cgt-msp430_21.6.1.LTS\lib\</path>
         <kind>archive</kind>
         <file>rts430x_sc_sd_eabi.lib</file>
         <name>isr_trap.asm.obj</name>
      </input_file>
      <input_file id="fl-5e">
         <path>C:\ti\ccs2041\ccs\tools\compiler\ti-cgt-msp430_21.6.1.LTS\lib\</path>
         <kind>archive</kind>
         <file>rts430x_sc_sd_eabi.lib</file>
         <name>lsl16.asm.obj</name>
      </input_file>
      <input_file id="fl-5f">
         <path>C:\ti\ccs2041\ccs\tools\compiler\ti-cgt-msp430_21.6.1.LTS\lib\</path>
         <kind>archive</kind>
         <file>rts430x_sc_sd_eabi.lib</file>
         <name>lsl32.asm.obj</name>
      </input_file>
      <input_file id="fl-60">
         <path>C:\ti\ccs2041\ccs\tools\compiler\ti-cgt-msp430_21.6.1.LTS\lib\</path>
         <kind>archive</kind>
         <file>rts430x_sc_sd_eabi.lib</file>
         <name>lsr16.asm.obj</name>
      </input_file>
      <input_file id="fl-61">
         <path>C:\ti\ccs2041\ccs\tools\compiler\ti-cgt-msp430_21.6.1.LTS\lib\</path>
         <kind>archive</kind>
         <file>rts430x_sc_sd_eabi.lib</file>
         <name>lsr32.asm.obj</name>
      </input_file>
      <input_file id="fl-62">
         <path>C:\ti\ccs2041\ccs\tools\compiler\ti-cgt-msp430_21.6.1.LTS\lib\</path>
         <kind>archive</kind>
         <file>rts430x_sc_sd_eabi.lib</file>
         <name>mult16_f5hw.asm.obj</name>
      </input_file>
      <input_file id="fl-63">
         <path>C:\ti\ccs2041\ccs\tools\compiler\ti-cgt-msp430_21.6.1.LTS\lib\</path>
         <kind>archive</kind>
         <file>rts430x_sc_sd_eabi.lib</file>
         <name>mult1632.asm.obj</name>
      </input_file>
      <input_file id="fl-64">
         <path>C:\ti\ccs2041\ccs\tools\compiler\ti-cgt-msp430_21.6.1.LTS\lib\</path>
         <kind>archive</kind>
         <file>rts430x_sc_sd_eabi.lib</file>
         <name>mult1632_f5hw.asm.obj</name>
      </input_file>
      <input_file id="fl-65">
         <path>C:\ti\ccs2041\ccs\tools\compiler\ti-cgt-msp430_21.6.1.LTS\lib\</path>
         <kind>archive</kind>
         <file>rts430x_sc_sd_eabi.lib</file>
         <name>mult32.asm.obj</name>
      </input_file>
      <input_file id="fl-66">
         <path>C:\ti\ccs2041\ccs\tools\compiler\ti-cgt-msp430_21.6.1.LTS\lib\</path>
         <kind>archive</kind>
         <file>rts430x_sc_sd_eabi.lib</file>
         <name>mult32_f5hw.asm.obj</name>
      </input_file>
      <input_file id="fl-67">
         <path>C:\ti\ccs2041\ccs\tools\compiler\ti-cgt-msp430_21.6.1.LTS\lib\</path>
         <kind>archive</kind>
         <file>rts430x_sc_sd_eabi.lib</file>
         <name>mult3264_f5hw.asm.obj</name>
      </input_file>
      <input_file id="fl-68">
         <path>C:\ti\ccs2041\ccs\tools\compiler\ti-cgt-msp430_21.6.1.LTS\lib\</path>
         <kind>archive</kind>
         <file>rts430x_sc_sd_eabi.lib</file>
         <name>mult64.asm.obj</name>
      </input_file>
      <input_file id="fl-69">
         <path>C:\ti\ccs2041\ccs\tools\compiler\ti-cgt-msp430_21.6.1.LTS\lib\</path>
         <kind>archive</kind>
         <file>rts430x_sc_sd_eabi.lib</file>
         <name>mult64_f5hw.asm.obj</name>
      </input_file>
      <input_file id="fl-6a">
         <path>C:\ti\ccs2041\ccs\tools\compiler\ti-cgt-msp430_21.6.1.LTS\lib\</path>
         <kind>archive</kind>
         <file>rts430x_sc_sd_eabi.lib</file>
         <name>boot.c.obj</name>
      </input_file>
      <input_file id="fl-6b">
         <path>C:\ti\ccs2041\ccs\tools\compiler\ti-cgt-msp430_21.6.1.LTS\lib\</path>
         <kind>archive</kind>
         <file>rts430x_sc_sd_eabi.lib</file>
         <name>autoinit.c.obj</name>
      </input_file>
      <input_file id="fl-6c">
         <path>C:\ti\ccs2041\ccs\tools\compiler\ti-cgt-msp430_21.6.1.LTS\lib\</path>
         <kind>archive</kind>
         <file>rts430x_sc_sd_eabi.lib</file>
         <name>copy_zero_init.c.obj</name>
      </input_file>
      <input_file id="fl-6d">
         <path>C:\ti\ccs2041\ccs\tools\compiler\ti-cgt-msp430_21.6.1.LTS\lib\</path>
         <kind>archive</kind>
         <file>rts430x_sc_sd_eabi.lib</file>
         <name>cpy_tbl.c.obj</name>
      </input_file>
      <input_file id="fl-6e">
         <path>C:\ti\ccs2041\ccs\tools\compiler\ti-cgt-msp430_21.6.1.LTS\lib\</path>
         <kind>archive</kind>
         <file>rts430x_sc_sd_eabi.lib</file>
         <name>mpu_init.c.obj</name>
      </input_file>
      <input_file id="fl-6f">
         <path>C:\ti\ccs2041\ccs\tools\compiler\ti-cgt-msp430_21.6.1.LTS\lib\</path>
         <kind>archive</kind>
         <file>rts430x_sc_sd_eabi.lib</file>
         <name>lsl64.c.obj</name>
      </input_file>
      <input_file id="fl-70">
         <path>C:\ti\ccs2041\ccs\tools\compiler\ti-cgt-msp430_21.6.1.LTS\lib\</path>
         <kind>archive</kind>
         <file>rts430x_sc_sd_eabi.lib</file>
         <name>lsr64.c.obj</name>
      </input_file>
      <input_file id="fl-71">
         <path>C:\ti\ccs2041\ccs\tools\compiler\ti-cgt-msp430_21.6.1.LTS\lib\</path>
         <kind>archive</kind>
         <file>rts430x_sc_sd_eabi.lib</file>
         <name>startup.c.obj</name>
      </input_file>
      <input_file id="fl-72">
         <path>C:\ti\ccs2041\ccs\tools\compiler\ti-cgt-msp430_21.6.1.LTS\lib\</path>
         <kind>archive</kind>
         <file>rts430x_sc_sd_eabi.lib</file>
         <name>copy_decompress_none.c.obj</name>
      </input_file>
      <input_file id="fl-73">
         <path>C:\ti\ccs2041\ccs\tools\compiler\ti-cgt-msp430_21.6.1.LTS\lib\</path>
         <kind>archive</kind>
         <file>rts430x_sc_sd_eabi.lib</file>
         <name>copy_decompress_lzss.c.obj</name>
      </input_file>
      <input_file id="fl-74">
         <path>C:\ti\ccs2041\ccs\tools\compiler\ti-cgt-msp430_21.6.1.LTS\lib\</path>
         <kind>archive</kind>
         <file>rts430x_sc_sd_eabi.lib</file>
         <name>exit.c.obj</name>
      </input_file>
      <input_file id="fl-75">
         <path>C:\ti\ccs2041\ccs\tools\compiler\ti-cgt-msp430_21.6.1.LTS\lib\</path>
         <kind>archive</kind>
         <file>rts430x_sc_sd_eabi.lib</file>
         <name>_lock.c.obj</name>
      </input_file>
      <input_file id="fl-76">
         <path>C:\ti\ccs2041\ccs\tools\compiler\ti-cgt-msp430_21.6.1.LTS\lib\</path>
         <kind>archive</kind>
         <file>rts430x_sc_sd_eabi.lib</file>
         <name>args_main.c.obj</name>
      </input_file>
      <input_file id="fl-77">
         <path>C:\ti\ccs2041\ccs\tools\compiler\ti-cgt-msp430_21.6.1.LTS\lib\</path>
         <kind>archive</kind>
         <file>rts430x_sc_sd_eabi.lib</file>
         <name>memcpy.c.obj</name>
      </input_file>
      <input_file id="fl-78">
         <path>C:\ti\ccs2041\ccs\tools\compiler\ti-cgt-msp430_21.6.1.LTS\lib\</path>
         <kind>archive</kind>
         <file>rts430x_sc_sd_eabi.lib</file>
         <name>strlen.c.obj</name>
      </input_file>
      <input_file id="fl-79">
         <path>C:\ti\ccs2041\ccs\tools\compiler\ti-cgt-msp430_21.6.1.LTS\lib\</path>
         <kind>archive</kind>
         <file>rts430x_sc_sd_eabi.lib</file>
         <name>abs.c.obj</name>
      </input_file>
      <input_file id="fl-7a">
         <path>C:\ti\ccs2041\ccs\tools\compiler\ti-cgt-msp430_21.6.1.LTS\lib\</path>
         <kind>archive</kind>
         <file>rts430x_sc_sd_eabi.lib</file>
         <name>mult16.asm.obj</name>
      </input_file>
      <input_file id="fl-7b">
         <path>C:\ti\ccs2041\ccs\tools\compiler\ti-cgt-msp430_21.6.1.LTS\lib\</path>
         <kind>archive</kind>
         <file>rts430x_sc_sd_eabi.lib</file>
         <name>exit_gvars.c.obj</name>
      </input_file>
   </input_file_list>
   <object_component_list>
      <object_component id="oc-636">
         <name>.cinit..data.load</name>
         <load_address>0xc400</load_address>
         <run_address>0xc400</run_address>
         <size>0x147</size>
      </object_component>
      <object_component id="oc-633">
         <name>__TI_handler_table</name>
         <load_address>0xc548</load_address>
         <run_address>0xc548</run_address>
         <size>0x6</size>
      </object_component>
      <object_component id="oc-635">
         <name>.cinit..bss.load</name>
         <load_address>0xc54e</load_address>
         <run_address>0xc54e</run_address>
         <size>0x4</size>
      </object_component>
      <object_component id="oc-634">
         <name>__TI_cinit_table</name>
         <load_address>0xc552</load_address>
         <run_address>0xc552</run_address>
         <size>0x8</size>
      </object_component>
      <object_component id="oc-5cb">
         <name>.binit</name>
         <load_address>0xc55a</load_address>
         <run_address>0xc55a</run_address>
         <size>0x0</size>
      </object_component>
      <object_component id="oc-4aa">
         <name>.const:g_UARTPort</name>
         <load_address>0xc55a</load_address>
         <run_address>0xc55a</run_address>
         <size>0x14</size>
         <input_file_ref idref="fl-5"/>
      </object_component>
      <object_component id="oc-4b6">
         <name>.text:CAPT_calibrateGain</name>
         <load_address>0xc56e</load_address>
         <run_address>0xc56e</run_address>
         <size>0x1c8</size>
         <input_file_ref idref="fl-1c"/>
      </object_component>
      <object_component id="oc-4b7">
         <name>.text:CAPT_calibrateOffset</name>
         <load_address>0xc736</load_address>
         <run_address>0xc736</run_address>
         <size>0x19c</size>
         <input_file_ref idref="fl-1c"/>
      </object_component>
      <object_component id="oc-436">
         <name>.text:CAPT_updateSensor</name>
         <load_address>0xc8d2</load_address>
         <run_address>0xc8d2</run_address>
         <size>0x164</size>
         <input_file_ref idref="fl-20"/>
      </object_component>
      <object_component id="oc-451">
         <name>.text:CAPT_accessControllerParameter</name>
         <load_address>0xca36</load_address>
         <run_address>0xca36</run_address>
         <size>0x156</size>
         <input_file_ref idref="fl-5"/>
      </object_component>
      <object_component id="oc-45a">
         <name>.text:CAPT_accessSpecialSensorParameter</name>
         <load_address>0xcb8c</load_address>
         <run_address>0xcb8c</run_address>
         <size>0x10c</size>
         <input_file_ref idref="fl-1f"/>
      </object_component>
      <object_component id="oc-3ba">
         <name>.text:CS_initFLL</name>
         <load_address>0xcc98</load_address>
         <run_address>0xcc98</run_address>
         <size>0xc4</size>
         <input_file_ref idref="fl-22"/>
      </object_component>
      <object_component id="oc-291">
         <name>.text:UART_ISR</name>
         <load_address>0xcd5c</load_address>
         <run_address>0xcd5c</run_address>
         <size>0xb6</size>
         <input_file_ref idref="fl-8"/>
      </object_component>
      <object_component id="oc-3b9">
         <name>.text:CS_initClockSignal</name>
         <load_address>0xce12</load_address>
         <run_address>0xce12</run_address>
         <size>0xb4</size>
         <input_file_ref idref="fl-22"/>
      </object_component>
      <object_component id="oc-3da">
         <name>.text:CAPT_checkForInboundPacket</name>
         <load_address>0xcec6</load_address>
         <run_address>0xcec6</run_address>
         <size>0xb0</size>
         <input_file_ref idref="fl-5"/>
      </object_component>
      <object_component id="oc-352">
         <name>.text:BSP_configureMCU</name>
         <load_address>0xcf76</load_address>
         <run_address>0xcf76</run_address>
         <size>0xa8</size>
         <input_file_ref idref="fl-a"/>
      </object_component>
      <object_component id="oc-437">
         <name>.text:CAPT_writeElementData</name>
         <load_address>0xd01e</load_address>
         <run_address>0xd01e</run_address>
         <size>0x78</size>
         <input_file_ref idref="fl-5"/>
      </object_component>
      <object_component id="oc-445">
         <name>.text:CAPT_testForRecalibration</name>
         <load_address>0xd096</load_address>
         <run_address>0xd096</run_address>
         <size>0x70</size>
         <input_file_ref idref="fl-20"/>
      </object_component>
      <object_component id="oc-69">
         <name>.text:decompress:lzss:__TI_decompress_lzss</name>
         <load_address>0xd106</load_address>
         <run_address>0xd106</run_address>
         <size>0x6e</size>
         <input_file_ref idref="fl-73"/>
      </object_component>
      <object_component id="oc-42b">
         <name>.text:CAPT_initSensor</name>
         <load_address>0xd174</load_address>
         <run_address>0xd174</run_address>
         <size>0x6a</size>
         <input_file_ref idref="fl-20"/>
      </object_component>
      <object_component id="oc-4b9">
         <name>.text:CAPT_processSensor</name>
         <load_address>0xd1de</load_address>
         <run_address>0xd1de</run_address>
         <size>0x6a</size>
         <input_file_ref idref="fl-20"/>
      </object_component>
      <object_component id="oc-3cd">
         <name>.text:CAPT_updateUI</name>
         <load_address>0xd248</load_address>
         <run_address>0xd248</run_address>
         <size>0x64</size>
         <input_file_ref idref="fl-3"/>
      </object_component>
      <object_component id="oc-4ad">
         <name>.text:UART_openPort</name>
         <load_address>0xd2ac</load_address>
         <run_address>0xd2ac</run_address>
         <size>0x62</size>
         <input_file_ref idref="fl-8"/>
      </object_component>
      <object_component id="oc-4b8">
         <name>.text:CAPT_processFSMCycle</name>
         <load_address>0xd30e</load_address>
         <run_address>0xd30e</run_address>
         <size>0x58</size>
         <input_file_ref idref="fl-20"/>
      </object_component>
      <object_component id="oc-507">
         <name>.text:CAPT_updateSensorNoise</name>
         <load_address>0xd366</load_address>
         <run_address>0xd366</run_address>
         <size>0x56</size>
         <input_file_ref idref="fl-20"/>
      </object_component>
      <object_component id="oc-43d">
         <name>.text:CAPT_writeSensorData</name>
         <load_address>0xd3bc</load_address>
         <run_address>0xd3bc</run_address>
         <size>0x52</size>
         <input_file_ref idref="fl-5"/>
      </object_component>
      <object_component id="oc-38f">
         <name>.text:__TI_auto_init_nobinit_nopinit_hold_wdt:__TI_auto_init_nobinit_nopinit_hold_wdt</name>
         <load_address>0xd40e</load_address>
         <run_address>0xd40e</run_address>
         <size>0x52</size>
         <input_file_ref idref="fl-6b"/>
      </object_component>
      <object_component id="oc-509">
         <name>.text:CAPT_preProcessSlider</name>
         <load_address>0xd460</load_address>
         <run_address>0xd460</run_address>
         <size>0x4e</size>
         <input_file_ref idref="fl-20"/>
      </object_component>
      <object_component id="oc-42c">
         <name>.text:CAPT_initCommInterface</name>
         <load_address>0xd4ae</load_address>
         <run_address>0xd4ae</run_address>
         <size>0x4a</size>
         <input_file_ref idref="fl-5"/>
      </object_component>
      <object_component id="oc-529">
         <name>.text:CAPT_flagAllElementsForReseed</name>
         <load_address>0xd4f8</load_address>
         <run_address>0xd4f8</run_address>
         <size>0x48</size>
         <input_file_ref idref="fl-20"/>
      </object_component>
      <object_component id="oc-4bc">
         <name>.text:CAPT_loadCycle</name>
         <load_address>0xd540</load_address>
         <run_address>0xd540</run_address>
         <size>0x48</size>
         <input_file_ref idref="fl-20"/>
      </object_component>
      <object_component id="oc-3c0">
         <name>.text:CAPT_initUI</name>
         <load_address>0xd588</load_address>
         <run_address>0xd588</run_address>
         <size>0x46</size>
         <input_file_ref idref="fl-3"/>
      </object_component>
      <object_component id="oc-45f">
         <name>.text:UART_transmitBuffer</name>
         <load_address>0xd5ce</load_address>
         <run_address>0xd5ce</run_address>
         <size>0x42</size>
         <input_file_ref idref="fl-8"/>
      </object_component>
      <object_component id="oc-286">
         <name>.text:CAPT_ISR</name>
         <load_address>0xd610</load_address>
         <run_address>0xd610</run_address>
         <size>0x40</size>
         <input_file_ref idref="fl-4"/>
      </object_component>
      <object_component id="oc-30d">
         <name>.text:main</name>
         <load_address>0xd650</load_address>
         <run_address>0xd650</run_address>
         <size>0x40</size>
         <input_file_ref idref="fl-2"/>
      </object_component>
      <object_component id="oc-35e">
         <name>.text:CAPT_appHandler</name>
         <load_address>0xd690</load_address>
         <run_address>0xd690</run_address>
         <size>0x3e</size>
         <input_file_ref idref="fl-9"/>
      </object_component>
      <object_component id="oc-4bb">
         <name>.text:CAPT_unloadCycle</name>
         <load_address>0xd6ce</load_address>
         <run_address>0xd6ce</run_address>
         <size>0x3e</size>
         <input_file_ref idref="fl-20"/>
      </object_component>
      <object_component id="oc-3b8">
         <name>.text:CS_turnOnXT1LFWithTimeout</name>
         <load_address>0xd70c</load_address>
         <run_address>0xd70c</run_address>
         <size>0x3e</size>
         <input_file_ref idref="fl-22"/>
      </object_component>
      <object_component id="oc-358">
         <name>.text:CAPT_appStart</name>
         <load_address>0xd74a</load_address>
         <run_address>0xd74a</run_address>
         <size>0x3a</size>
         <input_file_ref idref="fl-9"/>
      </object_component>
      <object_component id="oc-508">
         <name>.text:CAPT_updateSensorTimeout</name>
         <load_address>0xd784</load_address>
         <run_address>0xd784</run_address>
         <size>0x36</size>
         <input_file_ref idref="fl-20"/>
      </object_component>
      <object_component id="oc-364">
         <name>.text:CAPT_appSleep</name>
         <load_address>0xd7ba</load_address>
         <run_address>0xd7ba</run_address>
         <size>0x32</size>
         <input_file_ref idref="fl-9"/>
      </object_component>
      <object_component id="oc-506">
         <name>.text:CAPT_startConversionAndWaitUntilDone</name>
         <load_address>0xd7ec</load_address>
         <run_address>0xd7ec</run_address>
         <size>0x2e</size>
         <input_file_ref idref="fl-20"/>
      </object_component>
      <object_component id="oc-4ba">
         <name>.text:CAPT_blockOnFlag</name>
         <load_address>0xd81a</load_address>
         <run_address>0xd81a</run_address>
         <size>0x26</size>
         <input_file_ref idref="fl-20"/>
      </object_component>
      <object_component id="oc-3d3">
         <name>.text:CAPT_getGlobalUIProximityStatus</name>
         <load_address>0xd840</load_address>
         <run_address>0xd840</run_address>
         <size>0x24</size>
         <input_file_ref idref="fl-3"/>
      </object_component>
      <object_component id="oc-434">
         <name>.text:CAPT_calibrateSensor</name>
         <load_address>0xd864</load_address>
         <run_address>0xd864</run_address>
         <size>0x22</size>
         <input_file_ref idref="fl-1c"/>
      </object_component>
      <object_component id="oc-3c6">
         <name>.text:CAPT_calibrateUI</name>
         <load_address>0xd886</load_address>
         <run_address>0xd886</run_address>
         <size>0x20</size>
         <input_file_ref idref="fl-3"/>
      </object_component>
      <object_component id="oc-42a">
         <name>.text:CAPT_init</name>
         <load_address>0xd8a6</load_address>
         <run_address>0xd8a6</run_address>
         <size>0x20</size>
         <input_file_ref idref="fl-1e"/>
      </object_component>
      <object_component id="oc-443">
         <name>.text:CAPT_testForMaxCountRecalibration</name>
         <load_address>0xd8c6</load_address>
         <run_address>0xd8c6</run_address>
         <size>0x20</size>
         <input_file_ref idref="fl-20"/>
      </object_component>
      <object_component id="oc-3bb">
         <name>.text:CS_clearAllOscFlagsWithTimeout</name>
         <load_address>0xd8e6</load_address>
         <run_address>0xd8e6</run_address>
         <size>0x1e</size>
         <input_file_ref idref="fl-22"/>
      </object_component>
      <object_component id="oc-45b">
         <name>.text:CAPT_getChecksum</name>
         <load_address>0xd904</load_address>
         <run_address>0xd904</run_address>
         <size>0x1c</size>
         <input_file_ref idref="fl-1f"/>
      </object_component>
      <object_component id="oc-2a9">
         <name>.text:_c_int00_noargs</name>
         <load_address>0xd920</load_address>
         <run_address>0xd920</run_address>
         <size>0x1c</size>
         <input_file_ref idref="fl-6a"/>
      </object_component>
      <object_component id="oc-444">
         <name>.text:CAPT_testForNegativeTouchRecalibration</name>
         <load_address>0xd93c</load_address>
         <run_address>0xd93c</run_address>
         <size>0x18</size>
         <input_file_ref idref="fl-20"/>
      </object_component>
      <object_component id="oc-3b6">
         <name>.text:FRAMCtl_configureWaitStateControl</name>
         <load_address>0xd954</load_address>
         <run_address>0xd954</run_address>
         <size>0x16</size>
         <input_file_ref idref="fl-23"/>
      </object_component>
      <object_component id="oc-297">
         <name>.text:decompress:ZI:__TI_zero_init_nomemset:__TI_zero_init_nomemset</name>
         <load_address>0xd96a</load_address>
         <run_address>0xd96a</run_address>
         <size>0x14</size>
         <input_file_ref idref="fl-6c"/>
      </object_component>
      <object_component id="oc-3e0">
         <name>.text:CAPT_checkForRecalibrationRequest</name>
         <load_address>0xd97e</load_address>
         <run_address>0xd97e</run_address>
         <size>0x12</size>
         <input_file_ref idref="fl-5"/>
      </object_component>
      <object_component id="oc-6f">
         <name>.text:decompress:none:__TI_decompress_none</name>
         <load_address>0xd990</load_address>
         <run_address>0xd990</run_address>
         <size>0x12</size>
         <input_file_ref idref="fl-72"/>
      </object_component>
      <object_component id="oc-279">
         <name>.text:memcpy</name>
         <load_address>0xd9a2</load_address>
         <run_address>0xd9a2</run_address>
         <size>0x12</size>
         <input_file_ref idref="fl-77"/>
      </object_component>
      <object_component id="oc-4fd">
         <name>.text:CAPT_UARTReceiveHandler</name>
         <load_address>0xd9b4</load_address>
         <run_address>0xd9b4</run_address>
         <size>0xe</size>
         <input_file_ref idref="fl-5"/>
      </object_component>
      <object_component id="oc-3b7">
         <name>.text:CS_setExternalClockSource</name>
         <load_address>0xd9c2</load_address>
         <run_address>0xd9c2</run_address>
         <size>0xa</size>
         <input_file_ref idref="fl-22"/>
      </object_component>
      <object_component id="oc-307">
         <name>.text:_system_pre_init</name>
         <load_address>0xd9cc</load_address>
         <run_address>0xd9cc</run_address>
         <size>0xa</size>
         <input_file_ref idref="fl-a"/>
      </object_component>
      <object_component id="oc-28c">
         <name>.text:_isr:__TI_ISR_TRAP</name>
         <load_address>0xd9d6</load_address>
         <run_address>0xd9d6</run_address>
         <size>0x8</size>
         <input_file_ref idref="fl-5d"/>
      </object_component>
      <object_component id="oc-4bd">
         <name>.text:CAPT_clearIFG</name>
         <load_address>0xd9de</load_address>
         <run_address>0xd9de</run_address>
         <size>0x6</size>
         <input_file_ref idref="fl-1e"/>
      </object_component>
      <object_component id="oc-2e9">
         <name>.text:CAPT_getInterruptVector</name>
         <load_address>0xd9e4</load_address>
         <run_address>0xd9e4</run_address>
         <size>0x6</size>
         <input_file_ref idref="fl-1e"/>
      </object_component>
      <object_component id="oc-36b">
         <name>.text:abort</name>
         <load_address>0xd9ea</load_address>
         <run_address>0xd9ea</run_address>
         <size>0x6</size>
         <input_file_ref idref="fl-74"/>
      </object_component>
      <object_component id="oc-3fa">
         <name>.text:_system_post_cinit</name>
         <load_address>0xd9f0</load_address>
         <run_address>0xd9f0</run_address>
         <size>0x2</size>
         <input_file_ref idref="fl-71"/>
      </object_component>
      <object_component id="oc-4a4">
         <name>.bss:g_ui8TransmitBuffer_ping</name>
         <uninitialized>true</uninitialized>
         <run_address>0x2348</run_address>
         <size>0x30</size>
         <input_file_ref idref="fl-5"/>
      </object_component>
      <object_component id="oc-4a7">
         <name>.bss:g_ui8TransmitBuffer_pong</name>
         <uninitialized>true</uninitialized>
         <run_address>0x2378</run_address>
         <size>0x30</size>
         <input_file_ref idref="fl-5"/>
      </object_component>
      <object_component id="oc-4a1">
         <name>.bss:g_ui8QueueBuffer</name>
         <uninitialized>true</uninitialized>
         <run_address>0x2248</run_address>
         <size>0x100</size>
         <input_file_ref idref="fl-5"/>
      </object_component>
      <object_component id="oc-45c">
         <name>.bss:g_PingPongBuffer</name>
         <uninitialized>true</uninitialized>
         <run_address>0x23d8</run_address>
         <size>0x4</size>
         <input_file_ref idref="fl-5"/>
      </object_component>
      <object_component id="oc-448">
         <name>.bss:g_ReceiveQueue</name>
         <uninitialized>true</uninitialized>
         <run_address>0x23b4</run_address>
         <size>0x8</size>
         <input_file_ref idref="fl-5"/>
      </object_component>
      <object_component id="oc-44e">
         <name>.bss:g_protocolProcessingVars</name>
         <uninitialized>true</uninitialized>
         <run_address>0x2418</run_address>
         <size>0x2</size>
         <input_file_ref idref="fl-5"/>
      </object_component>
      <object_component id="oc-44b">
         <name>.bss:g_parameterPacket</name>
         <uninitialized>true</uninitialized>
         <run_address>0x23a8</run_address>
         <size>0xc</size>
         <input_file_ref idref="fl-5"/>
      </object_component>
      <object_component id="oc-457">
         <name>.bss</name>
         <uninitialized>true</uninitialized>
         <run_address>0x23d4</run_address>
         <size>0x4</size>
         <input_file_ref idref="fl-5"/>
      </object_component>
      <object_component id="oc-2f0">
         <name>.common:g_bEndOfConversionFlag</name>
         <uninitialized>true</uninitialized>
         <run_address>0x2442</run_address>
         <size>0x1</size>
      </object_component>
      <object_component id="oc-2ef">
         <name>.common:g_bDetectionFlag</name>
         <uninitialized>true</uninitialized>
         <run_address>0x2441</run_address>
         <size>0x1</size>
      </object_component>
      <object_component id="oc-2ee">
         <name>.common:g_bConvTimerFlag</name>
         <uninitialized>true</uninitialized>
         <run_address>0x2440</run_address>
         <size>0x1</size>
      </object_component>
      <object_component id="oc-2ed">
         <name>.common:g_bConvCounterFlag</name>
         <uninitialized>true</uninitialized>
         <run_address>0x243f</run_address>
         <size>0x1</size>
      </object_component>
      <object_component id="oc-2ea">
         <name>.common:g_bMaxCountErrorFlag</name>
         <uninitialized>true</uninitialized>
         <run_address>0x2443</run_address>
         <size>0x1</size>
      </object_component>
      <object_component id="oc-2f8">
         <name>.common:g_pUARTPort</name>
         <uninitialized>true</uninitialized>
         <run_address>0x2438</run_address>
         <size>0x2</size>
      </object_component>
      <object_component id="oc-2f3">
         <name>.common:g_pUARTTransmitPtr</name>
         <uninitialized>true</uninitialized>
         <run_address>0x243a</run_address>
         <size>0x2</size>
      </object_component>
      <object_component id="oc-2f6">
         <name>.common:g_ui16UARTTransmitBytesLeft</name>
         <uninitialized>true</uninitialized>
         <run_address>0x243c</run_address>
         <size>0x2</size>
      </object_component>
      <object_component id="oc-2f7">
         <name>.common:g_UARTStatus</name>
         <uninitialized>true</uninitialized>
         <run_address>0x243e</run_address>
         <size>0x1</size>
      </object_component>
      <object_component id="oc-590">
         <name>.common:BTN01_E00_RawCnts</name>
         <uninitialized>true</uninitialized>
         <run_address>0x241a</run_address>
         <size>0x2</size>
      </object_component>
      <object_component id="oc-58f">
         <name>.common:BTN01_E00_Tuning</name>
         <uninitialized>true</uninitialized>
         <run_address>0x23dc</run_address>
         <size>0x4</size>
      </object_component>
      <object_component id="oc-594">
         <name>.common:BTN01_E01_RawCnts</name>
         <uninitialized>true</uninitialized>
         <run_address>0x241c</run_address>
         <size>0x2</size>
      </object_component>
      <object_component id="oc-593">
         <name>.common:BTN01_E01_Tuning</name>
         <uninitialized>true</uninitialized>
         <run_address>0x23e0</run_address>
         <size>0x4</size>
      </object_component>
      <object_component id="oc-598">
         <name>.common:BTN01_E02_RawCnts</name>
         <uninitialized>true</uninitialized>
         <run_address>0x241e</run_address>
         <size>0x2</size>
      </object_component>
      <object_component id="oc-597">
         <name>.common:BTN01_E02_Tuning</name>
         <uninitialized>true</uninitialized>
         <run_address>0x23e4</run_address>
         <size>0x4</size>
      </object_component>
      <object_component id="oc-59c">
         <name>.common:BTN01_E03_RawCnts</name>
         <uninitialized>true</uninitialized>
         <run_address>0x2420</run_address>
         <size>0x2</size>
      </object_component>
      <object_component id="oc-59b">
         <name>.common:BTN01_E03_Tuning</name>
         <uninitialized>true</uninitialized>
         <run_address>0x23e8</run_address>
         <size>0x4</size>
      </object_component>
      <object_component id="oc-5a0">
         <name>.common:BTN01_E04_RawCnts</name>
         <uninitialized>true</uninitialized>
         <run_address>0x2422</run_address>
         <size>0x2</size>
      </object_component>
      <object_component id="oc-59f">
         <name>.common:BTN01_E04_Tuning</name>
         <uninitialized>true</uninitialized>
         <run_address>0x23ec</run_address>
         <size>0x4</size>
      </object_component>
      <object_component id="oc-5a4">
         <name>.common:BTN01_E05_RawCnts</name>
         <uninitialized>true</uninitialized>
         <run_address>0x2424</run_address>
         <size>0x2</size>
      </object_component>
      <object_component id="oc-5a3">
         <name>.common:BTN01_E05_Tuning</name>
         <uninitialized>true</uninitialized>
         <run_address>0x23f0</run_address>
         <size>0x4</size>
      </object_component>
      <object_component id="oc-5a8">
         <name>.common:BTN01_E06_RawCnts</name>
         <uninitialized>true</uninitialized>
         <run_address>0x2426</run_address>
         <size>0x2</size>
      </object_component>
      <object_component id="oc-5a7">
         <name>.common:BTN01_E06_Tuning</name>
         <uninitialized>true</uninitialized>
         <run_address>0x23f4</run_address>
         <size>0x4</size>
      </object_component>
      <object_component id="oc-5ac">
         <name>.common:BTN01_E07_RawCnts</name>
         <uninitialized>true</uninitialized>
         <run_address>0x2428</run_address>
         <size>0x2</size>
      </object_component>
      <object_component id="oc-5ab">
         <name>.common:BTN01_E07_Tuning</name>
         <uninitialized>true</uninitialized>
         <run_address>0x23f8</run_address>
         <size>0x4</size>
      </object_component>
      <object_component id="oc-5b0">
         <name>.common:BTN01_E08_RawCnts</name>
         <uninitialized>true</uninitialized>
         <run_address>0x242a</run_address>
         <size>0x2</size>
      </object_component>
      <object_component id="oc-5af">
         <name>.common:BTN01_E08_Tuning</name>
         <uninitialized>true</uninitialized>
         <run_address>0x23fc</run_address>
         <size>0x4</size>
      </object_component>
      <object_component id="oc-5b4">
         <name>.common:BTN01_E09_RawCnts</name>
         <uninitialized>true</uninitialized>
         <run_address>0x242c</run_address>
         <size>0x2</size>
      </object_component>
      <object_component id="oc-5b3">
         <name>.common:BTN01_E09_Tuning</name>
         <uninitialized>true</uninitialized>
         <run_address>0x2400</run_address>
         <size>0x4</size>
      </object_component>
      <object_component id="oc-5b8">
         <name>.common:BTN01_E10_RawCnts</name>
         <uninitialized>true</uninitialized>
         <run_address>0x242e</run_address>
         <size>0x2</size>
      </object_component>
      <object_component id="oc-5b7">
         <name>.common:BTN01_E10_Tuning</name>
         <uninitialized>true</uninitialized>
         <run_address>0x2404</run_address>
         <size>0x4</size>
      </object_component>
      <object_component id="oc-5bc">
         <name>.common:BTN01_E11_RawCnts</name>
         <uninitialized>true</uninitialized>
         <run_address>0x2430</run_address>
         <size>0x2</size>
      </object_component>
      <object_component id="oc-5bb">
         <name>.common:BTN01_E11_Tuning</name>
         <uninitialized>true</uninitialized>
         <run_address>0x2408</run_address>
         <size>0x4</size>
      </object_component>
      <object_component id="oc-5c0">
         <name>.common:BTN02_E00_RawCnts</name>
         <uninitialized>true</uninitialized>
         <run_address>0x2432</run_address>
         <size>0x2</size>
      </object_component>
      <object_component id="oc-5bf">
         <name>.common:BTN02_E00_Tuning</name>
         <uninitialized>true</uninitialized>
         <run_address>0x240c</run_address>
         <size>0x4</size>
      </object_component>
      <object_component id="oc-5c4">
         <name>.common:BTN02_E01_RawCnts</name>
         <uninitialized>true</uninitialized>
         <run_address>0x2434</run_address>
         <size>0x2</size>
      </object_component>
      <object_component id="oc-5c3">
         <name>.common:BTN02_E01_Tuning</name>
         <uninitialized>true</uninitialized>
         <run_address>0x2410</run_address>
         <size>0x4</size>
      </object_component>
      <object_component id="oc-5c8">
         <name>.common:BTN03_E00_RawCnts</name>
         <uninitialized>true</uninitialized>
         <run_address>0x2436</run_address>
         <size>0x2</size>
      </object_component>
      <object_component id="oc-5c7">
         <name>.common:BTN03_E00_Tuning</name>
         <uninitialized>true</uninitialized>
         <run_address>0x2414</run_address>
         <size>0x4</size>
      </object_component>
      <object_component id="oc-4e6">
         <name>.common:BTN01_Params</name>
         <uninitialized>true</uninitialized>
         <run_address>0x23bc</run_address>
         <size>0x8</size>
      </object_component>
      <object_component id="oc-4ec">
         <name>.common:BTN02_Params</name>
         <uninitialized>true</uninitialized>
         <run_address>0x23c4</run_address>
         <size>0x8</size>
      </object_component>
      <object_component id="oc-4f2">
         <name>.common:BTN03_Params</name>
         <uninitialized>true</uninitialized>
         <run_address>0x23cc</run_address>
         <size>0x8</size>
      </object_component>
      <object_component id="oc-3d9">
         <name>.data</name>
         <load_address>0x2246</load_address>
         <run_address>0x2246</run_address>
         <size>0x1</size>
         <input_file_ref idref="fl-9"/>
      </object_component>
      <object_component id="oc-552">
         <name>.data:BTN01_E00</name>
         <load_address>0x205a</load_address>
         <run_address>0x205a</run_address>
         <size>0x1a</size>
         <input_file_ref idref="fl-b"/>
      </object_component>
      <object_component id="oc-555">
         <name>.data:BTN01_E01</name>
         <load_address>0x2074</load_address>
         <run_address>0x2074</run_address>
         <size>0x1a</size>
         <input_file_ref idref="fl-b"/>
      </object_component>
      <object_component id="oc-55a">
         <name>.data:BTN01_E02</name>
         <load_address>0x208e</load_address>
         <run_address>0x208e</run_address>
         <size>0x1a</size>
         <input_file_ref idref="fl-b"/>
      </object_component>
      <object_component id="oc-55d">
         <name>.data:BTN01_E03</name>
         <load_address>0x20a8</load_address>
         <run_address>0x20a8</run_address>
         <size>0x1a</size>
         <input_file_ref idref="fl-b"/>
      </object_component>
      <object_component id="oc-562">
         <name>.data:BTN01_E04</name>
         <load_address>0x20c2</load_address>
         <run_address>0x20c2</run_address>
         <size>0x1a</size>
         <input_file_ref idref="fl-b"/>
      </object_component>
      <object_component id="oc-565">
         <name>.data:BTN01_E05</name>
         <load_address>0x20dc</load_address>
         <run_address>0x20dc</run_address>
         <size>0x1a</size>
         <input_file_ref idref="fl-b"/>
      </object_component>
      <object_component id="oc-56a">
         <name>.data:BTN01_E06</name>
         <load_address>0x20f6</load_address>
         <run_address>0x20f6</run_address>
         <size>0x1a</size>
         <input_file_ref idref="fl-b"/>
      </object_component>
      <object_component id="oc-56d">
         <name>.data:BTN01_E07</name>
         <load_address>0x2110</load_address>
         <run_address>0x2110</run_address>
         <size>0x1a</size>
         <input_file_ref idref="fl-b"/>
      </object_component>
      <object_component id="oc-572">
         <name>.data:BTN01_E08</name>
         <load_address>0x212a</load_address>
         <run_address>0x212a</run_address>
         <size>0x1a</size>
         <input_file_ref idref="fl-b"/>
      </object_component>
      <object_component id="oc-575">
         <name>.data:BTN01_E09</name>
         <load_address>0x2144</load_address>
         <run_address>0x2144</run_address>
         <size>0x1a</size>
         <input_file_ref idref="fl-b"/>
      </object_component>
      <object_component id="oc-57a">
         <name>.data:BTN01_E10</name>
         <load_address>0x215e</load_address>
         <run_address>0x215e</run_address>
         <size>0x1a</size>
         <input_file_ref idref="fl-b"/>
      </object_component>
      <object_component id="oc-57d">
         <name>.data:BTN01_E11</name>
         <load_address>0x2178</load_address>
         <run_address>0x2178</run_address>
         <size>0x1a</size>
         <input_file_ref idref="fl-b"/>
      </object_component>
      <object_component id="oc-582">
         <name>.data:BTN02_E00</name>
         <load_address>0x2192</load_address>
         <run_address>0x2192</run_address>
         <size>0x1a</size>
         <input_file_ref idref="fl-b"/>
      </object_component>
      <object_component id="oc-585">
         <name>.data:BTN02_E01</name>
         <load_address>0x21ac</load_address>
         <run_address>0x21ac</run_address>
         <size>0x1a</size>
         <input_file_ref idref="fl-b"/>
      </object_component>
      <object_component id="oc-58a">
         <name>.data:BTN03_E00</name>
         <load_address>0x21c6</load_address>
         <run_address>0x21c6</run_address>
         <size>0x1a</size>
         <input_file_ref idref="fl-b"/>
      </object_component>
      <object_component id="oc-52a">
         <name>.data:BTN01_C00_Elements</name>
         <load_address>0x2204</load_address>
         <run_address>0x2204</run_address>
         <size>0x4</size>
         <input_file_ref idref="fl-b"/>
      </object_component>
      <object_component id="oc-50a">
         <name>.data:BTN01_C00</name>
         <load_address>0x2200</load_address>
         <run_address>0x2200</run_address>
         <size>0x4</size>
         <input_file_ref idref="fl-b"/>
      </object_component>
      <object_component id="oc-52f">
         <name>.data:BTN01_C01_Elements</name>
         <load_address>0x220c</load_address>
         <run_address>0x220c</run_address>
         <size>0x4</size>
         <input_file_ref idref="fl-b"/>
      </object_component>
      <object_component id="oc-50d">
         <name>.data:BTN01_C01</name>
         <load_address>0x2208</load_address>
         <run_address>0x2208</run_address>
         <size>0x4</size>
         <input_file_ref idref="fl-b"/>
      </object_component>
      <object_component id="oc-534">
         <name>.data:BTN01_C02_Elements</name>
         <load_address>0x2214</load_address>
         <run_address>0x2214</run_address>
         <size>0x4</size>
         <input_file_ref idref="fl-b"/>
      </object_component>
      <object_component id="oc-510">
         <name>.data:BTN01_C02</name>
         <load_address>0x2210</load_address>
         <run_address>0x2210</run_address>
         <size>0x4</size>
         <input_file_ref idref="fl-b"/>
      </object_component>
      <object_component id="oc-539">
         <name>.data:BTN01_C03_Elements</name>
         <load_address>0x221c</load_address>
         <run_address>0x221c</run_address>
         <size>0x4</size>
         <input_file_ref idref="fl-b"/>
      </object_component>
      <object_component id="oc-513">
         <name>.data:BTN01_C03</name>
         <load_address>0x2218</load_address>
         <run_address>0x2218</run_address>
         <size>0x4</size>
         <input_file_ref idref="fl-b"/>
      </object_component>
      <object_component id="oc-53e">
         <name>.data:BTN01_C04_Elements</name>
         <load_address>0x2224</load_address>
         <run_address>0x2224</run_address>
         <size>0x4</size>
         <input_file_ref idref="fl-b"/>
      </object_component>
      <object_component id="oc-516">
         <name>.data:BTN01_C04</name>
         <load_address>0x2220</load_address>
         <run_address>0x2220</run_address>
         <size>0x4</size>
         <input_file_ref idref="fl-b"/>
      </object_component>
      <object_component id="oc-543">
         <name>.data:BTN01_C05_Elements</name>
         <load_address>0x222c</load_address>
         <run_address>0x222c</run_address>
         <size>0x4</size>
         <input_file_ref idref="fl-b"/>
      </object_component>
      <object_component id="oc-519">
         <name>.data:BTN01_C05</name>
         <load_address>0x2228</load_address>
         <run_address>0x2228</run_address>
         <size>0x4</size>
         <input_file_ref idref="fl-b"/>
      </object_component>
      <object_component id="oc-548">
         <name>.data:BTN02_C00_Elements</name>
         <load_address>0x2234</load_address>
         <run_address>0x2234</run_address>
         <size>0x4</size>
         <input_file_ref idref="fl-b"/>
      </object_component>
      <object_component id="oc-51e">
         <name>.data:BTN02_C00</name>
         <load_address>0x2230</load_address>
         <run_address>0x2230</run_address>
         <size>0x4</size>
         <input_file_ref idref="fl-b"/>
      </object_component>
      <object_component id="oc-54d">
         <name>.data:BTN03_C00_Elements</name>
         <load_address>0x2242</load_address>
         <run_address>0x2242</run_address>
         <size>0x2</size>
         <input_file_ref idref="fl-b"/>
      </object_component>
      <object_component id="oc-523">
         <name>.data:BTN03_C00</name>
         <load_address>0x2238</load_address>
         <run_address>0x2238</run_address>
         <size>0x4</size>
         <input_file_ref idref="fl-b"/>
      </object_component>
      <object_component id="oc-4e3">
         <name>.data:BTN01_Cycles</name>
         <load_address>0x21ee</load_address>
         <run_address>0x21ee</run_address>
         <size>0xc</size>
         <input_file_ref idref="fl-b"/>
      </object_component>
      <object_component id="oc-494">
         <name>.data:BTN01</name>
         <load_address>0x2000</load_address>
         <run_address>0x2000</run_address>
         <size>0x1e</size>
         <input_file_ref idref="fl-b"/>
      </object_component>
      <object_component id="oc-4e9">
         <name>.data:BTN02_Cycles</name>
         <load_address>0x2240</load_address>
         <run_address>0x2240</run_address>
         <size>0x2</size>
         <input_file_ref idref="fl-b"/>
      </object_component>
      <object_component id="oc-497">
         <name>.data:BTN02</name>
         <load_address>0x201e</load_address>
         <run_address>0x201e</run_address>
         <size>0x1e</size>
         <input_file_ref idref="fl-b"/>
      </object_component>
      <object_component id="oc-4ef">
         <name>.data:BTN03_Cycles</name>
         <load_address>0x2244</load_address>
         <run_address>0x2244</run_address>
         <size>0x2</size>
         <input_file_ref idref="fl-b"/>
      </object_component>
      <object_component id="oc-49a">
         <name>.data:BTN03</name>
         <load_address>0x203c</load_address>
         <run_address>0x203c</run_address>
         <size>0x1e</size>
         <input_file_ref idref="fl-b"/>
      </object_component>
      <object_component id="oc-425">
         <name>.data:g_pCaptivateSensorArray</name>
         <load_address>0x21fa</load_address>
         <run_address>0x21fa</run_address>
         <size>0x6</size>
         <input_file_ref idref="fl-b"/>
      </object_component>
      <object_component id="oc-3bd">
         <name>.data:g_uiApp</name>
         <load_address>0x21e0</load_address>
         <run_address>0x21e0</run_address>
         <size>0xe</size>
         <input_file_ref idref="fl-b"/>
      </object_component>
      <object_component id="oc-424">
         <name>.data</name>
         <load_address>0x223c</load_address>
         <run_address>0x223c</run_address>
         <size>0x4</size>
         <input_file_ref idref="fl-22"/>
      </object_component>
      <object_component id="oc-26a">
         <name>.stack</name>
         <uninitialized>true</uninitialized>
         <run_address>0x2f00</run_address>
         <size>0x2</size>
         <input_file_ref idref="fl-6a"/>
      </object_component>
      <object_component id="oc-637">
         <name>.stack</name>
         <uninitialized>true</uninitialized>
         <run_address>0x2f00</run_address>
         <size>0x0</size>
      </object_component>
      <object_component id="oc-75">
         <name>.int40</name>
         <load_address>0xffd8</load_address>
         <run_address>0xffd8</run_address>
         <size>0x2</size>
         <input_file_ref idref="fl-4"/>
      </object_component>
      <object_component id="oc-76">
         <name>.int41</name>
         <load_address>0xffda</load_address>
         <run_address>0xffda</run_address>
         <size>0x2</size>
         <input_file_ref idref="fl-4c"/>
      </object_component>
      <object_component id="oc-77">
         <name>.int42</name>
         <load_address>0xffdc</load_address>
         <run_address>0xffdc</run_address>
         <size>0x2</size>
         <input_file_ref idref="fl-4d"/>
      </object_component>
      <object_component id="oc-78">
         <name>.int43</name>
         <load_address>0xffde</load_address>
         <run_address>0xffde</run_address>
         <size>0x2</size>
         <input_file_ref idref="fl-4e"/>
      </object_component>
      <object_component id="oc-79">
         <name>.int44</name>
         <load_address>0xffe0</load_address>
         <run_address>0xffe0</run_address>
         <size>0x2</size>
         <input_file_ref idref="fl-4f"/>
      </object_component>
      <object_component id="oc-7a">
         <name>.int45</name>
         <load_address>0xffe2</load_address>
         <run_address>0xffe2</run_address>
         <size>0x2</size>
         <input_file_ref idref="fl-50"/>
      </object_component>
      <object_component id="oc-7b">
         <name>.int46</name>
         <load_address>0xffe4</load_address>
         <run_address>0xffe4</run_address>
         <size>0x2</size>
         <input_file_ref idref="fl-8"/>
      </object_component>
      <object_component id="oc-7c">
         <name>.int47</name>
         <load_address>0xffe6</load_address>
         <run_address>0xffe6</run_address>
         <size>0x2</size>
         <input_file_ref idref="fl-51"/>
      </object_component>
      <object_component id="oc-7d">
         <name>.int48</name>
         <load_address>0xffe8</load_address>
         <run_address>0xffe8</run_address>
         <size>0x2</size>
         <input_file_ref idref="fl-52"/>
      </object_component>
      <object_component id="oc-7e">
         <name>.int49</name>
         <load_address>0xffea</load_address>
         <run_address>0xffea</run_address>
         <size>0x2</size>
         <input_file_ref idref="fl-53"/>
      </object_component>
      <object_component id="oc-7f">
         <name>.int50</name>
         <load_address>0xffec</load_address>
         <run_address>0xffec</run_address>
         <size>0x2</size>
         <input_file_ref idref="fl-54"/>
      </object_component>
      <object_component id="oc-80">
         <name>.int51</name>
         <load_address>0xffee</load_address>
         <run_address>0xffee</run_address>
         <size>0x2</size>
         <input_file_ref idref="fl-55"/>
      </object_component>
      <object_component id="oc-81">
         <name>.int52</name>
         <load_address>0xfff0</load_address>
         <run_address>0xfff0</run_address>
         <size>0x2</size>
         <input_file_ref idref="fl-56"/>
      </object_component>
      <object_component id="oc-82">
         <name>.int53</name>
         <load_address>0xfff2</load_address>
         <run_address>0xfff2</run_address>
         <size>0x2</size>
         <input_file_ref idref="fl-57"/>
      </object_component>
      <object_component id="oc-83">
         <name>.int54</name>
         <load_address>0xfff4</load_address>
         <run_address>0xfff4</run_address>
         <size>0x2</size>
         <input_file_ref idref="fl-58"/>
      </object_component>
      <object_component id="oc-84">
         <name>.int55</name>
         <load_address>0xfff6</load_address>
         <run_address>0xfff6</run_address>
         <size>0x2</size>
         <input_file_ref idref="fl-59"/>
      </object_component>
      <object_component id="oc-85">
         <name>.int56</name>
         <load_address>0xfff8</load_address>
         <run_address>0xfff8</run_address>
         <size>0x2</size>
         <input_file_ref idref="fl-5a"/>
      </object_component>
      <object_component id="oc-86">
         <name>.int57</name>
         <load_address>0xfffa</load_address>
         <run_address>0xfffa</run_address>
         <size>0x2</size>
         <input_file_ref idref="fl-5b"/>
      </object_component>
      <object_component id="oc-87">
         <name>.int58</name>
         <load_address>0xfffc</load_address>
         <run_address>0xfffc</run_address>
         <size>0x2</size>
         <input_file_ref idref="fl-5c"/>
      </object_component>
      <object_component id="oc-26d">
         <name>.reset</name>
         <load_address>0xfffe</load_address>
         <run_address>0xfffe</run_address>
         <size>0x2</size>
         <input_file_ref idref="fl-6a"/>
      </object_component>
      <object_component id="oc-3aa">
         <name>.debug_info</name>
         <load_address>0x0</load_address>
         <run_address>0x0</run_address>
         <size>0x2e2</size>
         <input_file_ref idref="fl-2"/>
      </object_component>
      <object_component id="oc-30e">
         <name>.debug_info</name>
         <load_address>0x2e2</load_address>
         <run_address>0x2e2</run_address>
         <size>0x146</size>
         <input_file_ref idref="fl-2"/>
      </object_component>
      <object_component id="oc-334">
         <name>.debug_info</name>
         <load_address>0x428</load_address>
         <run_address>0x428</run_address>
         <size>0x11e7</size>
         <input_file_ref idref="fl-2"/>
      </object_component>
      <object_component id="oc-33e">
         <name>.debug_info</name>
         <load_address>0x160f</load_address>
         <run_address>0x160f</run_address>
         <size>0x26b</size>
         <input_file_ref idref="fl-2"/>
      </object_component>
      <object_component id="oc-3b1">
         <name>.debug_info</name>
         <load_address>0x187a</load_address>
         <run_address>0x187a</run_address>
         <size>0xee</size>
         <input_file_ref idref="fl-2"/>
      </object_component>
      <object_component id="oc-2fa">
         <name>.debug_info</name>
         <load_address>0x1968</load_address>
         <run_address>0x1968</run_address>
         <size>0x8b</size>
         <input_file_ref idref="fl-2"/>
      </object_component>
      <object_component id="oc-3ab">
         <name>.debug_info</name>
         <load_address>0x19f3</load_address>
         <run_address>0x19f3</run_address>
         <size>0x282</size>
         <input_file_ref idref="fl-2"/>
      </object_component>
      <object_component id="oc-339">
         <name>.debug_info</name>
         <load_address>0x1c75</load_address>
         <run_address>0x1c75</run_address>
         <size>0xbb</size>
         <input_file_ref idref="fl-2"/>
      </object_component>
      <object_component id="oc-34a">
         <name>.debug_info</name>
         <load_address>0x1d30</load_address>
         <run_address>0x1d30</run_address>
         <size>0x35</size>
         <input_file_ref idref="fl-2"/>
      </object_component>
      <object_component id="oc-433">
         <name>.debug_info</name>
         <load_address>0x1d65</load_address>
         <run_address>0x1d65</run_address>
         <size>0x47d</size>
         <input_file_ref idref="fl-3"/>
      </object_component>
      <object_component id="oc-3cf">
         <name>.debug_info</name>
         <load_address>0x21e2</load_address>
         <run_address>0x21e2</run_address>
         <size>0x27a</size>
         <input_file_ref idref="fl-3"/>
      </object_component>
      <object_component id="oc-3c1">
         <name>.debug_info</name>
         <load_address>0x245c</load_address>
         <run_address>0x245c</run_address>
         <size>0x1f6</size>
         <input_file_ref idref="fl-3"/>
      </object_component>
      <object_component id="oc-3d4">
         <name>.debug_info</name>
         <load_address>0x2652</load_address>
         <run_address>0x2652</run_address>
         <size>0x1aa</size>
         <input_file_ref idref="fl-3"/>
      </object_component>
      <object_component id="oc-3c9">
         <name>.debug_info</name>
         <load_address>0x27fc</load_address>
         <run_address>0x27fc</run_address>
         <size>0x1bc</size>
         <input_file_ref idref="fl-3"/>
      </object_component>
      <object_component id="oc-2dd">
         <name>.debug_info</name>
         <load_address>0x29b8</load_address>
         <run_address>0x29b8</run_address>
         <size>0x2c</size>
         <input_file_ref idref="fl-3"/>
      </object_component>
      <object_component id="oc-2eb">
         <name>.debug_info</name>
         <load_address>0x29e4</load_address>
         <run_address>0x29e4</run_address>
         <size>0x34a</size>
         <input_file_ref idref="fl-4"/>
      </object_component>
      <object_component id="oc-28a">
         <name>.debug_info</name>
         <load_address>0x2d2e</load_address>
         <run_address>0x2d2e</run_address>
         <size>0x157</size>
         <input_file_ref idref="fl-4"/>
      </object_component>
      <object_component id="oc-3b0">
         <name>.debug_info</name>
         <load_address>0x2e85</load_address>
         <run_address>0x2e85</run_address>
         <size>0x463</size>
         <input_file_ref idref="fl-5"/>
      </object_component>
      <object_component id="oc-4a5">
         <name>.debug_info</name>
         <load_address>0x32e8</load_address>
         <run_address>0x32e8</run_address>
         <size>0x10d</size>
         <input_file_ref idref="fl-5"/>
      </object_component>
      <object_component id="oc-4a8">
         <name>.debug_info</name>
         <load_address>0x33f5</load_address>
         <run_address>0x33f5</run_address>
         <size>0x10d</size>
         <input_file_ref idref="fl-5"/>
      </object_component>
      <object_component id="oc-4a2">
         <name>.debug_info</name>
         <load_address>0x3502</load_address>
         <run_address>0x3502</run_address>
         <size>0xfd</size>
         <input_file_ref idref="fl-5"/>
      </object_component>
      <object_component id="oc-45d">
         <name>.debug_info</name>
         <load_address>0x35ff</load_address>
         <run_address>0x35ff</run_address>
         <size>0xfd</size>
         <input_file_ref idref="fl-5"/>
      </object_component>
      <object_component id="oc-449">
         <name>.debug_info</name>
         <load_address>0x36fc</load_address>
         <run_address>0x36fc</run_address>
         <size>0xf9</size>
         <input_file_ref idref="fl-5"/>
      </object_component>
      <object_component id="oc-44f">
         <name>.debug_info</name>
         <load_address>0x37f5</load_address>
         <run_address>0x37f5</run_address>
         <size>0x10d</size>
         <input_file_ref idref="fl-5"/>
      </object_component>
      <object_component id="oc-44c">
         <name>.debug_info</name>
         <load_address>0x3902</load_address>
         <run_address>0x3902</run_address>
         <size>0xff</size>
         <input_file_ref idref="fl-5"/>
      </object_component>
      <object_component id="oc-458">
         <name>.debug_info</name>
         <load_address>0x3a01</load_address>
         <run_address>0x3a01</run_address>
         <size>0x129</size>
         <input_file_ref idref="fl-5"/>
      </object_component>
      <object_component id="oc-4ab">
         <name>.debug_info</name>
         <load_address>0x3b2a</load_address>
         <run_address>0x3b2a</run_address>
         <size>0xf1</size>
         <input_file_ref idref="fl-5"/>
      </object_component>
      <object_component id="oc-4fe">
         <name>.debug_info</name>
         <load_address>0x3c1b</load_address>
         <run_address>0x3c1b</run_address>
         <size>0x1a0</size>
         <input_file_ref idref="fl-5"/>
      </object_component>
      <object_component id="oc-43e">
         <name>.debug_info</name>
         <load_address>0x3dbb</load_address>
         <run_address>0x3dbb</run_address>
         <size>0x1f3</size>
         <input_file_ref idref="fl-5"/>
      </object_component>
      <object_component id="oc-438">
         <name>.debug_info</name>
         <load_address>0x3fae</load_address>
         <run_address>0x3fae</run_address>
         <size>0x20e</size>
         <input_file_ref idref="fl-5"/>
      </object_component>
      <object_component id="oc-42d">
         <name>.debug_info</name>
         <load_address>0x41bc</load_address>
         <run_address>0x41bc</run_address>
         <size>0x1a8</size>
         <input_file_ref idref="fl-5"/>
      </object_component>
      <object_component id="oc-3e1">
         <name>.debug_info</name>
         <load_address>0x4364</load_address>
         <run_address>0x4364</run_address>
         <size>0x189</size>
         <input_file_ref idref="fl-5"/>
      </object_component>
      <object_component id="oc-452">
         <name>.debug_info</name>
         <load_address>0x44ed</load_address>
         <run_address>0x44ed</run_address>
         <size>0x203</size>
         <input_file_ref idref="fl-5"/>
      </object_component>
      <object_component id="oc-3db">
         <name>.debug_info</name>
         <load_address>0x46f0</load_address>
         <run_address>0x46f0</run_address>
         <size>0x2a1</size>
         <input_file_ref idref="fl-5"/>
      </object_component>
      <object_component id="oc-41f">
         <name>.debug_info</name>
         <load_address>0x4991</load_address>
         <run_address>0x4991</run_address>
         <size>0x1d8</size>
         <input_file_ref idref="fl-5"/>
      </object_component>
      <object_component id="oc-345">
         <name>.debug_info</name>
         <load_address>0x4b69</load_address>
         <run_address>0x4b69</run_address>
         <size>0xbb</size>
         <input_file_ref idref="fl-5"/>
      </object_component>
      <object_component id="oc-4d0">
         <name>.debug_info</name>
         <load_address>0x4c24</load_address>
         <run_address>0x4c24</run_address>
         <size>0x5e</size>
         <input_file_ref idref="fl-5"/>
      </object_component>
      <object_component id="oc-4c2">
         <name>.debug_info</name>
         <load_address>0x4c82</load_address>
         <run_address>0x4c82</run_address>
         <size>0xaf</size>
         <input_file_ref idref="fl-5"/>
      </object_component>
      <object_component id="oc-2f4">
         <name>.debug_info</name>
         <load_address>0x4d31</load_address>
         <run_address>0x4d31</run_address>
         <size>0x3d6</size>
         <input_file_ref idref="fl-8"/>
      </object_component>
      <object_component id="oc-460">
         <name>.debug_info</name>
         <load_address>0x5107</load_address>
         <run_address>0x5107</run_address>
         <size>0x1b1</size>
         <input_file_ref idref="fl-8"/>
      </object_component>
      <object_component id="oc-4ae">
         <name>.debug_info</name>
         <load_address>0x52b8</load_address>
         <run_address>0x52b8</run_address>
         <size>0x17f</size>
         <input_file_ref idref="fl-8"/>
      </object_component>
      <object_component id="oc-292">
         <name>.debug_info</name>
         <load_address>0x5437</load_address>
         <run_address>0x5437</run_address>
         <size>0x1c1</size>
         <input_file_ref idref="fl-8"/>
      </object_component>
      <object_component id="oc-35b">
         <name>.debug_info</name>
         <load_address>0x55f8</load_address>
         <run_address>0x55f8</run_address>
         <size>0x193</size>
         <input_file_ref idref="fl-9"/>
      </object_component>
      <object_component id="oc-367">
         <name>.debug_info</name>
         <load_address>0x578b</load_address>
         <run_address>0x578b</run_address>
         <size>0x148</size>
         <input_file_ref idref="fl-9"/>
      </object_component>
      <object_component id="oc-360">
         <name>.debug_info</name>
         <load_address>0x58d3</load_address>
         <run_address>0x58d3</run_address>
         <size>0x203</size>
         <input_file_ref idref="fl-9"/>
      </object_component>
      <object_component id="oc-30a">
         <name>.debug_info</name>
         <load_address>0x5ad6</load_address>
         <run_address>0x5ad6</run_address>
         <size>0x149</size>
         <input_file_ref idref="fl-a"/>
      </object_component>
      <object_component id="oc-354">
         <name>.debug_info</name>
         <load_address>0x5c1f</load_address>
         <run_address>0x5c1f</run_address>
         <size>0x260</size>
         <input_file_ref idref="fl-a"/>
      </object_component>
      <object_component id="oc-49f">
         <name>.debug_info</name>
         <load_address>0x5e7f</load_address>
         <run_address>0x5e7f</run_address>
         <size>0x841</size>
         <input_file_ref idref="fl-b"/>
      </object_component>
      <object_component id="oc-553">
         <name>.debug_info</name>
         <load_address>0x66c0</load_address>
         <run_address>0x66c0</run_address>
         <size>0xf3</size>
         <input_file_ref idref="fl-b"/>
      </object_component>
      <object_component id="oc-556">
         <name>.debug_info</name>
         <load_address>0x67b3</load_address>
         <run_address>0x67b3</run_address>
         <size>0xf3</size>
         <input_file_ref idref="fl-b"/>
      </object_component>
      <object_component id="oc-55b">
         <name>.debug_info</name>
         <load_address>0x68a6</load_address>
         <run_address>0x68a6</run_address>
         <size>0xf3</size>
         <input_file_ref idref="fl-b"/>
      </object_component>
      <object_component id="oc-55e">
         <name>.debug_info</name>
         <load_address>0x6999</load_address>
         <run_address>0x6999</run_address>
         <size>0xf3</size>
         <input_file_ref idref="fl-b"/>
      </object_component>
      <object_component id="oc-563">
         <name>.debug_info</name>
         <load_address>0x6a8c</load_address>
         <run_address>0x6a8c</run_address>
         <size>0xf3</size>
         <input_file_ref idref="fl-b"/>
      </object_component>
      <object_component id="oc-566">
         <name>.debug_info</name>
         <load_address>0x6b7f</load_address>
         <run_address>0x6b7f</run_address>
         <size>0xf3</size>
         <input_file_ref idref="fl-b"/>
      </object_component>
      <object_component id="oc-56b">
         <name>.debug_info</name>
         <load_address>0x6c72</load_address>
         <run_address>0x6c72</run_address>
         <size>0xf3</size>
         <input_file_ref idref="fl-b"/>
      </object_component>
      <object_component id="oc-56e">
         <name>.debug_info</name>
         <load_address>0x6d65</load_address>
         <run_address>0x6d65</run_address>
         <size>0xf3</size>
         <input_file_ref idref="fl-b"/>
      </object_component>
      <object_component id="oc-573">
         <name>.debug_info</name>
         <load_address>0x6e58</load_address>
         <run_address>0x6e58</run_address>
         <size>0xf3</size>
         <input_file_ref idref="fl-b"/>
      </object_component>
      <object_component id="oc-576">
         <name>.debug_info</name>
         <load_address>0x6f4b</load_address>
         <run_address>0x6f4b</run_address>
         <size>0xf3</size>
         <input_file_ref idref="fl-b"/>
      </object_component>
      <object_component id="oc-57b">
         <name>.debug_info</name>
         <load_address>0x703e</load_address>
         <run_address>0x703e</run_address>
         <size>0xf3</size>
         <input_file_ref idref="fl-b"/>
      </object_component>
      <object_component id="oc-57e">
         <name>.debug_info</name>
         <load_address>0x7131</load_address>
         <run_address>0x7131</run_address>
         <size>0xf3</size>
         <input_file_ref idref="fl-b"/>
      </object_component>
      <object_component id="oc-583">
         <name>.debug_info</name>
         <load_address>0x7224</load_address>
         <run_address>0x7224</run_address>
         <size>0xf3</size>
         <input_file_ref idref="fl-b"/>
      </object_component>
      <object_component id="oc-586">
         <name>.debug_info</name>
         <load_address>0x7317</load_address>
         <run_address>0x7317</run_address>
         <size>0xf4</size>
         <input_file_ref idref="fl-b"/>
      </object_component>
      <object_component id="oc-58b">
         <name>.debug_info</name>
         <load_address>0x740b</load_address>
         <run_address>0x740b</run_address>
         <size>0xf4</size>
         <input_file_ref idref="fl-b"/>
      </object_component>
      <object_component id="oc-52b">
         <name>.debug_info</name>
         <load_address>0x74ff</load_address>
         <run_address>0x74ff</run_address>
         <size>0x106</size>
         <input_file_ref idref="fl-b"/>
      </object_component>
      <object_component id="oc-50b">
         <name>.debug_info</name>
         <load_address>0x7605</load_address>
         <run_address>0x7605</run_address>
         <size>0xf4</size>
         <input_file_ref idref="fl-b"/>
      </object_component>
      <object_component id="oc-530">
         <name>.debug_info</name>
         <load_address>0x76f9</load_address>
         <run_address>0x76f9</run_address>
         <size>0x106</size>
         <input_file_ref idref="fl-b"/>
      </object_component>
      <object_component id="oc-50e">
         <name>.debug_info</name>
         <load_address>0x77ff</load_address>
         <run_address>0x77ff</run_address>
         <size>0xf4</size>
         <input_file_ref idref="fl-b"/>
      </object_component>
      <object_component id="oc-535">
         <name>.debug_info</name>
         <load_address>0x78f3</load_address>
         <run_address>0x78f3</run_address>
         <size>0x106</size>
         <input_file_ref idref="fl-b"/>
      </object_component>
      <object_component id="oc-511">
         <name>.debug_info</name>
         <load_address>0x79f9</load_address>
         <run_address>0x79f9</run_address>
         <size>0xf4</size>
         <input_file_ref idref="fl-b"/>
      </object_component>
      <object_component id="oc-53a">
         <name>.debug_info</name>
         <load_address>0x7aed</load_address>
         <run_address>0x7aed</run_address>
         <size>0x106</size>
         <input_file_ref idref="fl-b"/>
      </object_component>
      <object_component id="oc-514">
         <name>.debug_info</name>
         <load_address>0x7bf3</load_address>
         <run_address>0x7bf3</run_address>
         <size>0xf4</size>
         <input_file_ref idref="fl-b"/>
      </object_component>
      <object_component id="oc-53f">
         <name>.debug_info</name>
         <load_address>0x7ce7</load_address>
         <run_address>0x7ce7</run_address>
         <size>0x106</size>
         <input_file_ref idref="fl-b"/>
      </object_component>
[...]
         <object_component_ref idref="oc-35e"/>
      </symbol>
      <symbol id="sm-3b5">
         <name>CAPT_appStart</name>
         <value>0xd74a</value>
         <object_component_ref idref="oc-358"/>
      </symbol>
      <symbol id="sm-3b6">
         <name>CAPT_appSleep</name>
         <value>0xd7ba</value>
         <object_component_ref idref="oc-364"/>
      </symbol>
      <symbol id="sm-3c8">
         <name>BSP_configureMCU</name>
         <value>0xcf76</value>
         <object_component_ref idref="oc-352"/>
      </symbol>
      <symbol id="sm-3c9">
         <name>_system_pre_init</name>
         <value>0xd9cc</value>
         <object_component_ref idref="oc-307"/>
      </symbol>
      <symbol id="sm-492">
         <name>BTN01_E00_RawCnts</name>
         <value>0x241a</value>
      </symbol>
      <symbol id="sm-493">
         <name>BTN01_E00_Tuning</name>
         <value>0x23dc</value>
      </symbol>
      <symbol id="sm-494">
         <name>BTN01_E01_RawCnts</name>
         <value>0x241c</value>
      </symbol>
      <symbol id="sm-495">
         <name>BTN01_E01_Tuning</name>
         <value>0x23e0</value>
      </symbol>
      <symbol id="sm-496">
         <name>BTN01_E02_RawCnts</name>
         <value>0x241e</value>
      </symbol>
      <symbol id="sm-497">
         <name>BTN01_E02_Tuning</name>
         <value>0x23e4</value>
      </symbol>
      <symbol id="sm-498">
         <name>BTN01_E03_RawCnts</name>
         <value>0x2420</value>
      </symbol>
      <symbol id="sm-499">
         <name>BTN01_E03_Tuning</name>
         <value>0x23e8</value>
      </symbol>
      <symbol id="sm-49a">
         <name>BTN01_E04_RawCnts</name>
         <value>0x2422</value>
      </symbol>
      <symbol id="sm-49b">
         <name>BTN01_E04_Tuning</name>
         <value>0x23ec</value>
      </symbol>
      <symbol id="sm-49c">
         <name>BTN01_E05_RawCnts</name>
         <value>0x2424</value>
      </symbol>
      <symbol id="sm-49d">
         <name>BTN01_E05_Tuning</name>
         <value>0x23f0</value>
      </symbol>
      <symbol id="sm-49e">
         <name>BTN01_E06_RawCnts</name>
         <value>0x2426</value>
      </symbol>
      <symbol id="sm-49f">
         <name>BTN01_E06_Tuning</name>
         <value>0x23f4</value>
      </symbol>
      <symbol id="sm-4a0">
         <name>BTN01_E07_RawCnts</name>
         <value>0x2428</value>
      </symbol>
      <symbol id="sm-4a1">
         <name>BTN01_E07_Tuning</name>
         <value>0x23f8</value>
      </symbol>
      <symbol id="sm-4a2">
         <name>BTN01_E08_RawCnts</name>
         <value>0x242a</value>
      </symbol>
      <symbol id="sm-4a3">
         <name>BTN01_E08_Tuning</name>
         <value>0x23fc</value>
      </symbol>
      <symbol id="sm-4a4">
         <name>BTN01_E09_RawCnts</name>
         <value>0x242c</value>
      </symbol>
      <symbol id="sm-4a5">
         <name>BTN01_E09_Tuning</name>
         <value>0x2400</value>
      </symbol>
      <symbol id="sm-4a6">
         <name>BTN01_E10_RawCnts</name>
         <value>0x242e</value>
      </symbol>
      <symbol id="sm-4a7">
         <name>BTN01_E10_Tuning</name>
         <value>0x2404</value>
      </symbol>
      <symbol id="sm-4a8">
         <name>BTN01_E11_RawCnts</name>
         <value>0x2430</value>
      </symbol>
      <symbol id="sm-4a9">
         <name>BTN01_E11_Tuning</name>
         <value>0x2408</value>
      </symbol>
      <symbol id="sm-4aa">
         <name>BTN02_E00_RawCnts</name>
         <value>0x2432</value>
      </symbol>
      <symbol id="sm-4ab">
         <name>BTN02_E00_Tuning</name>
         <value>0x240c</value>
      </symbol>
      <symbol id="sm-4ac">
         <name>BTN02_E01_RawCnts</name>
         <value>0x2434</value>
      </symbol>
      <symbol id="sm-4ad">
         <name>BTN02_E01_Tuning</name>
         <value>0x2410</value>
      </symbol>
      <symbol id="sm-4ae">
         <name>BTN03_E00_RawCnts</name>
         <value>0x2436</value>
      </symbol>
      <symbol id="sm-4af">
         <name>BTN03_E00_Tuning</name>
         <value>0x2414</value>
      </symbol>
      <symbol id="sm-4b0">
         <name>BTN01_Params</name>
         <value>0x23bc</value>
      </symbol>
      <symbol id="sm-4b1">
         <name>BTN02_Params</name>
         <value>0x23c4</value>
      </symbol>
      <symbol id="sm-4b2">
         <name>BTN03_Params</name>
         <value>0x23cc</value>
      </symbol>
      <symbol id="sm-4b3">
         <name>BTN01_E08</name>
         <value>0x212a</value>
         <object_component_ref idref="oc-572"/>
      </symbol>
      <symbol id="sm-4b4">
         <name>BTN01_E09</name>
         <value>0x2144</value>
         <object_component_ref idref="oc-575"/>
      </symbol>
      <symbol id="sm-4b5">
         <name>BTN01_E04</name>
         <value>0x20c2</value>
         <object_component_ref idref="oc-562"/>
      </symbol>
      <symbol id="sm-4b6">
         <name>BTN01_E05</name>
         <value>0x20dc</value>
         <object_component_ref idref="oc-565"/>
      </symbol>
      <symbol id="sm-4b7">
         <name>BTN01_E06</name>
         <value>0x20f6</value>
         <object_component_ref idref="oc-56a"/>
      </symbol>
      <symbol id="sm-4b8">
         <name>BTN01_E07</name>
         <value>0x2110</value>
         <object_component_ref idref="oc-56d"/>
      </symbol>
      <symbol id="sm-4b9">
         <name>BTN01_E00</name>
         <value>0x205a</value>
         <object_component_ref idref="oc-552"/>
      </symbol>
      <symbol id="sm-4ba">
         <name>BTN01_E01</name>
         <value>0x2074</value>
         <object_component_ref idref="oc-555"/>
      </symbol>
      <symbol id="sm-4bb">
         <name>BTN01_E02</name>
         <value>0x208e</value>
         <object_component_ref idref="oc-55a"/>
      </symbol>
      <symbol id="sm-4bc">
         <name>BTN01_E03</name>
         <value>0x20a8</value>
         <object_component_ref idref="oc-55d"/>
      </symbol>
      <symbol id="sm-4bd">
         <name>BTN01_E10</name>
         <value>0x215e</value>
         <object_component_ref idref="oc-57a"/>
      </symbol>
      <symbol id="sm-4be">
         <name>BTN01_E11</name>
         <value>0x2178</value>
         <object_component_ref idref="oc-57d"/>
      </symbol>
      <symbol id="sm-4bf">
         <name>BTN01_Cycles</name>
         <value>0x21ee</value>
         <object_component_ref idref="oc-4e3"/>
      </symbol>
      <symbol id="sm-4c0">
         <name>g_pCaptivateSensorArray</name>
         <value>0x21fa</value>
         <object_component_ref idref="oc-425"/>
      </symbol>
      <symbol id="sm-4c1">
         <name>BTN02_E00</name>
         <value>0x2192</value>
         <object_component_ref idref="oc-582"/>
      </symbol>
      <symbol id="sm-4c2">
         <name>BTN02_E01</name>
         <value>0x21ac</value>
         <object_component_ref idref="oc-585"/>
      </symbol>
      <symbol id="sm-4c3">
         <name>BTN02_C00_Elements</name>
         <value>0x2234</value>
         <object_component_ref idref="oc-548"/>
      </symbol>
      <symbol id="sm-4c4">
         <name>BTN03_E00</name>
         <value>0x21c6</value>
         <object_component_ref idref="oc-58a"/>
      </symbol>
      <symbol id="sm-4c5">
         <name>BTN01_C04</name>
         <value>0x2220</value>
         <object_component_ref idref="oc-516"/>
      </symbol>
      <symbol id="sm-4c6">
         <name>BTN01_C05</name>
         <value>0x2228</value>
         <object_component_ref idref="oc-519"/>
      </symbol>
      <symbol id="sm-4c7">
         <name>BTN01_C00</name>
         <value>0x2200</value>
         <object_component_ref idref="oc-50a"/>
      </symbol>
      <symbol id="sm-4c8">
         <name>BTN01_C01</name>
         <value>0x2208</value>
         <object_component_ref idref="oc-50d"/>
      </symbol>
      <symbol id="sm-4c9">
         <name>g_uiApp</name>
         <value>0x21e0</value>
         <object_component_ref idref="oc-3bd"/>
      </symbol>
      <symbol id="sm-4ca">
         <name>BTN01_C02</name>
         <value>0x2210</value>
         <object_component_ref idref="oc-510"/>
      </symbol>
      <symbol id="sm-4cb">
         <name>BTN01_C03</name>
         <value>0x2218</value>
         <object_component_ref idref="oc-513"/>
      </symbol>
      <symbol id="sm-4cc">
         <name>BTN01_C05_Elements</name>
         <value>0x222c</value>
         <object_component_ref idref="oc-543"/>
      </symbol>
      <symbol id="sm-4cd">
         <name>BTN01_C03_Elements</name>
         <value>0x221c</value>
         <object_component_ref idref="oc-539"/>
      </symbol>
      <symbol id="sm-4ce">
         <name>BTN01_C01_Elements</name>
         <value>0x220c</value>
         <object_component_ref idref="oc-52f"/>
      </symbol>
      <symbol id="sm-4cf">
         <name>BTN02_Cycles</name>
         <value>0x2240</value>
         <object_component_ref idref="oc-4e9"/>
      </symbol>
      <symbol id="sm-4d0">
         <name>BTN02_C00</name>
         <value>0x2230</value>
         <object_component_ref idref="oc-51e"/>
      </symbol>
      <symbol id="sm-4d1">
         <name>BTN03_C00</name>
         <value>0x2238</value>
         <object_component_ref idref="oc-523"/>
      </symbol>
      <symbol id="sm-4d2">
         <name>BTN01_C04_Elements</name>
         <value>0x2224</value>
         <object_component_ref idref="oc-53e"/>
      </symbol>
      <symbol id="sm-4d3">
         <name>BTN01_C02_Elements</name>
         <value>0x2214</value>
         <object_component_ref idref="oc-534"/>
      </symbol>
      <symbol id="sm-4d4">
         <name>BTN01_C00_Elements</name>
         <value>0x2204</value>
         <object_component_ref idref="oc-52a"/>
      </symbol>
      <symbol id="sm-4d5">
         <name>BTN03</name>
         <value>0x203c</value>
         <object_component_ref idref="oc-49a"/>
      </symbol>
      <symbol id="sm-4d6">
         <name>BTN02</name>
         <value>0x201e</value>
         <object_component_ref idref="oc-497"/>
      </symbol>
      <symbol id="sm-4d7">
         <name>BTN01</name>
         <value>0x2000</value>
         <object_component_ref idref="oc-494"/>
      </symbol>
      <symbol id="sm-4d8">
         <name>BTN03_Cycles</name>
         <value>0x2244</value>
         <object_component_ref idref="oc-4ef"/>
      </symbol>
      <symbol id="sm-4d9">
         <name>BTN03_C00_Elements</name>
         <value>0x2242</value>
         <object_component_ref idref="oc-54d"/>
      </symbol>
      <symbol id="sm-501">
         <name>CAPT_calibrateOffset</name>
         <value>0xc736</value>
         <object_component_ref idref="oc-4b7"/>
      </symbol>
      <symbol id="sm-502">
         <name>CAPT_calibrateGain</name>
         <value>0xc56e</value>
         <object_component_ref idref="oc-4b6"/>
      </symbol>
      <symbol id="sm-503">
         <name>CAPT_calibrateSensor</name>
         <value>0xd864</value>
         <object_component_ref idref="oc-434"/>
      </symbol>
      <symbol id="sm-509">
         <name>CAPT_getInterruptVector</name>
         <value>0xd9e4</value>
         <object_component_ref idref="oc-2e9"/>
      </symbol>
      <symbol id="sm-50a">
         <name>CAPT_init</name>
         <value>0xd8a6</value>
         <object_component_ref idref="oc-42a"/>
      </symbol>
      <symbol id="sm-50b">
         <name>CAPT_clearIFG</name>
         <value>0xd9de</value>
         <object_component_ref idref="oc-4bd"/>
      </symbol>
      <symbol id="sm-51b">
         <name>CAPT_getChecksum</name>
         <value>0xd904</value>
         <object_component_ref idref="oc-45b"/>
      </symbol>
      <symbol id="sm-51c">
         <name>CAPT_accessSpecialSensorParameter</name>
         <value>0xcb8c</value>
         <object_component_ref idref="oc-45a"/>
      </symbol>
      <symbol id="sm-55f">
         <name>CAPT_updateSensorTimeout</name>
         <value>0xd784</value>
         <object_component_ref idref="oc-508"/>
      </symbol>
      <symbol id="sm-560">
         <name>CAPT_updateSensor</name>
         <value>0xc8d2</value>
         <object_component_ref idref="oc-436"/>
      </symbol>
      <symbol id="sm-561">
         <name>CAPT_processSensor</name>
         <value>0xd1de</value>
         <object_component_ref idref="oc-4b9"/>
      </symbol>
      <symbol id="sm-562">
         <name>CAPT_flagAllElementsForReseed</name>
         <value>0xd4f8</value>
         <object_component_ref idref="oc-529"/>
      </symbol>
      <symbol id="sm-563">
         <name>CAPT_blockOnFlag</name>
         <value>0xd81a</value>
         <object_component_ref idref="oc-4ba"/>
      </symbol>
      <symbol id="sm-564">
         <name>CAPT_startConversionAndWaitUntilDone</name>
         <value>0xd7ec</value>
         <object_component_ref idref="oc-506"/>
      </symbol>
      <symbol id="sm-565">
         <name>CAPT_unloadCycle</name>
         <value>0xd6ce</value>
         <object_component_ref idref="oc-4bb"/>
      </symbol>
      <symbol id="sm-566">
         <name>CAPT_testForRecalibration</name>
         <value>0xd096</value>
         <object_component_ref idref="oc-445"/>
      </symbol>
      <symbol id="sm-567">
         <name>CAPT_initSensor</name>
         <value>0xd174</value>
         <object_component_ref idref="oc-42b"/>
      </symbol>
      <symbol id="sm-568">
         <name>CAPT_preProcessSlider</name>
         <value>0xd460</value>
         <object_component_ref idref="oc-509"/>
      </symbol>
      <symbol id="sm-569">
         <name>CAPT_loadCycle</name>
         <value>0xd540</value>
         <object_component_ref idref="oc-4bc"/>
      </symbol>
      <symbol id="sm-56a">
         <name>CAPT_updateSensorNoise</name>
         <value>0xd366</value>
         <object_component_ref idref="oc-507"/>
      </symbol>
      <symbol id="sm-56b">
         <name>CAPT_processFSMCycle</name>
         <value>0xd30e</value>
         <object_component_ref idref="oc-4b8"/>
      </symbol>
      <symbol id="sm-56c">
         <name>CAPT_testForNegativeTouchRecalibration</name>
         <value>0xd93c</value>
         <object_component_ref idref="oc-444"/>
      </symbol>
      <symbol id="sm-56d">
         <name>CAPT_testForMaxCountRecalibration</name>
         <value>0xd8c6</value>
         <object_component_ref idref="oc-443"/>
      </symbol>
      <symbol id="sm-594">
         <name>CS_clearAllOscFlagsWithTimeout</name>
         <value>0xd8e6</value>
         <object_component_ref idref="oc-3bb"/>
      </symbol>
      <symbol id="sm-595">
         <name>CS_initFLL</name>
         <value>0xcc98</value>
         <object_component_ref idref="oc-3ba"/>
      </symbol>
      <symbol id="sm-596">
         <name>CS_setExternalClockSource</name>
         <value>0xd9c2</value>
         <object_component_ref idref="oc-3b7"/>
      </symbol>
      <symbol id="sm-597">
         <name>CS_turnOnXT1LFWithTimeout</name>
         <value>0xd70c</value>
         <object_component_ref idref="oc-3b8"/>
      </symbol>
      <symbol id="sm-598">
         <name>CS_initClockSignal</name>
         <value>0xce12</value>
         <object_component_ref idref="oc-3b9"/>
      </symbol>
      <symbol id="sm-59b">
         <name>FRAMCtl_configureWaitStateControl</name>
         <value>0xd954</value>
         <object_component_ref idref="oc-3b6"/>
      </symbol>
      <symbol id="sm-5a2">
         <name>__TI_int41</name>
         <value>0xffda</value>
         <object_component_ref idref="oc-76"/>
      </symbol>
      <symbol id="sm-5a5">
         <name>__TI_int42</name>
         <value>0xffdc</value>
         <object_component_ref idref="oc-77"/>
      </symbol>
      <symbol id="sm-5a8">
         <name>__TI_int43</name>
         <value>0xffde</value>
         <object_component_ref idref="oc-78"/>
      </symbol>
      <symbol id="sm-5ab">
         <name>__TI_int44</name>
         <value>0xffe0</value>
         <object_component_ref idref="oc-79"/>
      </symbol>
      <symbol id="sm-5ae">
         <name>__TI_int45</name>
         <value>0xffe2</value>
         <object_component_ref idref="oc-7a"/>
      </symbol>
      <symbol id="sm-5b1">
         <name>__TI_int47</name>
         <value>0xffe6</value>
         <object_component_ref idref="oc-7c"/>
      </symbol>
      <symbol id="sm-5b4">
         <name>__TI_int48</name>
         <value>0xffe8</value>
         <object_component_ref idref="oc-7d"/>
      </symbol>
      <symbol id="sm-5b7">
         <name>__TI_int49</name>
         <value>0xffea</value>
         <object_component_ref idref="oc-7e"/>
      </symbol>
      <symbol id="sm-5ba">
         <name>__TI_int50</name>
         <value>0xffec</value>
         <object_component_ref idref="oc-7f"/>
      </symbol>
      <symbol id="sm-5bd">
         <name>__TI_int51</name>
         <value>0xffee</value>
         <object_component_ref idref="oc-80"/>
      </symbol>
      <symbol id="sm-5c0">
         <name>__TI_int52</name>
         <value>0xfff0</value>
         <object_component_ref idref="oc-81"/>
      </symbol>
      <symbol id="sm-5c3">
         <name>__TI_int53</name>
         <value>0xfff2</value>
         <object_component_ref idref="oc-82"/>
      </symbol>
      <symbol id="sm-5c6">
         <name>__TI_int54</name>
         <value>0xfff4</value>
         <object_component_ref idref="oc-83"/>
      </symbol>
      <symbol id="sm-5c9">
         <name>__TI_int55</name>
         <value>0xfff6</value>
         <object_component_ref idref="oc-84"/>
      </symbol>
      <symbol id="sm-5cc">
         <name>__TI_int56</name>
         <value>0xfff8</value>
         <object_component_ref idref="oc-85"/>
      </symbol>
      <symbol id="sm-5cf">
         <name>__TI_int57</name>
         <value>0xfffa</value>
         <object_component_ref idref="oc-86"/>
      </symbol>
      <symbol id="sm-5d2">
         <name>__TI_int58</name>
         <value>0xfffc</value>
         <object_component_ref idref="oc-87"/>
      </symbol>
      <symbol id="sm-5da">
         <name>__TI_ISR_TRAP</name>
         <value>0xd9d6</value>
         <object_component_ref idref="oc-28c"/>
      </symbol>
      <symbol id="sm-5fb">
         <name>_stack</name>
         <value>0x2f00</value>
         <object_component_ref idref="oc-26a"/>
      </symbol>
      <symbol id="sm-5fc">
         <name>_c_int00_noargs</name>
         <value>0xd920</value>
         <object_component_ref idref="oc-2a9"/>
      </symbol>
      <symbol id="sm-5fd">
         <name>_reset_vector</name>
         <value>0xfffe</value>
         <object_component_ref idref="oc-26d"/>
      </symbol>
      <symbol id="sm-61f">
         <name>__TI_auto_init_nobinit_nopinit_hold_wdt</name>
         <value>0xd40e</value>
         <object_component_ref idref="oc-38f"/>
      </symbol>
      <symbol id="sm-632">
         <name>__TI_zero_init_nomemset</name>
         <value>0xd96a</value>
         <object_component_ref idref="oc-297"/>
      </symbol>
      <symbol id="sm-63f">
         <name>_system_post_cinit</name>
         <value>0xd9f0</value>
         <object_component_ref idref="oc-3fa"/>
      </symbol>
      <symbol id="sm-655">
         <name>__TI_decompress_none</name>
         <value>0xd990</value>
         <object_component_ref idref="oc-6f"/>
      </symbol>
      <symbol id="sm-678">
         <name>__TI_decompress_lzss</name>
         <value>0xd106</value>
         <object_component_ref idref="oc-69"/>
      </symbol>
      <symbol id="sm-682">
         <name>C$$EXIT</name>
         <value>0xd9ea</value>
         <object_component_ref idref="oc-36b"/>
      </symbol>
      <symbol id="sm-683">
         <name>abort</name>
         <value>0xd9ea</value>
         <object_component_ref idref="oc-36b"/>
      </symbol>
      <symbol id="sm-693">
         <name>memcpy</name>
         <value>0xd9a2</value>
         <object_component_ref idref="oc-279"/>
      </symbol>
   </symbol_table>
   <title>Link successful</title>
</link_info>
