******************************************************************************
                  MSP430 Linker PC v21.6.1                     
******************************************************************************
>> Linked Wed Mar  4 17:22:52 2026

OUTPUT FILE NAME:   <8TX4RX_LM.out>
ENTRY POINT SYMBOL: "_c_int00_noargs"  address: 0000d950


MEMORY CONFIGURATION

         name            origin    length      used     unused   attr    fill
----------------------  --------  ---------  --------  --------  ----  --------
  SFR                   00000000   00000010  00000000  00000010  RWIX
  PERIPHERALS_8BIT      00000010   000000f0  00000000  000000f0  RWIX
  PERIPHERALS_16BIT     00000100   00000100  00000000  00000100  RWIX
  INFOA                 00001800   00000200  00000000  00000200  RWIX
  RAM                   00002000   00001000  000005f9  00000a07  RWIX
  FRAM                  0000c400   00003b80  00001622  0000255e  RWIX
  JTAGSIGNATURE         0000ff80   00000004  00000004  00000000  RWIX  ffff 
  BSLSIGNATURE          0000ff84   00000004  00000004  00000000  RWIX  ffff 
  INT00                 0000ff88   00000002  00000000  00000002  RWIX
  INT01                 0000ff8a   00000002  00000000  00000002  RWIX
  INT02                 0000ff8c   00000002  00000000  00000002  RWIX
  INT03                 0000ff8e   00000002  00000000  00000002  RWIX
  INT04                 0000ff90   00000002  00000000  00000002  RWIX
  INT05                 0000ff92   00000002  00000000  00000002  RWIX
  INT06                 0000ff94   00000002  00000000  00000002  RWIX
  INT07                 0000ff96   00000002  00000000  00000002  RWIX
  INT08                 0000ff98   00000002  00000000  00000002  RWIX
  INT09                 0000ff9a   00000002  00000000  00000002  RWIX
  INT10                 0000ff9c   00000002  00000000  00000002  RWIX
  INT11                 0000ff9e   00000002  00000000  00000002  RWIX
  INT12                 0000ffa0   00000002  00000000  00000002  RWIX
  INT13                 0000ffa2   00000002  00000000  00000002  RWIX
  INT14                 0000ffa4   00000002  00000000  00000002  RWIX
  INT15                 0000ffa6   00000002  00000000  00000002  RWIX
  INT16                 0000ffa8   00000002  00000000  00000002  RWIX
  INT17                 0000ffaa   00000002  00000000  00000002  RWIX
  INT18                 0000ffac   00000002  00000000  00000002  RWIX
  INT19                 0000ffae   00000002  00000000  00000002  RWIX
  INT20                 0000ffb0   00000002  00000000  00000002  RWIX
  INT21                 0000ffb2   00000002  00000000  00000002  RWIX
  INT22                 0000ffb4   00000002  00000000  00000002  RWIX
  INT23                 0000ffb6   00000002  00000000  00000002  RWIX
  INT24                 0000ffb8   00000002  00000000  00000002  RWIX
  INT25                 0000ffba   00000002  00000000  00000002  RWIX
  INT26                 0000ffbc   00000002  00000000  00000002  RWIX
  INT27                 0000ffbe   00000002  00000000  00000002  RWIX
  INT28                 0000ffc0   00000002  00000000  00000002  RWIX
  INT29                 0000ffc2   00000002  00000000  00000002  RWIX
  INT30                 0000ffc4   00000002  00000000  00000002  RWIX
  INT31                 0000ffc6   00000002  00000000  00000002  RWIX
  INT32                 0000ffc8   00000002  00000000  00000002  RWIX
  INT33                 0000ffca   00000002  00000000  00000002  RWIX
  INT34                 0000ffcc   00000002  00000000  00000002  RWIX
  INT35                 0000ffce   00000002  00000000  00000002  RWIX
  INT36                 0000ffd0   00000002  00000000  00000002  RWIX
  INT37                 0000ffd2   00000002  00000000  00000002  RWIX
  INT38                 0000ffd4   00000002  00000000  00000002  RWIX
  INT39                 0000ffd6   00000002  00000000  00000002  RWIX
  INT40                 0000ffd8   00000002  00000002  00000000  RWIX
  INT41                 0000ffda   00000002  00000002  00000000  RWIX
  INT42                 0000ffdc   00000002  00000002  00000000  RWIX
  INT43                 0000ffde   00000002  00000002  00000000  RWIX
  INT44                 0000ffe0   00000002  00000002  00000000  RWIX
  INT45                 0000ffe2   00000002  00000002  00000000  RWIX
  INT46                 0000ffe4   00000002  00000002  00000000  RWIX
  INT47                 0000ffe6   00000002  00000002  00000000  RWIX
  INT48                 0000ffe8   00000002  00000002  00000000  RWIX
  INT49                 0000ffea   00000002  00000002  00000000  RWIX
  INT50                 0000ffec   00000002  00000002  00000000  RWIX
  INT51                 0000ffee   00000002  00000002  00000000  RWIX
  INT52                 0000fff0   00000002  00000002  00000000  RWIX
  INT53                 0000fff2   00000002  00000002  00000000  RWIX
  INT54                 0000fff4   00000002  00000002  00000000  RWIX
  INT55                 0000fff6   00000002  00000002  00000000  RWIX
  INT56                 0000fff8   00000002  00000002  00000000  RWIX
  INT57                 0000fffa   00000002  00000002  00000000  RWIX
  INT58                 0000fffc   00000002  00000002  00000000  RWIX
  RESET                 0000fffe   00000002  00000002  00000000  RWIX


SECTION ALLOCATION MAP

 output                                  attributes/
section   page    origin      length       input sections
--------  ----  ----------  ----------   ----------------
.data      0    00002000    000002df     UNINITIALIZED
                  00002000    0000001e     CAPT_UserConfig.obj (.data:BTN01)
                  0000201e    0000001e     CAPT_UserConfig.obj (.data:BTN02)
                  0000203c    0000001e     CAPT_UserConfig.obj (.data:BTN03)
                  0000205a    0000001a     CAPT_UserConfig.obj (.data:BTN01_E00)
                  00002074    0000001a     CAPT_UserConfig.obj (.data:BTN01_E01)
                  0000208e    0000001a     CAPT_UserConfig.obj (.data:BTN01_E02)
                  000020a8    0000001a     CAPT_UserConfig.obj (.data:BTN01_E03)
                  000020c2    0000001a     CAPT_UserConfig.obj (.data:BTN02_E00)
                  000020dc    0000001a     CAPT_UserConfig.obj (.data:BTN02_E01)
                  000020f6    0000001a     CAPT_UserConfig.obj (.data:BTN02_E02)
                  00002110    0000001a     CAPT_UserConfig.obj (.data:BTN02_E03)
                  0000212a    0000001a     CAPT_UserConfig.obj (.data:BTN02_E04)
                  00002144    0000001a     CAPT_UserConfig.obj (.data:BTN02_E05)
                  0000215e    0000001a     CAPT_UserConfig.obj (.data:BTN02_E06)
                  00002178    0000001a     CAPT_UserConfig.obj (.data:BTN02_E07)
                  00002192    0000001a     CAPT_UserConfig.obj (.data:BTN02_E08)
                  000021ac    0000001a     CAPT_UserConfig.obj (.data:BTN02_E09)
                  000021c6    0000001a     CAPT_UserConfig.obj (.data:BTN03_E00)
                  000021e0    0000001a     CAPT_UserConfig.obj (.data:BTN03_E01)
                  000021fa    0000001a     CAPT_UserConfig.obj (.data:BTN03_E02)
                  00002214    0000001a     CAPT_UserConfig.obj (.data:BTN03_E03)
                  0000222e    0000001a     CAPT_UserConfig.obj (.data:BTN03_E04)
                  00002248    0000001a     CAPT_UserConfig.obj (.data:BTN03_E05)
                  00002262    0000000e     CAPT_UserConfig.obj (.data:g_uiApp)
                  00002270    0000000a     CAPT_UserConfig.obj (.data:BTN02_Cycles)
                  0000227a    00000006     CAPT_UserConfig.obj (.data:BTN03_Cycles)
                  00002280    00000006     CAPT_UserConfig.obj (.data:g_pCaptivateSensorArray)
                  00002286    00000004     CAPT_UserConfig.obj (.data:BTN01_C00)
                  0000228a    00000004     CAPT_UserConfig.obj (.data:BTN01_C00_Elements)
                  0000228e    00000004     CAPT_UserConfig.obj (.data:BTN01_C01)
                  00002292    00000004     CAPT_UserConfig.obj (.data:BTN01_C01_Elements)
                  00002296    00000004     CAPT_UserConfig.obj (.data:BTN01_Cycles)
                  0000229a    00000004     CAPT_UserConfig.obj (.data:BTN02_C00)
                  0000229e    00000004     CAPT_UserConfig.obj (.data:BTN02_C00_Elements)
                  000022a2    00000004     CAPT_UserConfig.obj (.data:BTN02_C01)
                  000022a6    00000004     CAPT_UserConfig.obj (.data:BTN02_C01_Elements)
                  000022aa    00000004     CAPT_UserConfig.obj (.data:BTN02_C02)
                  000022ae    00000004     CAPT_UserConfig.obj (.data:BTN02_C02_Elements)
                  000022b2    00000004     CAPT_UserConfig.obj (.data:BTN02_C03)
                  000022b6    00000004     CAPT_UserConfig.obj (.data:BTN02_C03_Elements)
                  000022ba    00000004     CAPT_UserConfig.obj (.data:BTN02_C04)
                  000022be    00000004     CAPT_UserConfig.obj (.data:BTN02_C04_Elements)
                  000022c2    00000004     CAPT_UserConfig.obj (.data:BTN03_C00)
                  000022c6    00000004     CAPT_UserConfig.obj (.data:BTN03_C00_Elements)
                  000022ca    00000004     CAPT_UserConfig.obj (.data:BTN03_C01)
                  000022ce    00000004     CAPT_UserConfig.obj (.data:BTN03_C01_Elements)
                  000022d2    00000004     CAPT_UserConfig.obj (.data:BTN03_C02)
                  000022d6    00000004     CAPT_UserConfig.obj (.data:BTN03_C02_Elements)
                  000022da    00000004     driverlib_fr2633_family.lib : cs.o (.data)
                  000022de    00000001     CAPT_App.obj (.data)

.TI.persistent 
*          0    0000c400    00000000     UNINITIALIZED

.cinit     0    0000c400    0000018a     
                  0000c400    00000178     (.cinit..data.load) [load image, compression = lzss]
                  0000c578    00000006     (__TI_handler_table)
                  0000c57e    00000004     (.cinit..bss.load) [load image, compression = zero_init]
                  0000c582    00000008     (__TI_cinit_table)

.pinit     0    0000c58a    00000000     UNINITIALIZED

.binit     0    0000c58a    00000000     

.init_array 
*          0    0000c58a    00000000     UNINITIALIZED

.mspabi.exidx 
*          0    0000c58a    00000000     UNINITIALIZED

.mspabi.extab 
*          0    0000c58a    00000000     UNINITIALIZED

.const     0    0000c58a    00000014     
                  0000c58a    00000014     CAPT_Interface.obj (.const:g_UARTPort)

.text      0    0000c59e    00001484     
                  0000c59e    000001c8     captivate_fr2633_family.lib : CAPT_Calibration.o (.text:CAPT_calibrateGain)
                  0000c766    0000019c                                 : CAPT_Calibration.o (.text:CAPT_calibrateOffset)
                  0000c902    00000164                                 : CAPT_Touch.o (.text:CAPT_updateSensor)
                  0000ca66    00000156     CAPT_Interface.obj (.text:CAPT_accessControllerParameter)
                  0000cbbc    0000010c     captivate_fr2633_family.lib : CAPT_Protocol.o (.text:CAPT_accessSpecialSensorParameter)
                  0000ccc8    000000c4     driverlib_fr2633_family.lib : cs.o (.text:CS_initFLL)
                  0000cd8c    000000b6     UART.obj (.text:UART_ISR)
                  0000ce42    000000b4     driverlib_fr2633_family.lib : cs.o (.text:CS_initClockSignal)
                  0000cef6    000000b0     CAPT_Interface.obj (.text:CAPT_checkForInboundPacket)
                  0000cfa6    000000a8     CAPT_BSP.obj (.text:BSP_configureMCU)
                  0000d04e    00000078     CAPT_Interface.obj (.text:CAPT_writeElementData)
                  0000d0c6    00000070     captivate_fr2633_family.lib : CAPT_Touch.o (.text:CAPT_testForRecalibration)
                  0000d136    0000006e     rts430x_sc_sd_eabi.lib : copy_decompress_lzss.c.obj (.text:decompress:lzss:__TI_decompress_lzss)
                  0000d1a4    0000006a     captivate_fr2633_family.lib : CAPT_Touch.o (.text:CAPT_initSensor)
                  0000d20e    0000006a                                 : CAPT_Touch.o (.text:CAPT_processSensor)
                  0000d278    00000064     CAPT_Manager.obj (.text:CAPT_updateUI)
                  0000d2dc    00000062     UART.obj (.text:UART_openPort)
                  0000d33e    00000058     captivate_fr2633_family.lib : CAPT_Touch.o (.text:CAPT_processFSMCycle)
                  0000d396    00000056                                 : CAPT_Touch.o (.text:CAPT_updateSensorNoise)
                  0000d3ec    00000052     CAPT_Interface.obj (.text:CAPT_writeSensorData)
                  0000d43e    00000052     rts430x_sc_sd_eabi.lib : autoinit.c.obj (.text:__TI_auto_init_nobinit_nopinit_hold_wdt:__TI_auto_init_nobinit_nopinit_hold_wdt)
                  0000d490    0000004e     captivate_fr2633_family.lib : CAPT_Touch.o (.text:CAPT_preProcessSlider)
                  0000d4de    0000004a     CAPT_Interface.obj (.text:CAPT_initCommInterface)
                  0000d528    00000048     captivate_fr2633_family.lib : CAPT_Touch.o (.text:CAPT_flagAllElementsForReseed)
                  0000d570    00000048                                 : CAPT_Touch.o (.text:CAPT_loadCycle)
                  0000d5b8    00000046     CAPT_Manager.obj (.text:CAPT_initUI)
                  0000d5fe    00000042     UART.obj (.text:UART_transmitBuffer)
                  0000d640    00000040     CAPT_ISR.obj (.text:CAPT_ISR)
                  0000d680    00000040     main.obj (.text:main)
                  0000d6c0    0000003e     CAPT_App.obj (.text:CAPT_appHandler)
                  0000d6fe    0000003e     captivate_fr2633_family.lib : CAPT_Touch.o (.text:CAPT_unloadCycle)
                  0000d73c    0000003e     driverlib_fr2633_family.lib : cs.o (.text:CS_turnOnXT1LFWithTimeout)
                  0000d77a    0000003a     CAPT_App.obj (.text:CAPT_appStart)
                  0000d7b4    00000036     captivate_fr2633_family.lib : CAPT_Touch.o (.text:CAPT_updateSensorTimeout)
                  0000d7ea    00000032     CAPT_App.obj (.text:CAPT_appSleep)
                  0000d81c    0000002e     captivate_fr2633_family.lib : CAPT_Touch.o (.text:CAPT_startConversionAndWaitUntilDone)
                  0000d84a    00000026                                 : CAPT_Touch.o (.text:CAPT_blockOnFlag)
                  0000d870    00000024     CAPT_Manager.obj (.text:CAPT_getGlobalUIProximityStatus)
                  0000d894    00000022     captivate_fr2633_family.lib : CAPT_Calibration.o (.text:CAPT_calibrateSensor)
                  0000d8b6    00000020     CAPT_Manager.obj (.text:CAPT_calibrateUI)
                  0000d8d6    00000020     captivate_fr2633_family.lib : CAPT_HAL.o (.text:CAPT_init)
                  0000d8f6    00000020                                 : CAPT_Touch.o (.text:CAPT_testForMaxCountRecalibration)
                  0000d916    0000001e     driverlib_fr2633_family.lib : cs.o (.text:CS_clearAllOscFlagsWithTimeout)
                  0000d934    0000001c     captivate_fr2633_family.lib : CAPT_Protocol.o (.text:CAPT_getChecksum)
                  0000d950    0000001c     rts430x_sc_sd_eabi.lib : boot.c.obj (.text:_c_int00_noargs)
                  0000d96c    00000018     captivate_fr2633_family.lib : CAPT_Touch.o (.text:CAPT_testForNegativeTouchRecalibration)
                  0000d984    00000016     driverlib_fr2633_family.lib : framctl.o (.text:FRAMCtl_configureWaitStateControl)
                  0000d99a    00000014     rts430x_sc_sd_eabi.lib : copy_zero_init.c.obj (.text:decompress:ZI:__TI_zero_init_nomemset:__TI_zero_init_nomemset)
                  0000d9ae    00000012     CAPT_Interface.obj (.text:CAPT_checkForRecalibrationRequest)
                  0000d9c0    00000012     rts430x_sc_sd_eabi.lib : copy_decompress_none.c.obj (.text:decompress:none:__TI_decompress_none)
                  0000d9d2    00000012                            : memcpy.c.obj (.text:memcpy)
                  0000d9e4    0000000e     CAPT_Interface.obj (.text:CAPT_UARTReceiveHandler)
                  0000d9f2    0000000a     driverlib_fr2633_family.lib : cs.o (.text:CS_setExternalClockSource)
                  0000d9fc    0000000a     CAPT_BSP.obj (.text:_system_pre_init)
                  0000da06    00000008     rts430x_sc_sd_eabi.lib : isr_trap.asm.obj (.text:_isr:__TI_ISR_TRAP)
                  0000da0e    00000006     captivate_fr2633_family.lib : CAPT_HAL.o (.text:CAPT_clearIFG)
                  0000da14    00000006                                 : CAPT_HAL.o (.text:CAPT_getInterruptVector)
                  0000da1a    00000006     rts430x_sc_sd_eabi.lib : exit.c.obj (.text:abort)
                  0000da20    00000002                            : startup.c.obj (.text:_system_post_cinit)

.bss       0    000022e0    0000021a     UNINITIALIZED
                  000022e0    00000100     CAPT_Interface.obj (.bss:g_ui8QueueBuffer)
                  000023e0    00000030     CAPT_Interface.obj (.bss:g_ui8TransmitBuffer_ping)
                  00002410    00000030     CAPT_Interface.obj (.bss:g_ui8TransmitBuffer_pong)
                  00002440    0000000c     CAPT_Interface.obj (.bss:g_parameterPacket)
                  0000244c    00000008     CAPT_Interface.obj (.bss:g_ReceiveQueue)
                  00002454    00000008     (.common:BTN01_Params)
                  0000245c    00000008     (.common:BTN02_Params)
                  00002464    00000008     (.common:BTN03_Params)
                  0000246c    00000004     CAPT_Interface.obj (.bss)
                  00002470    00000004     CAPT_Interface.obj (.bss:g_PingPongBuffer)
                  00002474    00000004     (.common:BTN01_E00_Tuning)
                  00002478    00000004     (.common:BTN01_E01_Tuning)
                  0000247c    00000004     (.common:BTN01_E02_Tuning)
                  00002480    00000004     (.common:BTN01_E03_Tuning)
                  00002484    00000004     (.common:BTN02_E00_Tuning)
                  00002488    00000004     (.common:BTN02_E01_Tuning)
                  0000248c    00000004     (.common:BTN02_E02_Tuning)
                  00002490    00000004     (.common:BTN02_E03_Tuning)
                  00002494    00000004     (.common:BTN02_E04_Tuning)
                  00002498    00000004     (.common:BTN02_E05_Tuning)
                  0000249c    00000004     (.common:BTN02_E06_Tuning)
                  000024a0    00000004     (.common:BTN02_E07_Tuning)
                  000024a4    00000004     (.common:BTN02_E08_Tuning)
                  000024a8    00000004     (.common:BTN02_E09_Tuning)
                  000024ac    00000004     (.common:BTN03_E00_Tuning)
                  000024b0    00000004     (.common:BTN03_E01_Tuning)
                  000024b4    00000004     (.common:BTN03_E02_Tuning)
                  000024b8    00000004     (.common:BTN03_E03_Tuning)
                  000024bc    00000004     (.common:BTN03_E04_Tuning)
                  000024c0    00000004     (.common:BTN03_E05_Tuning)
                  000024c4    00000002     CAPT_Interface.obj (.bss:g_protocolProcessingVars)
                  000024c6    00000002     (.common:BTN01_E00_RawCnts)
                  000024c8    00000002     (.common:BTN01_E01_RawCnts)
                  000024ca    00000002     (.common:BTN01_E02_RawCnts)
                  000024cc    00000002     (.common:BTN01_E03_RawCnts)
                  000024ce    00000002     (.common:BTN02_E00_RawCnts)
                  000024d0    00000002     (.common:BTN02_E01_RawCnts)
                  000024d2    00000002     (.common:BTN02_E02_RawCnts)
                  000024d4    00000002     (.common:BTN02_E03_RawCnts)
                  000024d6    00000002     (.common:BTN02_E04_RawCnts)
                  000024d8    00000002     (.common:BTN02_E05_RawCnts)
                  000024da    00000002     (.common:BTN02_E06_RawCnts)
                  000024dc    00000002     (.common:BTN02_E07_RawCnts)
                  000024de    00000002     (.common:BTN02_E08_RawCnts)
                  000024e0    00000002     (.common:BTN02_E09_RawCnts)
                  000024e2    00000002     (.common:BTN03_E00_RawCnts)
                  000024e4    00000002     (.common:BTN03_E01_RawCnts)
                  000024e6    00000002     (.common:BTN03_E02_RawCnts)
                  000024e8    00000002     (.common:BTN03_E03_RawCnts)
                  000024ea    00000002     (.common:BTN03_E04_RawCnts)
                  000024ec    00000002     (.common:BTN03_E05_RawCnts)
                  000024ee    00000002     (.common:g_pUARTPort)
                  000024f0    00000002     (.common:g_pUARTTransmitPtr)
                  000024f2    00000002     (.common:g_ui16UARTTransmitBytesLeft)
                  000024f4    00000001     (.common:g_UARTStatus)
                  000024f5    00000001     (.common:g_bConvCounterFlag)
                  000024f6    00000001     (.common:g_bConvTimerFlag)
                  000024f7    00000001     (.common:g_bDetectionFlag)
                  000024f8    00000001     (.common:g_bEndOfConversionFlag)
                  000024f9    00000001     (.common:g_bMaxCountErrorFlag)

.stack     0    00002f00    00000100     UNINITIALIZED
                  00002f00    00000002     rts430x_sc_sd_eabi.lib : boot.c.obj (.stack)
                  00002f02    000000fe     --HOLE--

CAPTIVATE 
*          0    0000ffd8    00000002     
                  0000ffd8    00000002     CAPT_ISR.obj (.int40)

PORT2      0    0000ffda    00000002     
                  0000ffda    00000002     rts430x_sc_sd_eabi.lib : int41.asm.obj (.int41)

PORT1      0    0000ffdc    00000002     
                  0000ffdc    00000002     rts430x_sc_sd_eabi.lib : int42.asm.obj (.int42)

ADC        0    0000ffde    00000002     
                  0000ffde    00000002     rts430x_sc_sd_eabi.lib : int43.asm.obj (.int43)

USCI_B0    0    0000ffe0    00000002     
                  0000ffe0    00000002     rts430x_sc_sd_eabi.lib : int44.asm.obj (.int44)

USCI_A1    0    0000ffe2    00000002     
                  0000ffe2    00000002     rts430x_sc_sd_eabi.lib : int45.asm.obj (.int45)

USCI_A0    0    0000ffe4    00000002     
                  0000ffe4    00000002     UART.obj (.int46)

WDT        0    0000ffe6    00000002     
                  0000ffe6    00000002     rts430x_sc_sd_eabi.lib : int47.asm.obj (.int47)

RTC        0    0000ffe8    00000002     
                  0000ffe8    00000002     rts430x_sc_sd_eabi.lib : int48.asm.obj (.int48)

TIMER3_A1 
*          0    0000ffea    00000002     
                  0000ffea    00000002     rts430x_sc_sd_eabi.lib : int49.asm.obj (.int49)

TIMER3_A0 
*          0    0000ffec    00000002     
                  0000ffec    00000002     rts430x_sc_sd_eabi.lib : int50.asm.obj (.int50)

TIMER2_A1 
*          0    0000ffee    00000002     
                  0000ffee    00000002     rts430x_sc_sd_eabi.lib : int51.asm.obj (.int51)

TIMER2_A0 
*          0    0000fff0    00000002     
                  0000fff0    00000002     rts430x_sc_sd_eabi.lib : int52.asm.obj (.int52)

TIMER1_A1 
*          0    0000fff2    00000002     
                  0000fff2    00000002     rts430x_sc_sd_eabi.lib : int53.asm.obj (.int53)

TIMER1_A0 
*          0    0000fff4    00000002     
                  0000fff4    00000002     rts430x_sc_sd_eabi.lib : int54.asm.obj (.int54)

TIMER0_A1 
*          0    0000fff6    00000002     
                  0000fff6    00000002     rts430x_sc_sd_eabi.lib : int55.asm.obj (.int55)

TIMER0_A0 
*          0    0000fff8    00000002     
                  0000fff8    00000002     rts430x_sc_sd_eabi.lib : int56.asm.obj (.int56)

UNMI       0    0000fffa    00000002     
                  0000fffa    00000002     rts430x_sc_sd_eabi.lib : int57.asm.obj (.int57)

SYSNMI     0    0000fffc    00000002     
                  0000fffc    00000002     rts430x_sc_sd_eabi.lib : int58.asm.obj (.int58)

.reset     0    0000fffe    00000002     
                  0000fffe    00000002     rts430x_sc_sd_eabi.lib : boot.c.obj (.reset)

$fill000   0    0000ff80    00000004     
                  0000ff80    00000004     --HOLE-- [fill = ffff]

$fill001   0    0000ff84    00000004     
                  0000ff84    00000004     --HOLE-- [fill = ffff]

MODULE SUMMARY

       Module                       code   ro data   rw data
       ------                       ----   -------   -------
    .\
       main.obj                     64     0         0      
    +--+----------------------------+------+---------+---------+
       Total:                       64     0         0      
                                                            
    .\captivate\ADVANCED\
       CAPT_Manager.obj             238    0         0      
    +--+----------------------------+------+---------+---------+
       Total:                       238    0         0      
                                                            
    .\captivate\BASE\
       CAPT_ISR.obj                 64     2         5      
    +--+----------------------------+------+---------+---------+
       Total:                       64     2         5      
                                                            
    .\captivate\COMM\
       CAPT_Interface.obj           826    20        382    
       UART.obj                     346    2         7      
    +--+----------------------------+------+---------+---------+
       Total:                       1172   22        389    
                                                            
    .\captivate_app\
       CAPT_BSP.obj                 178    0         0      
       CAPT_App.obj                 170    0         1      
    +--+----------------------------+------+---------+---------+
       Total:                       348    0         1      
                                                            
    .\captivate_config\
       CAPT_UserConfig.obj          0      0         874    
    +--+----------------------------+------+---------+---------+
       Total:                       0      0         874    
                                                            
    ../captivate/BASE/libraries/captivate_fr2633_family.lib
       CAPT_Touch.o                 1332   0         0      
       CAPT_Calibration.o           902    0         0      
       CAPT_Protocol.o              296    0         0      
       CAPT_HAL.o                   44     0         0      
    +--+----------------------------+------+---------+---------+
       Total:                       2574   0         0      
                                                            
    ../driverlib/MSP430FR2xx_4xx/libraries/driverlib_fr2633_family.lib
       cs.o                         478    0         4      
       framctl.o                    22     0         0      
    +--+----------------------------+------+---------+---------+
       Total:                       500    0         4      
                                                            
    C:\ti\ccs2041\ccs\tools\compiler\ti-cgt-msp430_21.6.1.LTS\lib\rts430x_sc_sd_eabi.lib
       copy_decompress_lzss.c.obj   110    0         0      
       autoinit.c.obj               82     0         0      
       boot.c.obj                   28     2         0      
       copy_zero_init.c.obj         20     0         0      
       copy_decompress_none.c.obj   18     0         0      
       memcpy.c.obj                 18     0         0      
       isr_trap.asm.obj             8      0         0      
       exit.c.obj                   6      0         0      
       int41.asm.obj                0      2         0      
       int42.asm.obj                0      2         0      
       int43.asm.obj                0      2         0      
       int44.asm.obj                0      2         0      
       int45.asm.obj                0      2         0      
       int47.asm.obj                0      2         0      
       int48.asm.obj                0      2         0      
       int49.asm.obj                0      2         0      
       int50.asm.obj                0      2         0      
       int51.asm.obj                0      2         0      
       int52.asm.obj                0      2         0      
       int53.asm.obj                0      2         0      
       int54.asm.obj                0      2         0      
       int55.asm.obj                0      2         0      
       int56.asm.obj                0      2         0      
       int57.asm.obj                0      2         0      
       int58.asm.obj                0      2         0      
       startup.c.obj                2      0         0      
    +--+----------------------------+------+---------+---------+
       Total:                       292    36        0      
                                                            
       Stack:                       0      0         256    
       Linker Generated:            0      394       0      
    +--+----------------------------+------+---------+---------+
       Grand Total:                 5252   454       1529   


LINKER GENERATED COPY TABLES

__TI_cinit_table @ 0000c582 records: 2, size/record: 4, table size: 8
	.data: load addr=0000c400, load size=00000178 bytes, run addr=00002000, run size=000002df bytes, compression=lzss
	.bss: load addr=0000c57e, load size=00000004 bytes, run addr=000022e0, run size=0000021a bytes, compression=zero_init


LINKER GENERATED HANDLER TABLE

__TI_handler_table @ 0000c578 records: 3, size/record: 2, table size: 6
	index: 0, handler: __TI_zero_init
	index: 1, handler: __TI_decompress_lzss
	index: 2, handler: __TI_decompress_none


GLOBAL SYMBOLS: SORTED ALPHABETICALLY BY Name 

address   name                                   
-------   ----                                   
00000700  ADCCTL0                                
00000701  ADCCTL0_H                              
00000700  ADCCTL0_L                              
00000702  ADCCTL1                                
00000703  ADCCTL1_H                              
00000702  ADCCTL1_L                              
00000704  ADCCTL2                                
00000705  ADCCTL2_H                              
00000704  ADCCTL2_L                              
00000708  ADCHI                                  
00000709  ADCHI_H                                
00000708  ADCHI_L                                
0000071a  ADCIE                                  
0000071b  ADCIE_H                                
0000071a  ADCIE_L                                
0000071c  ADCIFG                                 
0000071d  ADCIFG_H                               
0000071c  ADCIFG_L                               
0000071e  ADCIV                                  
0000071f  ADCIV_H                                
0000071e  ADCIV_L                                
00000706  ADCLO                                  
00000707  ADCLO_H                                
00000706  ADCLO_L                                
0000070a  ADCMCTL0                               
0000070b  ADCMCTL0_H                             
0000070a  ADCMCTL0_L                             
00000712  ADCMEM0                                
00000713  ADCMEM0_H                              
00000712  ADCMEM0_L                              
00000660  BAKMEM0                                
00000661  BAKMEM0_H                              
00000660  BAKMEM0_L                              
00000662  BAKMEM1                                
00000674  BAKMEM10                               
00000675  BAKMEM10_H                             
00000674  BAKMEM10_L                             
00000676  BAKMEM11                               
00000677  BAKMEM11_H                             
00000676  BAKMEM11_L                             
00000678  BAKMEM12                               
00000679  BAKMEM12_H                             
00000678  BAKMEM12_L                             
0000067a  BAKMEM13                               
0000067b  BAKMEM13_H                             
0000067a  BAKMEM13_L                             
0000067c  BAKMEM14                               
0000067d  BAKMEM14_H                             
0000067c  BAKMEM14_L                             
0000067e  BAKMEM15                               
0000067f  BAKMEM15_H                             
0000067e  BAKMEM15_L                             
00000663  BAKMEM1_H                              
00000662  BAKMEM1_L                              
00000664  BAKMEM2                                
00000665  BAKMEM2_H                              
00000664  BAKMEM2_L                              
00000666  BAKMEM3                                
00000667  BAKMEM3_H                              
00000666  BAKMEM3_L                              
00000668  BAKMEM4                                
00000669  BAKMEM4_H                              
00000668  BAKMEM4_L                              
0000066a  BAKMEM5                                
0000066b  BAKMEM5_H                              
0000066a  BAKMEM5_L                              
0000066c  BAKMEM6                                
0000066d  BAKMEM6_H                              
0000066c  BAKMEM6_L                              
0000066e  BAKMEM7                                
0000066f  BAKMEM7_H                              
0000066e  BAKMEM7_L                              
00000670  BAKMEM8                                
00000671  BAKMEM8_H                              
00000670  BAKMEM8_L                              
00000672  BAKMEM9                                
00000673  BAKMEM9_H                              
00000672  BAKMEM9_L                              
0000cfa6  BSP_configureMCU                       
00002000  BTN01                                  
00002286  BTN01_C00                              
0000228a  BTN01_C00_Elements                     
0000228e  BTN01_C01                              
00002292  BTN01_C01_Elements                     
00002296  BTN01_Cycles                           
0000205a  BTN01_E00                              
000024c6  BTN01_E00_RawCnts                      
00002474  BTN01_E00_Tuning                       
00002074  BTN01_E01                              
000024c8  BTN01_E01_RawCnts                      
00002478  BTN01_E01_Tuning                       
0000208e  BTN01_E02                              
000024ca  BTN01_E02_RawCnts                      
0000247c  BTN01_E02_Tuning                       
000020a8  BTN01_E03                              
000024cc  BTN01_E03_RawCnts                      
00002480  BTN01_E03_Tuning                       
00002454  BTN01_Params                           
0000201e  BTN02                                  
0000229a  BTN02_C00                              
0000229e  BTN02_C00_Elements                     
000022a2  BTN02_C01                              
000022a6  BTN02_C01_Elements                     
000022aa  BTN02_C02                              
000022ae  BTN02_C02_Elements                     
000022b2  BTN02_C03                              
000022b6  BTN02_C03_Elements                     
000022ba  BTN02_C04                              
000022be  BTN02_C04_Elements                     
00002270  BTN02_Cycles                           
000020c2  BTN02_E00                              
000024ce  BTN02_E00_RawCnts                      
00002484  BTN02_E00_Tuning                       
000020dc  BTN02_E01                              
000024d0  BTN02_E01_RawCnts                      
00002488  BTN02_E01_Tuning                       
000020f6  BTN02_E02                              
000024d2  BTN02_E02_RawCnts                      
0000248c  BTN02_E02_Tuning                       
00002110  BTN02_E03                              
000024d4  BTN02_E03_RawCnts                      
00002490  BTN02_E03_Tuning                       
0000212a  BTN02_E04                              
000024d6  BTN02_E04_RawCnts                      
00002494  BTN02_E04_Tuning                       
00002144  BTN02_E05                              
000024d8  BTN02_E05_RawCnts                      
00002498  BTN02_E05_Tuning                       
0000215e  BTN02_E06                              
000024da  BTN02_E06_RawCnts                      
0000249c  BTN02_E06_Tuning                       
00002178  BTN02_E07                              
000024dc  BTN02_E07_RawCnts                      
000024a0  BTN02_E07_Tuning                       
00002192  BTN02_E08                              
000024de  BTN02_E08_RawCnts                      
000024a4  BTN02_E08_Tuning                       
000021ac  BTN02_E09                              
000024e0  BTN02_E09_RawCnts                      
000024a8  BTN02_E09_Tuning                       
0000245c  BTN02_Params                           
0000203c  BTN03                                  
000022c2  BTN03_C00                              
000022c6  BTN03_C00_Elements                     
000022ca  BTN03_C01                              
000022ce  BTN03_C01_Elements                     
000022d2  BTN03_C02                              
000022d6  BTN03_C02_Elements                     
0000227a  BTN03_Cycles                           
000021c6  BTN03_E00                              
000024e2  BTN03_E00_RawCnts                      
000024ac  BTN03_E00_Tuning                       
000021e0  BTN03_E01                              
000024e4  BTN03_E01_RawCnts                      
000024b0  BTN03_E01_Tuning                       
000021fa  BTN03_E02                              
000024e6  BTN03_E02_RawCnts                      
000024b4  BTN03_E02_Tuning                       
00002214  BTN03_E03                              
000024e8  BTN03_E03_RawCnts                      
000024b8  BTN03_E03_Tuning                       
0000222e  BTN03_E04                              
000024ea  BTN03_E04_RawCnts                      
000024bc  BTN03_E04_Tuning                       
00002248  BTN03_E05                              
000024ec  BTN03_E05_RawCnts                      
000024c0  BTN03_E05_Tuning                       
00002464  BTN03_Params                           
0000da1a  C$$EXIT                                
00000b20  CAPIE                                  
00000b21  CAPIE_H                                
00000b20  CAPIE_L                                
00000b22  CAPIFG                                 
00000b23  CAPIFG_H                               
00000b22  CAPIFG_L                               
00000b24  CAPIV                                  
00000b25  CAPIV_H                                
00000b24  CAPIV_L                                
0000d640  CAPT_ISR                               
0000cbbc  CAPT_accessSpecialSensorParameter      
0000d6c0  CAPT_appHandler                        
0000d7ea  CAPT_appSleep                          
0000d77a  CAPT_appStart                          
0000d84a  CAPT_blockOnFlag                       
0000c59e  CAPT_calibrateGain                     
0000c766  CAPT_calibrateOffset                   
0000d894  CAPT_calibrateSensor                   
0000d8b6  CAPT_calibrateUI                       
0000cef6  CAPT_checkForInboundPacket             
0000d9ae  CAPT_checkForRecalibrationRequest      
0000da0e  CAPT_clearIFG                          
0000d528  CAPT_flagAllElementsForReseed          
0000d934  CAPT_getChecksum                       
0000d870  CAPT_getGlobalUIProximityStatus        
0000da14  CAPT_getInterruptVector                
0000d8d6  CAPT_init                              
0000d4de  CAPT_initCommInterface                 
0000d1a4  CAPT_initSensor                        
0000d5b8  CAPT_initUI                            
0000d570  CAPT_loadCycle                         
0000d490  CAPT_preProcessSlider                  
0000d33e  CAPT_processFSMCycle                   
0000d20e  CAPT_processSensor                     
0000d81c  CAPT_startConversionAndWaitUntilDone   
0000d8f6  CAPT_testForMaxCountRecalibration      
0000d96c  CAPT_testForNegativeTouchRecalibration 
0000d0c6  CAPT_testForRecalibration              
0000d6fe  CAPT_unloadCycle                       
0000c902  CAPT_updateSensor                      
0000d396  CAPT_updateSensorNoise                 
0000d7b4  CAPT_updateSensorTimeout               
0000d278  CAPT_updateUI                          
0000d04e  CAPT_writeElementData                  
0000d3ec  CAPT_writeSensorData                   
000001c0  CRCDI                                  
000001c2  CRCDIRB                                
000001c3  CRCDIRB_H                              
000001c2  CRCDIRB_L                              
000001c1  CRCDI_H                                
000001c0  CRCDI_L                                
000001c4  CRCINIRES                              
000001c5  CRCINIRES_H                            
000001c4  CRCINIRES_L                            
000001c6  CRCRESR                                
000001c7  CRCRESR_H                              
000001c6  CRCRESR_L                              
00000180  CSCTL0                                 
00000181  CSCTL0_H                               
00000180  CSCTL0_L                               
00000182  CSCTL1                                 
00000183  CSCTL1_H                               
00000182  CSCTL1_L                               
00000184  CSCTL2                                 
00000185  CSCTL2_H                               
00000184  CSCTL2_L                               
00000186  CSCTL3                                 
00000187  CSCTL3_H                               
00000186  CSCTL3_L                               
00000188  CSCTL4                                 
00000189  CSCTL4_H                               
00000188  CSCTL4_L                               
0000018a  CSCTL5                                 
0000018b  CSCTL5_H                               
0000018a  CSCTL5_L                               
0000018c  CSCTL6                                 
0000018d  CSCTL6_H                               
0000018c  CSCTL6_L                               
0000018e  CSCTL7                                 
0000018f  CSCTL7_H                               
0000018e  CSCTL7_L                               
00000190  CSCTL8                                 
00000191  CSCTL8_H                               
00000190  CSCTL8_L                               
0000d916  CS_clearAllOscFlagsWithTimeout         
0000ce42  CS_initClockSignal                     
0000ccc8  CS_initFLL                             
0000d9f2  CS_setExternalClockSource              
0000d73c  CS_turnOnXT1LFWithTimeout              
0000d984  FRAMCtl_configureWaitStateControl      
000001a0  FRCTL0                                 
000001a1  FRCTL0_H                               
000001a0  FRCTL0_L                               
000001a4  GCCTL0                                 
000001a5  GCCTL0_H                               
000001a4  GCCTL0_L                               
000001a6  GCCTL1                                 
000001a7  GCCTL1_H                               
000001a6  GCCTL1_L                               
000004c4  MAC                                    
000004da  MAC32H                                 
000004db  MAC32H_H                               
000004da  MAC32H_L                               
000004d8  MAC32L                                 
000004d9  MAC32L_H                               
000004d8  MAC32L_L                               
000004c6  MACS                                   
000004de  MACS32H                                
000004df  MACS32H_H                              
000004de  MACS32H_L                              
000004dc  MACS32L                                
000004dd  MACS32L_H                              
000004dc  MACS32L_L                              
000004c7  MACS_H                                 
000004c6  MACS_L                                 
000004c5  MAC_H                                  
000004c4  MAC_L                                  
000004c0  MPY                                    
000004ec  MPY32CTL0                              
000004ed  MPY32CTL0_H                            
000004ec  MPY32CTL0_L                            
000004d2  MPY32H                                 
000004d3  MPY32H_H                               
000004d2  MPY32H_L                               
000004d0  MPY32L                                 
000004d1  MPY32L_H                               
000004d0  MPY32L_L                               
000004c2  MPYS                                   
000004d6  MPYS32H                                
000004d7  MPYS32H_H                              
000004d6  MPYS32H_L                              
000004d4  MPYS32L                                
000004d5  MPYS32L_H                              
000004d4  MPYS32L_L                              
000004c3  MPYS_H                                 
000004c2  MPYS_L                                 
000004c1  MPY_H                                  
000004c0  MPY_L                                  
000004c8  OP2                                    
000004e2  OP2H                                   
000004e3  OP2H_H                                 
000004e2  OP2H_L                                 
000004e0  OP2L                                   
000004e1  OP2L_H                                 
000004e0  OP2L_L                                 
000004c9  OP2_H                                  
000004c8  OP2_L                                  
0000020e  P1IV                                   
0000021e  P2IV                                   
00000204  PADIR                                  
00000205  PADIR_H                                
00000204  PADIR_L                                
0000021a  PAIE                                   
00000218  PAIES                                  
00000219  PAIES_H                                
00000218  PAIES_L                                
0000021b  PAIE_H                                 
0000021a  PAIE_L                                 
0000021c  PAIFG                                  
0000021d  PAIFG_H                                
0000021c  PAIFG_L                                
00000200  PAIN                                   
00000201  PAIN_H                                 
00000200  PAIN_L                                 
00000202  PAOUT                                  
00000203  PAOUT_H                                
00000202  PAOUT_L                                
00000206  PAREN                                  
00000207  PAREN_H                                
00000206  PAREN_L                                
0000020a  PASEL0                                 
0000020b  PASEL0_H                               
0000020a  PASEL0_L                               
0000020c  PASEL1                                 
0000020d  PASEL1_H                               
0000020c  PASEL1_L                               
00000224  PBDIR                                  
00000225  PBDIR_H                                
00000224  PBDIR_L                                
00000220  PBIN                                   
00000221  PBIN_H                                 
00000220  PBIN_L                                 
00000222  PBOUT                                  
00000223  PBOUT_H                                
00000222  PBOUT_L                                
00000226  PBREN                                  
00000227  PBREN_H                                
00000226  PBREN_L                                
0000022a  PBSEL0                                 
0000022b  PBSEL0_H                               
0000022a  PBSEL0_L                               
0000022c  PBSEL1                                 
0000022d  PBSEL1_H                               
0000022c  PBSEL1_L                               
00000130  PM5CTL0                                
00000131  PM5CTL0_H                              
00000130  PM5CTL0_L                              
00000120  PMMCTL0                                
00000121  PMMCTL0_H                              
00000120  PMMCTL0_L                              
00000122  PMMCTL1                                
00000123  PMMCTL1_H                              
00000122  PMMCTL1_L                              
00000124  PMMCTL2                                
00000125  PMMCTL2_H                              
00000124  PMMCTL2_L                              
0000012e  PMMIE                                  
0000012f  PMMIE_H                                
0000012e  PMMIE_L                                
0000012a  PMMIFG                                 
0000012b  PMMIFG_H                               
0000012a  PMMIFG_L                               
000004e4  RES0                                   
000004e5  RES0_H                                 
000004e4  RES0_L                                 
000004e6  RES1                                   
000004e7  RES1_H                                 
000004e6  RES1_L                                 
000004e8  RES2                                   
000004e9  RES2_H                                 
000004e8  RES2_L                                 
000004ea  RES3                                   
000004eb  RES3_H                                 
000004ea  RES3_L                                 
000004cc  RESHI                                  
000004cd  RESHI_H                                
000004cc  RESHI_L                                
000004ca  RESLO                                  
000004cb  RESLO_H                                
000004ca  RESLO_L                                
0000030c  RTCCNT                                 
0000030d  RTCCNT_H                               
0000030c  RTCCNT_L                               
00000300  RTCCTL                                 
00000301  RTCCTL_H                               
00000300  RTCCTL_L                               
00000304  RTCIV                                  
00000305  RTCIV_H                                
00000304  RTCIV_L                                
00000308  RTCMOD                                 
00000309  RTCMOD_H                               
00000308  RTCMOD_L                               
00000100  SFRIE1                                 
00000101  SFRIE1_H                               
00000100  SFRIE1_L                               
00000102  SFRIFG1                                
00000103  SFRIFG1_H                              
00000102  SFRIFG1_L                              
00000104  SFRRPCR                                
00000105  SFRRPCR_H                              
00000104  SFRRPCR_L                              
000004ce  SUMEXT                                 
000004cf  SUMEXT_H                               
000004ce  SUMEXT_L                               
00000158  SYSBERRIV                              
00000159  SYSBERRIV_H                            
00000158  SYSBERRIV_L                            
00000142  SYSBSLC                                
00000143  SYSBSLC_H                              
00000142  SYSBSLC_L                              
00000160  SYSCFG0                                
00000161  SYSCFG0_H                              
00000160  SYSCFG0_L                              
00000162  SYSCFG1                                
00000163  SYSCFG1_H                              
00000162  SYSCFG1_L                              
00000164  SYSCFG2                                
00000165  SYSCFG2_H                              
00000164  SYSCFG2_L                              
00000140  SYSCTL                                 
00000141  SYSCTL_H                               
00000140  SYSCTL_L                               
00000146  SYSJMBC                                
00000147  SYSJMBC_H                              
00000146  SYSJMBC_L                              
00000148  SYSJMBI0                               
00000149  SYSJMBI0_H                             
00000148  SYSJMBI0_L                             
0000014a  SYSJMBI1                               
0000014b  SYSJMBI1_H                             
0000014a  SYSJMBI1_L                             
0000014c  SYSJMBO0                               
0000014d  SYSJMBO0_H                             
0000014c  SYSJMBO0_L                             
0000014e  SYSJMBO1                               
0000014f  SYSJMBO1_H                             
0000014e  SYSJMBO1_L                             
0000015e  SYSRSTIV                               
0000015f  SYSRSTIV_H                             
0000015e  SYSRSTIV_L                             
0000015c  SYSSNIV                                
0000015d  SYSSNIV_H                              
0000015c  SYSSNIV_L                              
0000015a  SYSUNIV                                
0000015b  SYSUNIV_H                              
0000015a  SYSUNIV_L                              
00000392  TA0CCR0                                
00000394  TA0CCR1                                
00000396  TA0CCR2                                
00000382  TA0CCTL0                               
00000384  TA0CCTL1                               
00000386  TA0CCTL2                               
00000380  TA0CTL                                 
000003a0  TA0EX0                                 
000003ae  TA0IV                                  
00000390  TA0R                                   
000003d2  TA1CCR0                                
000003d4  TA1CCR1                                
000003d6  TA1CCR2                                
000003c2  TA1CCTL0                               
000003c4  TA1CCTL1                               
000003c6  TA1CCTL2                               
000003c0  TA1CTL                                 
000003e0  TA1EX0                                 
000003ee  TA1IV                                  
000003d0  TA1R                                   
00000412  TA2CCR0                                
00000414  TA2CCR1                                
00000402  TA2CCTL0                               
00000404  TA2CCTL1                               
00000400  TA2CTL                                 
00000420  TA2EX0                                 
0000042e  TA2IV                                  
00000410  TA2R                                   
00000452  TA3CCR0                                
00000454  TA3CCR1                                
00000442  TA3CCTL0                               
00000444  TA3CCTL1                               
00000440  TA3CTL                                 
00000460  TA3EX0                                 
0000046e  TA3IV                                  
00000450  TA3R                                   
0000cd8c  UART_ISR                               
0000d2dc  UART_openPort                          
0000d5fe  UART_transmitBuffer                    
00000510  UCA0ABCTL                              
00000506  UCA0BRW                                
00000507  UCA0BRW_H                              
00000506  UCA0BRW_L                              
00000500  UCA0CTLW0                              
00000501  UCA0CTLW0_H                            
00000500  UCA0CTLW0_L                            
00000502  UCA0CTLW1                              
00000503  UCA0CTLW1_H                            
00000502  UCA0CTLW1_L                            
0000051a  UCA0IE                                 
0000051b  UCA0IE_H                               
0000051a  UCA0IE_L                               
0000051c  UCA0IFG                                
0000051d  UCA0IFG_H                              
0000051c  UCA0IFG_L                              
00000512  UCA0IRCTL                              
00000513  UCA0IRCTL_H                            
00000512  UCA0IRCTL_L                            
0000051e  UCA0IV                                 
00000508  UCA0MCTLW                              
00000509  UCA0MCTLW_H                            
00000508  UCA0MCTLW_L                            
0000050c  UCA0RXBUF                              
0000050d  UCA0RXBUF_H                            
0000050c  UCA0RXBUF_L                            
0000050a  UCA0STATW                              
0000050e  UCA0TXBUF                              
0000050f  UCA0TXBUF_H                            
0000050e  UCA0TXBUF_L                            
00000530  UCA1ABCTL                              
00000526  UCA1BRW                                
00000527  UCA1BRW_H                              
00000526  UCA1BRW_L                              
00000520  UCA1CTLW0                              
00000521  UCA1CTLW0_H                            
00000520  UCA1CTLW0_L                            
00000522  UCA1CTLW1                              
00000523  UCA1CTLW1_H                            
00000522  UCA1CTLW1_L                            
0000053a  UCA1IE                                 
0000053b  UCA1IE_H                               
0000053a  UCA1IE_L                               
0000053c  UCA1IFG                                
0000053d  UCA1IFG_H                              
0000053c  UCA1IFG_L                              
00000532  UCA1IRCTL                              
00000533  UCA1IRCTL_H                            
00000532  UCA1IRCTL_L                            
0000053e  UCA1IV                                 
00000528  UCA1MCTLW                              
00000529  UCA1MCTLW_H                            
00000528  UCA1MCTLW_L                            
0000052c  UCA1RXBUF                              
0000052d  UCA1RXBUF_H                            
0000052c  UCA1RXBUF_L                            
0000052a  UCA1STATW                              
0000052e  UCA1TXBUF                              
0000052f  UCA1TXBUF_H                            
0000052e  UCA1TXBUF_L                            
0000055e  UCB0ADDMASK                            
0000055f  UCB0ADDMASK_H                          
0000055e  UCB0ADDMASK_L                          
0000055c  UCB0ADDRX                              
0000055d  UCB0ADDRX_H                            
0000055c  UCB0ADDRX_L                            
00000546  UCB0BRW                                
00000547  UCB0BRW_H                              
00000546  UCB0BRW_L                              
00000540  UCB0CTLW0                              
00000541  UCB0CTLW0_H                            
00000540  UCB0CTLW0_L                            
00000542  UCB0CTLW1                              
00000543  UCB0CTLW1_H                            
00000542  UCB0CTLW1_L                            
00000554  UCB0I2COA0                             
00000555  UCB0I2COA0_H                           
00000554  UCB0I2COA0_L                           
00000556  UCB0I2COA1                             
00000557  UCB0I2COA1_H                           
00000556  UCB0I2COA1_L                           
00000558  UCB0I2COA2                             
00000559  UCB0I2COA2_H                           
00000558  UCB0I2COA2_L                           
0000055a  UCB0I2COA3                             
0000055b  UCB0I2COA3_H                           
0000055a  UCB0I2COA3_L                           
00000560  UCB0I2CSA                              
00000561  UCB0I2CSA_H                            
00000560  UCB0I2CSA_L                            
0000056a  UCB0IE                                 
0000056b  UCB0IE_H                               
0000056a  UCB0IE_L                               
0000056c  UCB0IFG                                
0000056d  UCB0IFG_H                              
0000056c  UCB0IFG_L                              
0000056e  UCB0IV                                 
0000054c  UCB0RXBUF                              
0000054d  UCB0RXBUF_H                            
0000054c  UCB0RXBUF_L                            
00000548  UCB0STATW                              
00000549  UCB0STATW_H                            
00000548  UCB0STATW_L                            
0000054a  UCB0TBCNT                              
0000054b  UCB0TBCNT_H                            
0000054a  UCB0TBCNT_L                            
0000054e  UCB0TXBUF                              
0000054f  UCB0TXBUF_H                            
0000054e  UCB0TXBUF_L                            
000001cc  WDTCTL                                 
000001cd  WDTCTL_H                               
000001cc  WDTCTL_L                               
00003000  __STACK_END                            
00000100  __STACK_SIZE                           
0000c582  __TI_CINIT_Base                        
0000c58a  __TI_CINIT_Limit                       
0000c58a  __TI_CINIT_Warm                        
0000c578  __TI_Handler_Table_Base                
0000c57e  __TI_Handler_Table_Limit               
0000da06  __TI_ISR_TRAP                          
0000d43e  __TI_auto_init_nobinit_nopinit_hold_wdt
0000d136  __TI_decompress_lzss                   
0000d9c0  __TI_decompress_none                   
0000ffd8  __TI_int40                             
0000ffda  __TI_int41                             
0000ffdc  __TI_int42                             
0000ffde  __TI_int43                             
0000ffe0  __TI_int44                             
0000ffe2  __TI_int45                             
0000ffe4  __TI_int46                             
0000ffe6  __TI_int47                             
0000ffe8  __TI_int48                             
0000ffea  __TI_int49                             
0000ffec  __TI_int50                             
0000ffee  __TI_int51                             
0000fff0  __TI_int52                             
0000fff2  __TI_int53                             
0000fff4  __TI_int54                             
0000fff6  __TI_int55                             
0000fff8  __TI_int56                             
0000fffa  __TI_int57                             
0000fffc  __TI_int58                             
ffffffff  __TI_pprof_out_hndl                    
ffffffff  __TI_prof_data_size                    
ffffffff  __TI_prof_data_start                   
0000d99a  __TI_zero_init_nomemset                
ffffffff  __c_args__                             
0000d950  _c_int00_noargs                        
0000fffe  _reset_vector                          
00002f00  _stack                                 
0000da20  _system_post_cinit                     
0000d9fc  _system_pre_init                       
0000da1a  abort                                  
000024f4  g_UARTStatus                           
000024f5  g_bConvCounterFlag                     
000024f6  g_bConvTimerFlag                       
000024f7  g_bDetectionFlag                       
000024f8  g_bEndOfConversionFlag                 
000024f9  g_bMaxCountErrorFlag                   
00002280  g_pCaptivateSensorArray                
000024ee  g_pUARTPort                            
000024f0  g_pUARTTransmitPtr                     
000024f2  g_ui16UARTTransmitBytesLeft            
00002262  g_uiApp                                
0000d680  main                                   
0000d9d2  memcpy                                 


GLOBAL SYMBOLS: SORTED BY Symbol Address 

address   name                                   
-------   ----                                   
00000100  SFRIE1                                 
00000100  SFRIE1_L                               
00000100  __STACK_SIZE                           
00000101  SFRIE1_H                               
00000102  SFRIFG1                                
00000102  SFRIFG1_L                              
00000103  SFRIFG1_H                              
00000104  SFRRPCR                                
00000104  SFRRPCR_L                              
00000105  SFRRPCR_H                              
00000120  PMMCTL0                                
00000120  PMMCTL0_L                              
00000121  PMMCTL0_H                              
00000122  PMMCTL1                                
00000122  PMMCTL1_L                              
00000123  PMMCTL1_H                              
00000124  PMMCTL2                                
00000124  PMMCTL2_L                              
00000125  PMMCTL2_H                              
0000012a  PMMIFG                                 
0000012a  PMMIFG_L                               
0000012b  PMMIFG_H                               
0000012e  PMMIE                                  
0000012e  PMMIE_L                                
0000012f  PMMIE_H                                
00000130  PM5CTL0                                
00000130  PM5CTL0_L                              
00000131  PM5CTL0_H                              
00000140  SYSCTL                                 
00000140  SYSCTL_L                               
00000141  SYSCTL_H                               
00000142  SYSBSLC                                
00000142  SYSBSLC_L                              
00000143  SYSBSLC_H                              
00000146  SYSJMBC                                
00000146  SYSJMBC_L                              
00000147  SYSJMBC_H                              
00000148  SYSJMBI0                               
00000148  SYSJMBI0_L                             
00000149  SYSJMBI0_H                             
0000014a  SYSJMBI1                               
0000014a  SYSJMBI1_L                             
0000014b  SYSJMBI1_H                             
0000014c  SYSJMBO0                               
0000014c  SYSJMBO0_L                             
0000014d  SYSJMBO0_H                             
0000014e  SYSJMBO1                               
0000014e  SYSJMBO1_L                             
0000014f  SYSJMBO1_H                             
00000158  SYSBERRIV                              
00000158  SYSBERRIV_L                            
00000159  SYSBERRIV_H                            
0000015a  SYSUNIV                                
0000015a  SYSUNIV_L                              
0000015b  SYSUNIV_H                              
0000015c  SYSSNIV                                
0000015c  SYSSNIV_L                              
0000015d  SYSSNIV_H                              
0000015e  SYSRSTIV                               
0000015e  SYSRSTIV_L                             
0000015f  SYSRSTIV_H                             
00000160  SYSCFG0                                
00000160  SYSCFG0_L                              
00000161  SYSCFG0_H                              
00000162  SYSCFG1                                
00000162  SYSCFG1_L                              
00000163  SYSCFG1_H                              
00000164  SYSCFG2                                
00000164  SYSCFG2_L                              
00000165  SYSCFG2_H                              
00000180  CSCTL0                                 
00000180  CSCTL0_L                               
00000181  CSCTL0_H                               
00000182  CSCTL1                                 
00000182  CSCTL1_L                               
00000183  CSCTL1_H                               
00000184  CSCTL2                                 
00000184  CSCTL2_L                               
00000185  CSCTL2_H                               
00000186  CSCTL3                                 
00000186  CSCTL3_L                               
00000187  CSCTL3_H                               
00000188  CSCTL4                                 
00000188  CSCTL4_L                               
00000189  CSCTL4_H                               
0000018a  CSCTL5                                 
0000018a  CSCTL5_L                               
0000018b  CSCTL5_H                               
0000018c  CSCTL6                                 
0000018c  CSCTL6_L                               
0000018d  CSCTL6_H                               
0000018e  CSCTL7                                 
0000018e  CSCTL7_L                               
0000018f  CSCTL7_H                               
00000190  CSCTL8                                 
00000190  CSCTL8_L                               
00000191  CSCTL8_H                               
000001a0  FRCTL0                                 
000001a0  FRCTL0_L                               
000001a1  FRCTL0_H                               
000001a4  GCCTL0                                 
000001a4  GCCTL0_L                               
000001a5  GCCTL0_H                               
000001a6  GCCTL1                                 
000001a6  GCCTL1_L                               
000001a7  GCCTL1_H                               
000001c0  CRCDI                                  
000001c0  CRCDI_L                                
000001c1  CRCDI_H                                
000001c2  CRCDIRB                                
000001c2  CRCDIRB_L                              
000001c3  CRCDIRB_H                              
000001c4  CRCINIRES                              
000001c4  CRCINIRES_L                            
000001c5  CRCINIRES_H                            
000001c6  CRCRESR                                
000001c6  CRCRESR_L                              
000001c7  CRCRESR_H                              
000001cc  WDTCTL                                 
000001cc  WDTCTL_L                               
000001cd  WDTCTL_H                               
00000200  PAIN                                   
00000200  PAIN_L                                 
00000201  PAIN_H                                 
00000202  PAOUT                                  
00000202  PAOUT_L                                
00000203  PAOUT_H                                
00000204  PADIR                                  
00000204  PADIR_L                                
00000205  PADIR_H                                
00000206  PAREN                                  
00000206  PAREN_L                                
00000207  PAREN_H                                
0000020a  PASEL0                                 
0000020a  PASEL0_L                               
0000020b  PASEL0_H                               
0000020c  PASEL1                                 
0000020c  PASEL1_L                               
0000020d  PASEL1_H                               
0000020e  P1IV                                   
00000218  PAIES                                  
00000218  PAIES_L                                
00000219  PAIES_H                                
0000021a  PAIE                                   
0000021a  PAIE_L                                 
0000021b  PAIE_H                                 
0000021c  PAIFG                                  
0000021c  PAIFG_L                                
0000021d  PAIFG_H                                
0000021e  P2IV                                   
00000220  PBIN                                   
00000220  PBIN_L                                 
00000221  PBIN_H                                 
00000222  PBOUT                                  
00000222  PBOUT_L                                
00000223  PBOUT_H                                
00000224  PBDIR                                  
00000224  PBDIR_L                                
00000225  PBDIR_H                                
00000226  PBREN                                  
00000226  PBREN_L                                
00000227  PBREN_H                                
0000022a  PBSEL0                                 
0000022a  PBSEL0_L                               
0000022b  PBSEL0_H                               
0000022c  PBSEL1                                 
0000022c  PBSEL1_L                               
0000022d  PBSEL1_H                               
00000300  RTCCTL                                 
00000300  RTCCTL_L                               
00000301  RTCCTL_H                               
00000304  RTCIV                                  
00000304  RTCIV_L                                
00000305  RTCIV_H                                
00000308  RTCMOD                                 
00000308  RTCMOD_L                               
00000309  RTCMOD_H                               
0000030c  RTCCNT                                 
0000030c  RTCCNT_L                               
0000030d  RTCCNT_H                               
00000380  TA0CTL                                 
00000382  TA0CCTL0                               
00000384  TA0CCTL1                               
00000386  TA0CCTL2                               
00000390  TA0R                                   
00000392  TA0CCR0                                
00000394  TA0CCR1                                
00000396  TA0CCR2                                
000003a0  TA0EX0                                 
000003ae  TA0IV                                  
000003c0  TA1CTL                                 
000003c2  TA1CCTL0                               
000003c4  TA1CCTL1                               
000003c6  TA1CCTL2                               
000003d0  TA1R                                   
000003d2  TA1CCR0                                
000003d4  TA1CCR1                                
000003d6  TA1CCR2                                
000003e0  TA1EX0                                 
000003ee  TA1IV                                  
00000400  TA2CTL                                 
00000402  TA2CCTL0                               
00000404  TA2CCTL1                               
00000410  TA2R                                   
00000412  TA2CCR0                                
00000414  TA2CCR1                                
00000420  TA2EX0                                 
0000042e  TA2IV                                  
00000440  TA3CTL                                 
00000442  TA3CCTL0                               
00000444  TA3CCTL1                               
00000450  TA3R                                   
00000452  TA3CCR0                                
00000454  TA3CCR1                                
00000460  TA3EX0                                 
0000046e  TA3IV                                  
000004c0  MPY                                    
000004c0  MPY_L                                  
000004c1  MPY_H                                  
000004c2  MPYS                                   
000004c2  MPYS_L                                 
000004c3  MPYS_H                                 
000004c4  MAC                                    
000004c4  MAC_L                                  
000004c5  MAC_H                                  
000004c6  MACS                                   
000004c6  MACS_L                                 
000004c7  MACS_H                                 
000004c8  OP2                                    
000004c8  OP2_L                                  
000004c9  OP2_H                                  
000004ca  RESLO                                  
000004ca  RESLO_L                                
000004cb  RESLO_H                                
000004cc  RESHI                                  
000004cc  RESHI_L                                
000004cd  RESHI_H                                
000004ce  SUMEXT                                 
000004ce  SUMEXT_L                               
000004cf  SUMEXT_H                               
000004d0  MPY32L                                 
000004d0  MPY32L_L                               
000004d1  MPY32L_H                               
000004d2  MPY32H                                 
000004d2  MPY32H_L                               
000004d3  MPY32H_H                               
000004d4  MPYS32L                                
000004d4  MPYS32L_L                              
000004d5  MPYS32L_H                              
000004d6  MPYS32H                                
000004d6  MPYS32H_L                              
000004d7  MPYS32H_H                              
000004d8  MAC32L                                 
000004d8  MAC32L_L                               
000004d9  MAC32L_H                               
000004da  MAC32H                                 
000004da  MAC32H_L                               
000004db  MAC32H_H                               
000004dc  MACS32L                                
000004dc  MACS32L_L                              
000004dd  MACS32L_H                              
000004de  MACS32H                                
000004de  MACS32H_L                              
000004df  MACS32H_H                              
000004e0  OP2L                                   
000004e0  OP2L_L                                 
000004e1  OP2L_H                                 
000004e2  OP2H                                   
000004e2  OP2H_L                                 
000004e3  OP2H_H                                 
000004e4  RES0                                   
000004e4  RES0_L                                 
000004e5  RES0_H                                 
000004e6  RES1                                   
000004e6  RES1_L                                 
000004e7  RES1_H                                 
000004e8  RES2                                   
000004e8  RES2_L                                 
000004e9  RES2_H                                 
000004ea  RES3                                   
000004ea  RES3_L                                 
000004eb  RES3_H                                 
000004ec  MPY32CTL0                              
000004ec  MPY32CTL0_L                            
000004ed  MPY32CTL0_H                            
00000500  UCA0CTLW0                              
00000500  UCA0CTLW0_L                            
00000501  UCA0CTLW0_H                            
00000502  UCA0CTLW1                              
00000502  UCA0CTLW1_L                            
00000503  UCA0CTLW1_H                            
00000506  UCA0BRW                                
00000506  UCA0BRW_L                              
00000507  UCA0BRW_H                              
00000508  UCA0MCTLW                              
00000508  UCA0MCTLW_L                            
00000509  UCA0MCTLW_H                            
0000050a  UCA0STATW                              
0000050c  UCA0RXBUF                              
0000050c  UCA0RXBUF_L                            
0000050d  UCA0RXBUF_H                            
0000050e  UCA0TXBUF                              
0000050e  UCA0TXBUF_L                            
0000050f  UCA0TXBUF_H                            
00000510  UCA0ABCTL                              
00000512  UCA0IRCTL                              
00000512  UCA0IRCTL_L                            
00000513  UCA0IRCTL_H                            
0000051a  UCA0IE                                 
0000051a  UCA0IE_L                               
0000051b  UCA0IE_H                               
0000051c  UCA0IFG                                
0000051c  UCA0IFG_L                              
0000051d  UCA0IFG_H                              
0000051e  UCA0IV                                 
00000520  UCA1CTLW0                              
00000520  UCA1CTLW0_L                            
00000521  UCA1CTLW0_H                            
00000522  UCA1CTLW1                              
00000522  UCA1CTLW1_L                            
00000523  UCA1CTLW1_H                            
00000526  UCA1BRW                                
00000526  UCA1BRW_L                              
00000527  UCA1BRW_H                              
00000528  UCA1MCTLW                              
00000528  UCA1MCTLW_L                            
00000529  UCA1MCTLW_H                            
0000052a  UCA1STATW                              
0000052c  UCA1RXBUF                              
0000052c  UCA1RXBUF_L                            
0000052d  UCA1RXBUF_H                            
0000052e  UCA1TXBUF                              
0000052e  UCA1TXBUF_L                            
0000052f  UCA1TXBUF_H                            
00000530  UCA1ABCTL                              
00000532  UCA1IRCTL                              
00000532  UCA1IRCTL_L                            
00000533  UCA1IRCTL_H                            
0000053a  UCA1IE                                 
0000053a  UCA1IE_L                               
0000053b  UCA1IE_H                               
0000053c  UCA1IFG                                
0000053c  UCA1IFG_L                              
0000053d  UCA1IFG_H                              
0000053e  UCA1IV                                 
00000540  UCB0CTLW0                              
00000540  UCB0CTLW0_L                            
00000541  UCB0CTLW0_H                            
00000542  UCB0CTLW1                              
00000542  UCB0CTLW1_L                            
00000543  UCB0CTLW1_H                            
00000546  UCB0BRW                                
00000546  UCB0BRW_L                              
00000547  UCB0BRW_H                              
00000548  UCB0STATW                              
00000548  UCB0STATW_L                            
00000549  UCB0STATW_H                            
0000054a  UCB0TBCNT                              
0000054a  UCB0TBCNT_L                            
0000054b  UCB0TBCNT_H                            
0000054c  UCB0RXBUF                              
0000054c  UCB0RXBUF_L                            
0000054d  UCB0RXBUF_H                            
0000054e  UCB0TXBUF                              
0000054e  UCB0TXBUF_L                            
0000054f  UCB0TXBUF_H                            
00000554  UCB0I2COA0                             
00000554  UCB0I2COA0_L                           
00000555  UCB0I2COA0_H                           
00000556  UCB0I2COA1                             
00000556  UCB0I2COA1_L                           
00000557  UCB0I2COA1_H                           
00000558  UCB0I2COA2                             
00000558  UCB0I2COA2_L                           
00000559  UCB0I2COA2_H                           
0000055a  UCB0I2COA3                             
0000055a  UCB0I2COA3_L                           
0000055b  UCB0I2COA3_H                           
0000055c  UCB0ADDRX                              
0000055c  UCB0ADDRX_L                            
0000055d  UCB0ADDRX_H                            
0000055e  UCB0ADDMASK                            
0000055e  UCB0ADDMASK_L                          
0000055f  UCB0ADDMASK_H                          
00000560  UCB0I2CSA                              
00000560  UCB0I2CSA_L                            
00000561  UCB0I2CSA_H                            
0000056a  UCB0IE                                 
0000056a  UCB0IE_L                               
0000056b  UCB0IE_H                               
0000056c  UCB0IFG                                
0000056c  UCB0IFG_L                              
0000056d  UCB0IFG_H                              
0000056e  UCB0IV                                 
00000660  BAKMEM0                                
00000660  BAKMEM0_L                              
00000661  BAKMEM0_H                              
00000662  BAKMEM1                                
00000662  BAKMEM1_L                              
00000663  BAKMEM1_H                              
00000664  BAKMEM2                                
00000664  BAKMEM2_L                              
00000665  BAKMEM2_H                              
00000666  BAKMEM3                                
00000666  BAKMEM3_L                              
00000667  BAKMEM3_H                              
00000668  BAKMEM4                                
00000668  BAKMEM4_L                              
00000669  BAKMEM4_H                              
0000066a  BAKMEM5                                
0000066a  BAKMEM5_L                              
0000066b  BAKMEM5_H                              
0000066c  BAKMEM6                                
0000066c  BAKMEM6_L                              
0000066d  BAKMEM6_H                              
0000066e  BAKMEM7                                
0000066e  BAKMEM7_L                              
0000066f  BAKMEM7_H                              
00000670  BAKMEM8                                
00000670  BAKMEM8_L                              
00000671  BAKMEM8_H                              
00000672  BAKMEM9                                
00000672  BAKMEM9_L                              
00000673  BAKMEM9_H                              
00000674  BAKMEM10                               
00000674  BAKMEM10_L                             
00000675  BAKMEM10_H                             
00000676  BAKMEM11                               
00000676  BAKMEM11_L                             
00000677  BAKMEM11_H                             
00000678  BAKMEM12                               
00000678  BAKMEM12_L                             
00000679  BAKMEM12_H                             
0000067a  BAKMEM13                               
0000067a  BAKMEM13_L                             
0000067b  BAKMEM13_H                             
0000067c  BAKMEM14                               
0000067c  BAKMEM14_L                             
0000067d  BAKMEM14_H                             
0000067e  BAKMEM15                               
0000067e  BAKMEM15_L                             
0000067f  BAKMEM15_H                             
00000700  ADCCTL0                                
00000700  ADCCTL0_L                              
00000701  ADCCTL0_H                              
00000702  ADCCTL1                                
00000702  ADCCTL1_L                              
00000703  ADCCTL1_H                              
00000704  ADCCTL2                                
00000704  ADCCTL2_L                              
00000705  ADCCTL2_H                              
00000706  ADCLO                                  
00000706  ADCLO_L                                
00000707  ADCLO_H                                
00000708  ADCHI                                  
00000708  ADCHI_L                                
00000709  ADCHI_H                                
0000070a  ADCMCTL0                               
0000070a  ADCMCTL0_L                             
0000070b  ADCMCTL0_H                             
00000712  ADCMEM0                                
00000712  ADCMEM0_L                              
00000713  ADCMEM0_H                              
0000071a  ADCIE                                  
0000071a  ADCIE_L                                
0000071b  ADCIE_H                                
0000071c  ADCIFG                                 
0000071c  ADCIFG_L                               
0000071d  ADCIFG_H                               
0000071e  ADCIV                                  
0000071e  ADCIV_L                                
0000071f  ADCIV_H                                
00000b20  CAPIE                                  
00000b20  CAPIE_L                                
00000b21  CAPIE_H                                
00000b22  CAPIFG                                 
00000b22  CAPIFG_L                               
00000b23  CAPIFG_H                               
00000b24  CAPIV                                  
00000b24  CAPIV_L                                
00000b25  CAPIV_H                                
00002000  BTN01                                  
0000201e  BTN02                                  
0000203c  BTN03                                  
0000205a  BTN01_E00                              
00002074  BTN01_E01                              
0000208e  BTN01_E02                              
000020a8  BTN01_E03                              
000020c2  BTN02_E00                              
000020dc  BTN02_E01                              
000020f6  BTN02_E02                              
00002110  BTN02_E03                              
0000212a  BTN02_E04                              
00002144  BTN02_E05                              
0000215e  BTN02_E06                              
00002178  BTN02_E07                              
00002192  BTN02_E08                              
000021ac  BTN02_E09                              
000021c6  BTN03_E00                              
000021e0  BTN03_E01                              
000021fa  BTN03_E02                              
00002214  BTN03_E03                              
0000222e  BTN03_E04                              
00002248  BTN03_E05                              
00002262  g_uiApp                                
00002270  BTN02_Cycles                           
0000227a  BTN03_Cycles                           
00002280  g_pCaptivateSensorArray                
00002286  BTN01_C00                              
0000228a  BTN01_C00_Elements                     
0000228e  BTN01_C01                              
00002292  BTN01_C01_Elements                     
00002296  BTN01_Cycles                           
0000229a  BTN02_C00                              
0000229e  BTN02_C00_Elements                     
000022a2  BTN02_C01                              
000022a6  BTN02_C01_Elements                     
000022aa  BTN02_C02                              
000022ae  BTN02_C02_Elements                     
000022b2  BTN02_C03                              
000022b6  BTN02_C03_Elements                     
000022ba  BTN02_C04                              
000022be  BTN02_C04_Elements                     
000022c2  BTN03_C00                              
000022c6  BTN03_C00_Elements                     
000022ca  BTN03_C01                              
000022ce  BTN03_C01_Elements                     
000022d2  BTN03_C02                              
000022d6  BTN03_C02_Elements                     
00002454  BTN01_Params                           
0000245c  BTN02_Params                           
00002464  BTN03_Params                           
00002474  BTN01_E00_Tuning                       
00002478  BTN01_E01_Tuning                       
0000247c  BTN01_E02_Tuning                       
00002480  BTN01_E03_Tuning                       
00002484  BTN02_E00_Tuning                       
00002488  BTN02_E01_Tuning                       
0000248c  BTN02_E02_Tuning                       
00002490  BTN02_E03_Tuning                       
00002494  BTN02_E04_Tuning                       
00002498  BTN02_E05_Tuning                       
0000249c  BTN02_E06_Tuning                       
000024a0  BTN02_E07_Tuning                       
000024a4  BTN02_E08_Tuning                       
000024a8  BTN02_E09_Tuning                       
000024ac  BTN03_E00_Tuning                       
000024b0  BTN03_E01_Tuning                       
000024b4  BTN03_E02_Tuning                       
000024b8  BTN03_E03_Tuning                       
000024bc  BTN03_E04_Tuning                       
000024c0  BTN03_E05_Tuning                       
000024c6  BTN01_E00_RawCnts                      
000024c8  BTN01_E01_RawCnts                      
000024ca  BTN01_E02_RawCnts                      
000024cc  BTN01_E03_RawCnts                      
000024ce  BTN02_E00_RawCnts                      
000024d0  BTN02_E01_RawCnts                      
000024d2  BTN02_E02_RawCnts                      
000024d4  BTN02_E03_RawCnts                      
000024d6  BTN02_E04_RawCnts                      
000024d8  BTN02_E05_RawCnts                      
000024da  BTN02_E06_RawCnts                      
000024dc  BTN02_E07_RawCnts                      
000024de  BTN02_E08_RawCnts                      
000024e0  BTN02_E09_RawCnts                      
000024e2  BTN03_E00_RawCnts                      
000024e4  BTN03_E01_RawCnts                      
000024e6  BTN03_E02_RawCnts                      
000024e8  BTN03_E03_RawCnts                      
000024ea  BTN03_E04_RawCnts                      
000024ec  BTN03_E05_RawCnts                      
000024ee  g_pUARTPort                            
000024f0  g_pUARTTransmitPtr                     
000024f2  g_ui16UARTTransmitBytesLeft            
000024f4  g_UARTStatus                           
000024f5  g_bConvCounterFlag                     
000024f6  g_bConvTimerFlag                       
000024f7  g_bDetectionFlag                       
000024f8  g_bEndOfConversionFlag                 
000024f9  g_bMaxCountErrorFlag                   
00002f00  _stack                                 
00003000  __STACK_END                            
0000c578  __TI_Handler_Table_Base                
0000c57e  __TI_Handler_Table_Limit               
0000c582  __TI_CINIT_Base                        
0000c58a  __TI_CINIT_Limit                       
0000c58a  __TI_CINIT_Warm                        
0000c59e  CAPT_calibrateGain                     
0000c766  CAPT_calibrateOffset                   
0000c902  CAPT_updateSensor                      
0000cbbc  CAPT_accessSpecialSensorParameter      
0000ccc8  CS_initFLL                             
0000cd8c  UART_ISR                               
0000ce42  CS_initClockSignal                     
0000cef6  CAPT_checkForInboundPacket             
0000cfa6  BSP_configureMCU                       
0000d04e  CAPT_writeElementData                  
0000d0c6  CAPT_testForRecalibration              
0000d136  __TI_decompress_lzss                   
0000d1a4  CAPT_initSensor                        
0000d20e  CAPT_processSensor                     
0000d278  CAPT_updateUI                          
0000d2dc  UART_openPort                          
0000d33e  CAPT_processFSMCycle                   
0000d396  CAPT_updateSensorNoise                 
0000d3ec  CAPT_writeSensorData                   
0000d43e  __TI_auto_init_nobinit_nopinit_hold_wdt
0000d490  CAPT_preProcessSlider                  
0000d4de  CAPT_initCommInterface                 
0000d528  CAPT_flagAllElementsForReseed          
0000d570  CAPT_loadCycle                         
0000d5b8  CAPT_initUI                            
0000d5fe  UART_transmitBuffer                    
0000d640  CAPT_ISR                               
0000d680  main                                   
0000d6c0  CAPT_appHandler                        
0000d6fe  CAPT_unloadCycle                       
0000d73c  CS_turnOnXT1LFWithTimeout              
0000d77a  CAPT_appStart                          
0000d7b4  CAPT_updateSensorTimeout               
0000d7ea  CAPT_appSleep                          
0000d81c  CAPT_startConversionAndWaitUntilDone   
0000d84a  CAPT_blockOnFlag                       
0000d870  CAPT_getGlobalUIProximityStatus        
0000d894  CAPT_calibrateSensor                   
0000d8b6  CAPT_calibrateUI                       
0000d8d6  CAPT_init                              
0000d8f6  CAPT_testForMaxCountRecalibration      
0000d916  CS_clearAllOscFlagsWithTimeout         
0000d934  CAPT_getChecksum                       
0000d950  _c_int00_noargs                        
0000d96c  CAPT_testForNegativeTouchRecalibration 
0000d984  FRAMCtl_configureWaitStateControl      
0000d99a  __TI_zero_init_nomemset                
0000d9ae  CAPT_checkForRecalibrationRequest      
0000d9c0  __TI_decompress_none                   
0000d9d2  memcpy                                 
0000d9f2  CS_setExternalClockSource              
0000d9fc  _system_pre_init                       
0000da06  __TI_ISR_TRAP                          
0000da0e  CAPT_clearIFG                          
0000da14  CAPT_getInterruptVector                
0000da1a  C$$EXIT                                
0000da1a  abort                                  
0000da20  _system_post_cinit                     
0000ffd8  __TI_int40                             
0000ffda  __TI_int41                             
0000ffdc  __TI_int42                             
0000ffde  __TI_int43                             
0000ffe0  __TI_int44                             
0000ffe2  __TI_int45                             
0000ffe4  __TI_int46                             
0000ffe6  __TI_int47                             
0000ffe8  __TI_int48                             
0000ffea  __TI_int49                             
0000ffec  __TI_int50                             
0000ffee  __TI_int51                             
0000fff0  __TI_int52                             
0000fff2  __TI_int53                             
0000fff4  __TI_int54                             
0000fff6  __TI_int55                             
0000fff8  __TI_int56                             
0000fffa  __TI_int57                             
0000fffc  __TI_int58                             
0000fffe  _reset_vector                          
ffffffff  __TI_pprof_out_hndl                    
ffffffff  __TI_prof_data_size                    
ffffffff  __TI_prof_data_start                   
ffffffff  __c_args__                             

[670 symbols]
