<?xml version="1.0" encoding="ISO-8859-1" ?>
<link_info>
   <banner>MSP430 Linker PC v21.6.1.LTS</banner>
   <copyright>Copyright (c) 2003-2018 Texas Instruments Incorporated</copyright>
   <link_time>0x69f891ca</link_time>
   <link_errors>0x0</link_errors>
   <output_file>ME_L.out</output_file>
   <entry_point>
      <name>_c_int00_noargs</name>
      <address>0xe034</address>
   </entry_point>
   <input_file_list>
      <input_file id="fl-2">
         <path>.\</path>
         <kind>object</kind>
         <file>main.obj</file>
         <name>main.obj</name>
      </input_file>
      <input_file id="fl-3">
         <path>.\captivate\ADVANCED\</path>
         <kind>object</kind>
         <file>CAPT_Manager.obj</file>
         <name>CAPT_Manager.obj</name>
      </input_file>
      <input_file id="fl-4">
         <path>.\captivate\BASE\</path>
         <kind>object</kind>
         <file>CAPT_ISR.obj</file>
         <name>CAPT_ISR.obj</name>
      </input_file>
      <input_file id="fl-5">
         <path>.\captivate\COMM\</path>
         <kind>object</kind>
         <file>CAPT_Interface.obj</file>
         <name>CAPT_Interface.obj</name>
      </input_file>
      <input_file id="fl-6">
         <path>.\captivate\COMM\</path>
         <kind>object</kind>
         <file>FunctionTimer.obj</file>
         <name>FunctionTimer.obj</name>
      </input_file>
      <input_file id="fl-7">
         <path>.\captivate\COMM\</path>
         <kind>object</kind>
         <file>I2CSlave.obj</file>
         <name>I2CSlave.obj</name>
      </input_file>
      <input_file id="fl-8">
         <path>.\captivate\COMM\</path>
         <kind>object</kind>
         <file>UART.obj</file>
         <name>UART.obj</name>
      </input_file>
      <input_file id="fl-9">
         <path>.\captivate_app\</path>
         <kind>object</kind>
         <file>CAPT_App.obj</file>
         <name>CAPT_App.obj</name>
      </input_file>
      <input_file id="fl-a">
         <path>.\captivate_app\</path>
         <kind>object</kind>
         <file>CAPT_BSP.obj</file>
         <name>CAPT_BSP.obj</name>
      </input_file>
      <input_file id="fl-b">
         <path>.\captivate_config\</path>
         <kind>object</kind>
         <file>CAPT_UserConfig.obj</file>
         <name>CAPT_UserConfig.obj</name>
      </input_file>
      <input_file id="fl-c">
         <path>.\mymodule\</path>
         <kind>object</kind>
         <file>mymodule.obj</file>
         <name>mymodule.obj</name>
      </input_file>
      <input_file id="fl-1c">
         <kind>object</kind>
         <file>&lt;internal&gt;</file>
         <name>&lt;internal&gt;</name>
      </input_file>
      <input_file id="fl-1d">
         <path>..\captivate\BASE\libraries\</path>
         <kind>archive</kind>
         <file>captivate_fr2633_family.lib</file>
         <name>CAPT_Calibration.o</name>
      </input_file>
      <input_file id="fl-1e">
         <path>..\captivate\BASE\libraries\</path>
         <kind>archive</kind>
         <file>captivate_fr2633_family.lib</file>
         <name>CAPT_EMC.o</name>
      </input_file>
      <input_file id="fl-1f">
         <path>..\captivate\BASE\libraries\</path>
         <kind>archive</kind>
         <file>captivate_fr2633_family.lib</file>
         <name>CAPT_HAL.o</name>
      </input_file>
      <input_file id="fl-20">
         <path>..\captivate\BASE\libraries\</path>
         <kind>archive</kind>
         <file>captivate_fr2633_family.lib</file>
         <name>CAPT_Touch.o</name>
      </input_file>
      <input_file id="fl-21">
         <path>..\driverlib\MSP430FR2xx_4xx\libraries\</path>
         <kind>archive</kind>
         <file>driverlib_fr2633_family.lib</file>
         <name>cs.o</name>
      </input_file>
      <input_file id="fl-22">
         <path>..\driverlib\MSP430FR2xx_4xx\libraries\</path>
         <kind>archive</kind>
         <file>driverlib_fr2633_family.lib</file>
         <name>framctl.o</name>
      </input_file>
      <input_file id="fl-47">
         <path>C:\ti\ccs2041\ccs\tools\compiler\ti-cgt-msp430_21.6.1.LTS\lib\</path>
         <kind>archive</kind>
         <file>rts430x_sc_sd_eabi.lib</file>
         <name>div16s.asm.obj</name>
      </input_file>
      <input_file id="fl-48">
         <path>C:\ti\ccs2041\ccs\tools\compiler\ti-cgt-msp430_21.6.1.LTS\lib\</path>
         <kind>archive</kind>
         <file>rts430x_sc_sd_eabi.lib</file>
         <name>div16u.asm.obj</name>
      </input_file>
      <input_file id="fl-49">
         <path>C:\ti\ccs2041\ccs\tools\compiler\ti-cgt-msp430_21.6.1.LTS\lib\</path>
         <kind>archive</kind>
         <file>rts430x_sc_sd_eabi.lib</file>
         <name>div32s.asm.obj</name>
      </input_file>
      <input_file id="fl-4a">
         <path>C:\ti\ccs2041\ccs\tools\compiler\ti-cgt-msp430_21.6.1.LTS\lib\</path>
         <kind>archive</kind>
         <file>rts430x_sc_sd_eabi.lib</file>
         <name>div32u.asm.obj</name>
      </input_file>
      <input_file id="fl-4b">
         <path>C:\ti\ccs2041\ccs\tools\compiler\ti-cgt-msp430_21.6.1.LTS\lib\</path>
         <kind>archive</kind>
         <file>rts430x_sc_sd_eabi.lib</file>
         <name>int41.asm.obj</name>
      </input_file>
      <input_file id="fl-4c">
         <path>C:\ti\ccs2041\ccs\tools\compiler\ti-cgt-msp430_21.6.1.LTS\lib\</path>
         <kind>archive</kind>
         <file>rts430x_sc_sd_eabi.lib</file>
         <name>int42.asm.obj</name>
      </input_file>
      <input_file id="fl-4d">
         <path>C:\ti\ccs2041\ccs\tools\compiler\ti-cgt-msp430_21.6.1.LTS\lib\</path>
         <kind>archive</kind>
         <file>rts430x_sc_sd_eabi.lib</file>
         <name>int43.asm.obj</name>
      </input_file>
      <input_file id="fl-4e">
         <path>C:\ti\ccs2041\ccs\tools\compiler\ti-cgt-msp430_21.6.1.LTS\lib\</path>
         <kind>archive</kind>
         <file>rts430x_sc_sd_eabi.lib</file>
         <name>int44.asm.obj</name>
      </input_file>
      <input_file id="fl-4f">
         <path>C:\ti\ccs2041\ccs\tools\compiler\ti-cgt-msp430_21.6.1.LTS\lib\</path>
         <kind>archive</kind>
         <file>rts430x_sc_sd_eabi.lib</file>
         <name>int45.asm.obj</name>
      </input_file>
      <input_file id="fl-50">
         <path>C:\ti\ccs2041\ccs\tools\compiler\ti-cgt-msp430_21.6.1.LTS\lib\</path>
         <kind>archive</kind>
         <file>rts430x_sc_sd_eabi.lib</file>
         <name>int47.asm.obj</name>
      </input_file>
      <input_file id="fl-51">
         <path>C:\ti\ccs2041\ccs\tools\compiler\ti-cgt-msp430_21.6.1.LTS\lib\</path>
         <kind>archive</kind>
         <file>rts430x_sc_sd_eabi.lib</file>
         <name>int48.asm.obj</name>
      </input_file>
      <input_file id="fl-52">
         <path>C:\ti\ccs2041\ccs\tools\compiler\ti-cgt-msp430_21.6.1.LTS\lib\</path>
         <kind>archive</kind>
         <file>rts430x_sc_sd_eabi.lib</file>
         <name>int49.asm.obj</name>
      </input_file>
      <input_file id="fl-53">
         <path>C:\ti\ccs2041\ccs\tools\compiler\ti-cgt-msp430_21.6.1.LTS\lib\</path>
         <kind>archive</kind>
         <file>rts430x_sc_sd_eabi.lib</file>
         <name>int50.asm.obj</name>
      </input_file>
      <input_file id="fl-54">
         <path>C:\ti\ccs2041\ccs\tools\compiler\ti-cgt-msp430_21.6.1.LTS\lib\</path>
         <kind>archive</kind>
         <file>rts430x_sc_sd_eabi.lib</file>
         <name>int51.asm.obj</name>
      </input_file>
      <input_file id="fl-55">
         <path>C:\ti\ccs2041\ccs\tools\compiler\ti-cgt-msp430_21.6.1.LTS\lib\</path>
         <kind>archive</kind>
         <file>rts430x_sc_sd_eabi.lib</file>
         <name>int52.asm.obj</name>
      </input_file>
      <input_file id="fl-56">
         <path>C:\ti\ccs2041\ccs\tools\compiler\ti-cgt-msp430_21.6.1.LTS\lib\</path>
         <kind>archive</kind>
         <file>rts430x_sc_sd_eabi.lib</file>
         <name>int53.asm.obj</name>
      </input_file>
      <input_file id="fl-57">
         <path>C:\ti\ccs2041\ccs\tools\compiler\ti-cgt-msp430_21.6.1.LTS\lib\</path>
         <kind>archive</kind>
         <file>rts430x_sc_sd_eabi.lib</file>
         <name>int54.asm.obj</name>
      </input_file>
      <input_file id="fl-58">
         <path>C:\ti\ccs2041\ccs\tools\compiler\ti-cgt-msp430_21.6.1.LTS\lib\</path>
         <kind>archive</kind>
         <file>rts430x_sc_sd_eabi.lib</file>
         <name>int55.asm.obj</name>
      </input_file>
      <input_file id="fl-59">
         <path>C:\ti\ccs2041\ccs\tools\compiler\ti-cgt-msp430_21.6.1.LTS\lib\</path>
         <kind>archive</kind>
         <file>rts430x_sc_sd_eabi.lib</file>
         <name>int56.asm.obj</name>
      </input_file>
      <input_file id="fl-5a">
         <path>C:\ti\ccs2041\ccs\tools\compiler\ti-cgt-msp430_21.6.1.LTS\lib\</path>
         <kind>archive</kind>
         <file>rts430x_sc_sd_eabi.lib</file>
         <name>int57.asm.obj</name>
      </input_file>
      <input_file id="fl-5b">
         <path>C:\ti\ccs2041\ccs\tools\compiler\ti-cgt-msp430_21.6.1.LTS\lib\</path>
         <kind>archive</kind>
         <file>rts430x_sc_sd_eabi.lib</file>
         <name>int58.asm.obj</name>
      </input_file>
      <input_file id="fl-5c">
         <path>C:\ti\ccs2041\ccs\tools\compiler\ti-cgt-msp430_21.6.1.LTS\lib\</path>
         <kind>archive</kind>
         <file>rts430x_sc_sd_eabi.lib</file>
         <name>isr_trap.asm.obj</name>
      </input_file>
      <input_file id="fl-5d">
         <path>C:\ti\ccs2041\ccs\tools\compiler\ti-cgt-msp430_21.6.1.LTS\lib\</path>
         <kind>archive</kind>
         <file>rts430x_sc_sd_eabi.lib</file>
         <name>lsl16.asm.obj</name>
      </input_file>
      <input_file id="fl-5e">
         <path>C:\ti\ccs2041\ccs\tools\compiler\ti-cgt-msp430_21.6.1.LTS\lib\</path>
         <kind>archive</kind>
         <file>rts430x_sc_sd_eabi.lib</file>
         <name>lsl32.asm.obj</name>
      </input_file>
      <input_file id="fl-5f">
         <path>C:\ti\ccs2041\ccs\tools\compiler\ti-cgt-msp430_21.6.1.LTS\lib\</path>
         <kind>archive</kind>
         <file>rts430x_sc_sd_eabi.lib</file>
         <name>lsr16.asm.obj</name>
      </input_file>
      <input_file id="fl-60">
         <path>C:\ti\ccs2041\ccs\tools\compiler\ti-cgt-msp430_21.6.1.LTS\lib\</path>
         <kind>archive</kind>
         <file>rts430x_sc_sd_eabi.lib</file>
         <name>lsr32.asm.obj</name>
      </input_file>
      <input_file id="fl-61">
         <path>C:\ti\ccs2041\ccs\tools\compiler\ti-cgt-msp430_21.6.1.LTS\lib\</path>
         <kind>archive</kind>
         <file>rts430x_sc_sd_eabi.lib</file>
         <name>mult16.asm.obj</name>
      </input_file>
      <input_file id="fl-62">
         <path>C:\ti\ccs2041\ccs\tools\compiler\ti-cgt-msp430_21.6.1.LTS\lib\</path>
         <kind>archive</kind>
         <file>rts430x_sc_sd_eabi.lib</file>
         <name>mult16_f5hw.asm.obj</name>
      </input_file>
      <input_file id="fl-63">
         <path>C:\ti\ccs2041\ccs\tools\compiler\ti-cgt-msp430_21.6.1.LTS\lib\</path>
         <kind>archive</kind>
         <file>rts430x_sc_sd_eabi.lib</file>
         <name>mult1632.asm.obj</name>
      </input_file>
      <input_file id="fl-64">
         <path>C:\ti\ccs2041\ccs\tools\compiler\ti-cgt-msp430_21.6.1.LTS\lib\</path>
         <kind>archive</kind>
         <file>rts430x_sc_sd_eabi.lib</file>
         <name>mult1632_f5hw.asm.obj</name>
      </input_file>
      <input_file id="fl-65">
         <path>C:\ti\ccs2041\ccs\tools\compiler\ti-cgt-msp430_21.6.1.LTS\lib\</path>
         <kind>archive</kind>
         <file>rts430x_sc_sd_eabi.lib</file>
         <name>mult32.asm.obj</name>
      </input_file>
      <input_file id="fl-66">
         <path>C:\ti\ccs2041\ccs\tools\compiler\ti-cgt-msp430_21.6.1.LTS\lib\</path>
         <kind>archive</kind>
         <file>rts430x_sc_sd_eabi.lib</file>
         <name>mult32_f5hw.asm.obj</name>
      </input_file>
      <input_file id="fl-67">
         <path>C:\ti\ccs2041\ccs\tools\compiler\ti-cgt-msp430_21.6.1.LTS\lib\</path>
         <kind>archive</kind>
         <file>rts430x_sc_sd_eabi.lib</file>
         <name>mult3264_f5hw.asm.obj</name>
      </input_file>
      <input_file id="fl-68">
         <path>C:\ti\ccs2041\ccs\tools\compiler\ti-cgt-msp430_21.6.1.LTS\lib\</path>
         <kind>archive</kind>
         <file>rts430x_sc_sd_eabi.lib</file>
         <name>mult64.asm.obj</name>
      </input_file>
      <input_file id="fl-69">
         <path>C:\ti\ccs2041\ccs\tools\compiler\ti-cgt-msp430_21.6.1.LTS\lib\</path>
         <kind>archive</kind>
         <file>rts430x_sc_sd_eabi.lib</file>
         <name>mult64_f5hw.asm.obj</name>
      </input_file>
      <input_file id="fl-6a">
         <path>C:\ti\ccs2041\ccs\tools\compiler\ti-cgt-msp430_21.6.1.LTS\lib\</path>
         <kind>archive</kind>
         <file>rts430x_sc_sd_eabi.lib</file>
         <name>boot.c.obj</name>
      </input_file>
      <input_file id="fl-6b">
         <path>C:\ti\ccs2041\ccs\tools\compiler\ti-cgt-msp430_21.6.1.LTS\lib\</path>
         <kind>archive</kind>
         <file>rts430x_sc_sd_eabi.lib</file>
         <name>autoinit.c.obj</name>
      </input_file>
      <input_file id="fl-6c">
         <path>C:\ti\ccs2041\ccs\tools\compiler\ti-cgt-msp430_21.6.1.LTS\lib\</path>
         <kind>archive</kind>
         <file>rts430x_sc_sd_eabi.lib</file>
         <name>copy_zero_init.c.obj</name>
      </input_file>
      <input_file id="fl-6d">
         <path>C:\ti\ccs2041\ccs\tools\compiler\ti-cgt-msp430_21.6.1.LTS\lib\</path>
         <kind>archive</kind>
         <file>rts430x_sc_sd_eabi.lib</file>
         <name>cpy_tbl.c.obj</name>
      </input_file>
      <input_file id="fl-6e">
         <path>C:\ti\ccs2041\ccs\tools\compiler\ti-cgt-msp430_21.6.1.LTS\lib\</path>
         <kind>archive</kind>
         <file>rts430x_sc_sd_eabi.lib</file>
         <name>mpu_init.c.obj</name>
      </input_file>
      <input_file id="fl-6f">
         <path>C:\ti\ccs2041\ccs\tools\compiler\ti-cgt-msp430_21.6.1.LTS\lib\</path>
         <kind>archive</kind>
         <file>rts430x_sc_sd_eabi.lib</file>
         <name>lsl64.c.obj</name>
      </input_file>
      <input_file id="fl-70">
         <path>C:\ti\ccs2041\ccs\tools\compiler\ti-cgt-msp430_21.6.1.LTS\lib\</path>
         <kind>archive</kind>
         <file>rts430x_sc_sd_eabi.lib</file>
         <name>lsr64.c.obj</name>
      </input_file>
      <input_file id="fl-71">
         <path>C:\ti\ccs2041\ccs\tools\compiler\ti-cgt-msp430_21.6.1.LTS\lib\</path>
         <kind>archive</kind>
         <file>rts430x_sc_sd_eabi.lib</file>
         <name>startup.c.obj</name>
      </input_file>
      <input_file id="fl-72">
         <path>C:\ti\ccs2041\ccs\tools\compiler\ti-cgt-msp430_21.6.1.LTS\lib\</path>
         <kind>archive</kind>
         <file>rts430x_sc_sd_eabi.lib</file>
         <name>copy_decompress_none.c.obj</name>
      </input_file>
      <input_file id="fl-73">
         <path>C:\ti\ccs2041\ccs\tools\compiler\ti-cgt-msp430_21.6.1.LTS\lib\</path>
         <kind>archive</kind>
         <file>rts430x_sc_sd_eabi.lib</file>
         <name>copy_decompress_lzss.c.obj</name>
      </input_file>
      <input_file id="fl-74">
         <path>C:\ti\ccs2041\ccs\tools\compiler\ti-cgt-msp430_21.6.1.LTS\lib\</path>
         <kind>archive</kind>
         <file>rts430x_sc_sd_eabi.lib</file>
         <name>exit.c.obj</name>
      </input_file>
      <input_file id="fl-75">
         <path>C:\ti\ccs2041\ccs\tools\compiler\ti-cgt-msp430_21.6.1.LTS\lib\</path>
         <kind>archive</kind>
         <file>rts430x_sc_sd_eabi.lib</file>
         <name>_lock.c.obj</name>
      </input_file>
      <input_file id="fl-76">
         <path>C:\ti\ccs2041\ccs\tools\compiler\ti-cgt-msp430_21.6.1.LTS\lib\</path>
         <kind>archive</kind>
         <file>rts430x_sc_sd_eabi.lib</file>
         <name>args_main.c.obj</name>
      </input_file>
      <input_file id="fl-77">
         <path>C:\ti\ccs2041\ccs\tools\compiler\ti-cgt-msp430_21.6.1.LTS\lib\</path>
         <kind>archive</kind>
         <file>rts430x_sc_sd_eabi.lib</file>
         <name>memcpy.c.obj</name>
      </input_file>
      <input_file id="fl-78">
         <path>C:\ti\ccs2041\ccs\tools\compiler\ti-cgt-msp430_21.6.1.LTS\lib\</path>
         <kind>archive</kind>
         <file>rts430x_sc_sd_eabi.lib</file>
         <name>strcmp.c.obj</name>
      </input_file>
      <input_file id="fl-79">
         <path>C:\ti\ccs2041\ccs\tools\compiler\ti-cgt-msp430_21.6.1.LTS\lib\</path>
         <kind>archive</kind>
         <file>rts430x_sc_sd_eabi.lib</file>
         <name>strncmp.c.obj</name>
      </input_file>
      <input_file id="fl-7a">
         <path>C:\ti\ccs2041\ccs\tools\compiler\ti-cgt-msp430_21.6.1.LTS\lib\</path>
         <kind>archive</kind>
         <file>rts430x_sc_sd_eabi.lib</file>
         <name>strtoul.c.obj</name>
      </input_file>
      <input_file id="fl-7b">
         <path>C:\ti\ccs2041\ccs\tools\compiler\ti-cgt-msp430_21.6.1.LTS\lib\</path>
         <kind>archive</kind>
         <file>rts430x_sc_sd_eabi.lib</file>
         <name>errno.c.obj</name>
      </input_file>
      <input_file id="fl-7c">
         <path>C:\ti\ccs2041\ccs\tools\compiler\ti-cgt-msp430_21.6.1.LTS\lib\</path>
         <kind>archive</kind>
         <file>rts430x_sc_sd_eabi.lib</file>
         <name>abs.c.obj</name>
      </input_file>
      <input_file id="fl-7d">
         <path>C:\ti\ccs2041\ccs\tools\compiler\ti-cgt-msp430_21.6.1.LTS\lib\</path>
         <kind>archive</kind>
         <file>rts430x_sc_sd_eabi.lib</file>
         <name>exit_gvars.c.obj</name>
      </input_file>
      <input_file id="fl-7e">
         <path>C:\ti\ccs2041\ccs\tools\compiler\ti-cgt-msp430_21.6.1.LTS\lib\</path>
         <kind>archive</kind>
         <file>rts430x_sc_sd_eabi.lib</file>
         <name>ctype.c.obj</name>
      </input_file>
   </input_file_list>
   <object_component_list>
      <object_component id="oc-6ff">
         <name>.cinit..data.load</name>
         <load_address>0xc400</load_address>
         <run_address>0xc400</run_address>
         <size>0x183</size>
      </object_component>
      <object_component id="oc-6fc">
         <name>__TI_handler_table</name>
         <load_address>0xc584</load_address>
         <run_address>0xc584</run_address>
         <size>0x6</size>
      </object_component>
      <object_component id="oc-6fe">
         <name>.cinit..bss.load</name>
         <load_address>0xc58a</load_address>
         <run_address>0xc58a</run_address>
         <size>0x4</size>
      </object_component>
      <object_component id="oc-6fd">
         <name>__TI_cinit_table</name>
         <load_address>0xc58e</load_address>
         <run_address>0xc58e</run_address>
         <size>0x8</size>
      </object_component>
      <object_component id="oc-694">
         <name>.binit</name>
         <load_address>0xc596</load_address>
         <run_address>0xc596</run_address>
         <size>0x0</size>
      </object_component>
      <object_component id="oc-622">
         <name>.const:.string:_ctypes_</name>
         <load_address>0xc596</load_address>
         <run_address>0xc596</run_address>
         <size>0x101</size>
         <input_file_ref idref="fl-7e"/>
      </object_component>
      <object_component id="oc-597">
         <name>.const:.string</name>
         <load_address>0xc698</load_address>
         <run_address>0xc698</run_address>
         <size>0x36</size>
         <input_file_ref idref="fl-c"/>
      </object_component>
      <object_component id="oc-382">
         <name>.const:UARTPort</name>
         <load_address>0xc6ce</load_address>
         <run_address>0xc6ce</run_address>
         <size>0x14</size>
         <input_file_ref idref="fl-c"/>
      </object_component>
      <object_component id="oc-55a">
         <name>.text:CAPT_calibrateGain</name>
         <load_address>0xc6e2</load_address>
         <run_address>0xc6e2</run_address>
         <size>0x1c8</size>
         <input_file_ref idref="fl-1d"/>
      </object_component>
      <object_component id="oc-4fc">
         <name>.text:parse_command</name>
         <load_address>0xc8aa</load_address>
         <run_address>0xc8aa</run_address>
         <size>0x1c2</size>
         <input_file_ref idref="fl-c"/>
      </object_component>
      <object_component id="oc-55b">
         <name>.text:CAPT_calibrateOffset</name>
         <load_address>0xca6c</load_address>
         <run_address>0xca6c</run_address>
         <size>0x19c</size>
         <input_file_ref idref="fl-1d"/>
      </object_component>
      <object_component id="oc-5a4">
         <name>.text:strtoul</name>
         <load_address>0xcc08</load_address>
         <run_address>0xcc08</run_address>
         <size>0x194</size>
         <input_file_ref idref="fl-7a"/>
      </object_component>
      <object_component id="oc-4ea">
         <name>.text:CAPT_updateSensor</name>
         <load_address>0xcd9c</load_address>
         <run_address>0xcd9c</run_address>
         <size>0x164</size>
         <input_file_ref idref="fl-20"/>
      </object_component>
      <object_component id="oc-410">
         <name>.text:prepare_tx_for_button</name>
         <load_address>0xcf00</load_address>
         <run_address>0xcf00</run_address>
         <size>0x144</size>
         <input_file_ref idref="fl-c"/>
      </object_component>
      <object_component id="oc-508">
         <name>.text:set_tuning_handling</name>
         <load_address>0xd044</load_address>
         <run_address>0xd044</run_address>
         <size>0x12e</size>
         <input_file_ref idref="fl-c"/>
      </object_component>
      <object_component id="oc-50e">
         <name>.text:get_tuning_handling</name>
         <load_address>0xd172</load_address>
         <run_address>0xd172</run_address>
         <size>0xe0</size>
         <input_file_ref idref="fl-c"/>
      </object_component>
      <object_component id="oc-3f5">
         <name>.text:CS_initFLL</name>
         <load_address>0xd252</load_address>
         <run_address>0xd252</run_address>
         <size>0xc4</size>
         <input_file_ref idref="fl-21"/>
      </object_component>
      <object_component id="oc-291">
         <name>.text:UART_ISR</name>
         <load_address>0xd316</load_address>
         <run_address>0xd316</run_address>
         <size>0xb6</size>
         <input_file_ref idref="fl-8"/>
      </object_component>
      <object_component id="oc-3f4">
         <name>.text:CS_initClockSignal</name>
         <load_address>0xd3cc</load_address>
         <run_address>0xd3cc</run_address>
         <size>0xb4</size>
         <input_file_ref idref="fl-21"/>
      </object_component>
      <object_component id="oc-352">
         <name>.text:BSP_configureMCU</name>
         <load_address>0xd480</load_address>
         <run_address>0xd480</run_address>
         <size>0xa8</size>
         <input_file_ref idref="fl-a"/>
      </object_component>
      <object_component id="oc-30d">
         <name>.text:main</name>
         <load_address>0xd528</load_address>
         <run_address>0xd528</run_address>
         <size>0x86</size>
         <input_file_ref idref="fl-2"/>
      </object_component>
      <object_component id="oc-4ed">
         <name>.text:CAPT_testForRecalibration</name>
         <load_address>0xd5ae</load_address>
         <run_address>0xd5ae</run_address>
         <size>0x70</size>
         <input_file_ref idref="fl-20"/>
      </object_component>
      <object_component id="oc-69">
         <name>.text:decompress:lzss:__TI_decompress_lzss</name>
         <load_address>0xd61e</load_address>
         <run_address>0xd61e</run_address>
         <size>0x6e</size>
         <input_file_ref idref="fl-73"/>
      </object_component>
      <object_component id="oc-4ab">
         <name>.text:CAPT_initSensor</name>
         <load_address>0xd68c</load_address>
         <run_address>0xd68c</run_address>
         <size>0x6a</size>
         <input_file_ref idref="fl-20"/>
      </object_component>
      <object_component id="oc-592">
         <name>.text:CAPT_processSensor</name>
         <load_address>0xd6f6</load_address>
         <run_address>0xd6f6</run_address>
         <size>0x6a</size>
         <input_file_ref idref="fl-20"/>
      </object_component>
      <object_component id="oc-394">
         <name>.text:transmit_pending_data</name>
         <load_address>0xd760</load_address>
         <run_address>0xd760</run_address>
         <size>0x66</size>
         <input_file_ref idref="fl-c"/>
      </object_component>
      <object_component id="oc-385">
         <name>.text:UART_openPort</name>
         <load_address>0xd7c6</load_address>
         <run_address>0xd7c6</run_address>
         <size>0x62</size>
         <input_file_ref idref="fl-8"/>
      </object_component>
      <object_component id="oc-591">
         <name>.text:CAPT_processFSMCycle</name>
         <load_address>0xd828</load_address>
         <run_address>0xd828</run_address>
         <size>0x58</size>
         <input_file_ref idref="fl-20"/>
      </object_component>
      <object_component id="oc-438">
         <name>.text:CAPT_updateUI</name>
         <load_address>0xd880</load_address>
         <run_address>0xd880</run_address>
         <size>0x58</size>
         <input_file_ref idref="fl-3"/>
      </object_component>
      <object_component id="oc-62a">
         <name>.text</name>
         <load_address>0xd8d8</load_address>
         <run_address>0xd8d8</run_address>
         <size>0x58</size>
         <input_file_ref idref="fl-4a"/>
      </object_component>
      <object_component id="oc-61b">
         <name>.text:CAPT_updateSensorNoise</name>
         <load_address>0xd930</load_address>
         <run_address>0xd930</run_address>
         <size>0x56</size>
         <input_file_ref idref="fl-20"/>
      </object_component>
      <object_component id="oc-3cb">
         <name>.text:__TI_auto_init_nobinit_nopinit_hold_wdt:__TI_auto_init_nobinit_nopinit_hold_wdt</name>
         <load_address>0xd986</load_address>
         <run_address>0xd986</run_address>
         <size>0x52</size>
         <input_file_ref idref="fl-6b"/>
      </object_component>
      <object_component id="oc-461">
         <name>.text:process_command</name>
         <load_address>0xd9d8</load_address>
         <run_address>0xd9d8</run_address>
         <size>0x52</size>
         <input_file_ref idref="fl-c"/>
      </object_component>
      <object_component id="oc-61d">
         <name>.text:CAPT_preProcessSlider</name>
         <load_address>0xda2a</load_address>
         <run_address>0xda2a</run_address>
         <size>0x4e</size>
         <input_file_ref idref="fl-20"/>
      </object_component>
      <object_component id="oc-39a">
         <name>.text:process_rx</name>
         <load_address>0xda78</load_address>
         <run_address>0xda78</run_address>
         <size>0x4e</size>
         <input_file_ref idref="fl-c"/>
      </object_component>
      <object_component id="oc-684">
         <name>.text:CAPT_flagAllElementsForReseed</name>
         <load_address>0xdac6</load_address>
         <run_address>0xdac6</run_address>
         <size>0x48</size>
         <input_file_ref idref="fl-20"/>
      </object_component>
      <object_component id="oc-595">
         <name>.text:CAPT_loadCycle</name>
         <load_address>0xdb0e</load_address>
         <run_address>0xdb0e</run_address>
         <size>0x48</size>
         <input_file_ref idref="fl-20"/>
      </object_component>
      <object_component id="oc-526">
         <name>.text:recalib_handling</name>
         <load_address>0xdb56</load_address>
         <run_address>0xdb56</run_address>
         <size>0x46</size>
         <input_file_ref idref="fl-c"/>
      </object_component>
      <object_component id="oc-454">
         <name>.text:UART_transmitBuffer</name>
         <load_address>0xdb9c</load_address>
         <run_address>0xdb9c</run_address>
         <size>0x42</size>
         <input_file_ref idref="fl-8"/>
      </object_component>
      <object_component id="oc-51a">
         <name>.text:disable_handling</name>
         <load_address>0xdbde</load_address>
         <run_address>0xdbde</run_address>
         <size>0x42</size>
         <input_file_ref idref="fl-c"/>
      </object_component>
      <object_component id="oc-514">
         <name>.text:enable_handling</name>
         <load_address>0xdc20</load_address>
         <run_address>0xdc20</run_address>
         <size>0x42</size>
         <input_file_ref idref="fl-c"/>
      </object_component>
      <object_component id="oc-286">
         <name>.text:CAPT_ISR</name>
         <load_address>0xdc62</load_address>
         <run_address>0xdc62</run_address>
         <size>0x40</size>
         <input_file_ref idref="fl-4"/>
      </object_component>
      <object_component id="oc-3fb">
         <name>.text:CAPT_initUI</name>
         <load_address>0xdca2</load_address>
         <run_address>0xdca2</run_address>
         <size>0x40</size>
         <input_file_ref idref="fl-3"/>
      </object_component>
      <object_component id="oc-594">
         <name>.text:CAPT_unloadCycle</name>
         <load_address>0xdce2</load_address>
         <run_address>0xdce2</run_address>
         <size>0x3e</size>
         <input_file_ref idref="fl-20"/>
      </object_component>
      <object_component id="oc-3f3">
         <name>.text:CS_turnOnXT1LFWithTimeout</name>
         <load_address>0xdd20</load_address>
         <run_address>0xdd20</run_address>
         <size>0x3e</size>
         <input_file_ref idref="fl-21"/>
      </object_component>
      <object_component id="oc-502">
         <name>.text:unknown_handling</name>
         <load_address>0xdd5e</load_address>
         <run_address>0xdd5e</run_address>
         <size>0x3e</size>
         <input_file_ref idref="fl-c"/>
      </object_component>
      <object_component id="oc-520">
         <name>.text:verify_handling</name>
         <load_address>0xdd9c</load_address>
         <run_address>0xdd9c</run_address>
         <size>0x3e</size>
         <input_file_ref idref="fl-c"/>
      </object_component>
      <object_component id="oc-358">
         <name>.text:CAPT_appStart</name>
         <load_address>0xddda</load_address>
         <run_address>0xddda</run_address>
         <size>0x3a</size>
         <input_file_ref idref="fl-9"/>
      </object_component>
      <object_component id="oc-61c">
         <name>.text:CAPT_updateSensorTimeout</name>
         <load_address>0xde14</load_address>
         <run_address>0xde14</run_address>
         <size>0x36</size>
         <input_file_ref idref="fl-20"/>
      </object_component>
      <object_component id="oc-3a0">
         <name>.text:CAPT_appSleep</name>
         <load_address>0xde4a</load_address>
         <run_address>0xde4a</run_address>
         <size>0x32</size>
         <input_file_ref idref="fl-9"/>
      </object_component>
      <object_component id="oc-5ca">
         <name>.text:CAPT_startConversionAndWaitUntilDone</name>
         <load_address>0xde7c</load_address>
         <run_address>0xde7c</run_address>
         <size>0x2e</size>
         <input_file_ref idref="fl-20"/>
      </object_component>
      <object_component id="oc-4b7">
         <name>.text:calculate_crc16</name>
         <load_address>0xdeaa</load_address>
         <run_address>0xdeaa</run_address>
         <size>0x2c</size>
         <input_file_ref idref="fl-c"/>
      </object_component>
      <object_component id="oc-38e">
         <name>.text:CAPT_appHandler</name>
         <load_address>0xded6</load_address>
         <run_address>0xded6</run_address>
         <size>0x2a</size>
         <input_file_ref idref="fl-9"/>
      </object_component>
      <object_component id="oc-59e">
         <name>.text:strncmp</name>
         <load_address>0xdf00</load_address>
         <run_address>0xdf00</run_address>
         <size>0x2a</size>
         <input_file_ref idref="fl-79"/>
      </object_component>
      <object_component id="oc-593">
         <name>.text:CAPT_blockOnFlag</name>
         <load_address>0xdf2a</load_address>
         <run_address>0xdf2a</run_address>
         <size>0x26</size>
         <input_file_ref idref="fl-20"/>
      </object_component>
      <object_component id="oc-43e">
         <name>.text:CAPT_getGlobalUIProximityStatus</name>
         <load_address>0xdf50</load_address>
         <run_address>0xdf50</run_address>
         <size>0x24</size>
         <input_file_ref idref="fl-3"/>
      </object_component>
      <object_component id="oc-4ae">
         <name>.text:CAPT_calibrateSensor</name>
         <load_address>0xdf74</load_address>
         <run_address>0xdf74</run_address>
         <size>0x22</size>
         <input_file_ref idref="fl-1d"/>
      </object_component>
      <object_component id="oc-401">
         <name>.text:CAPT_calibrateUI</name>
         <load_address>0xdf96</load_address>
         <run_address>0xdf96</run_address>
         <size>0x20</size>
         <input_file_ref idref="fl-3"/>
      </object_component>
      <object_component id="oc-4aa">
         <name>.text:CAPT_init</name>
         <load_address>0xdfb6</load_address>
         <run_address>0xdfb6</run_address>
         <size>0x20</size>
         <input_file_ref idref="fl-1f"/>
      </object_component>
      <object_component id="oc-4eb">
         <name>.text:CAPT_testForMaxCountRecalibration</name>
         <load_address>0xdfd6</load_address>
         <run_address>0xdfd6</run_address>
         <size>0x20</size>
         <input_file_ref idref="fl-20"/>
      </object_component>
      <object_component id="oc-625">
         <name>.text</name>
         <load_address>0xdff6</load_address>
         <run_address>0xdff6</run_address>
         <size>0x20</size>
         <input_file_ref idref="fl-66"/>
      </object_component>
      <object_component id="oc-3f6">
         <name>.text:CS_clearAllOscFlagsWithTimeout</name>
         <load_address>0xe016</load_address>
         <run_address>0xe016</run_address>
         <size>0x1e</size>
         <input_file_ref idref="fl-21"/>
      </object_component>
      <object_component id="oc-2a9">
         <name>.text:_c_int00_noargs</name>
         <load_address>0xe034</load_address>
         <run_address>0xe034</run_address>
         <size>0x1c</size>
         <input_file_ref idref="fl-6a"/>
      </object_component>
      <object_component id="oc-42d">
         <name>.text:uart_rx_callback</name>
         <load_address>0xe050</load_address>
         <run_address>0xe050</run_address>
         <size>0x1c</size>
         <input_file_ref idref="fl-c"/>
      </object_component>
      <object_component id="oc-467">
         <name>.text:uart_read</name>
         <load_address>0xe06c</load_address>
         <run_address>0xe06c</run_address>
         <size>0x1a</size>
         <input_file_ref idref="fl-c"/>
      </object_component>
      <object_component id="oc-4ec">
         <name>.text:CAPT_testForNegativeTouchRecalibration</name>
         <load_address>0xe086</load_address>
         <run_address>0xe086</run_address>
         <size>0x18</size>
         <input_file_ref idref="fl-20"/>
      </object_component>
      <object_component id="oc-598">
         <name>.text:strcmp</name>
         <load_address>0xe09e</load_address>
         <run_address>0xe09e</run_address>
         <size>0x18</size>
         <input_file_ref idref="fl-78"/>
      </object_component>
      <object_component id="oc-3f1">
         <name>.text:FRAMCtl_configureWaitStateControl</name>
         <load_address>0xe0b6</load_address>
         <run_address>0xe0b6</run_address>
         <size>0x16</size>
         <input_file_ref idref="fl-22"/>
      </object_component>
      <object_component id="oc-297">
         <name>.text:decompress:ZI:__TI_zero_init_nomemset:__TI_zero_init_nomemset</name>
         <load_address>0xe0cc</load_address>
         <run_address>0xe0cc</run_address>
         <size>0x14</size>
         <input_file_ref idref="fl-6c"/>
      </object_component>
      <object_component id="oc-44c">
         <name>.text</name>
         <load_address>0xe0e0</load_address>
         <run_address>0xe0e0</run_address>
         <size>0x14</size>
         <input_file_ref idref="fl-62"/>
      </object_component>
      <object_component id="oc-6f">
         <name>.text:decompress:none:__TI_decompress_none</name>
         <load_address>0xe0f4</load_address>
         <run_address>0xe0f4</run_address>
         <size>0x12</size>
         <input_file_ref idref="fl-72"/>
      </object_component>
      <object_component id="oc-279">
         <name>.text:memcpy</name>
         <load_address>0xe106</load_address>
         <run_address>0xe106</run_address>
         <size>0x12</size>
         <input_file_ref idref="fl-77"/>
      </object_component>
      <object_component id="oc-37c">
         <name>.text:btn03_callback</name>
         <load_address>0xe118</load_address>
         <run_address>0xe118</run_address>
         <size>0xc</size>
         <input_file_ref idref="fl-c"/>
      </object_component>
      <object_component id="oc-3f2">
         <name>.text:CS_setExternalClockSource</name>
         <load_address>0xe124</load_address>
         <run_address>0xe124</run_address>
         <size>0xa</size>
         <input_file_ref idref="fl-21"/>
      </object_component>
      <object_component id="oc-307">
         <name>.text:_system_pre_init</name>
         <load_address>0xe12e</load_address>
         <run_address>0xe12e</run_address>
         <size>0xa</size>
         <input_file_ref idref="fl-a"/>
      </object_component>
      <object_component id="oc-28c">
         <name>.text:_isr:__TI_ISR_TRAP</name>
         <load_address>0xe138</load_address>
         <run_address>0xe138</run_address>
         <size>0x8</size>
         <input_file_ref idref="fl-5c"/>
      </object_component>
      <object_component id="oc-361">
         <name>.text:btn00_callback</name>
         <load_address>0xe140</load_address>
         <run_address>0xe140</run_address>
         <size>0x8</size>
         <input_file_ref idref="fl-c"/>
      </object_component>
      <object_component id="oc-36a">
         <name>.text:btn01_callback</name>
         <load_address>0xe148</load_address>
         <run_address>0xe148</run_address>
         <size>0x8</size>
         <input_file_ref idref="fl-c"/>
      </object_component>
      <object_component id="oc-373">
         <name>.text:btn02_callback</name>
         <load_address>0xe150</load_address>
         <run_address>0xe150</run_address>
         <size>0x8</size>
         <input_file_ref idref="fl-c"/>
      </object_component>
      <object_component id="oc-596">
         <name>.text:CAPT_clearIFG</name>
         <load_address>0xe158</load_address>
         <run_address>0xe158</run_address>
         <size>0x6</size>
         <input_file_ref idref="fl-1f"/>
      </object_component>
      <object_component id="oc-2e9">
         <name>.text:CAPT_getInterruptVector</name>
         <load_address>0xe15e</load_address>
         <run_address>0xe15e</run_address>
         <size>0x6</size>
         <input_file_ref idref="fl-1f"/>
      </object_component>
      <object_component id="oc-3a7">
         <name>.text:abort</name>
         <load_address>0xe164</load_address>
         <run_address>0xe164</run_address>
         <size>0x6</size>
         <input_file_ref idref="fl-74"/>
      </object_component>
      <object_component id="oc-481">
         <name>.text:_system_post_cinit</name>
         <load_address>0xe16a</load_address>
         <run_address>0xe16a</run_address>
         <size>0x2</size>
         <input_file_ref idref="fl-71"/>
      </object_component>
      <object_component id="oc-451">
         <name>.bss:tx_buf</name>
         <uninitialized>true</uninitialized>
         <run_address>0x2100</run_address>
         <size>0xf0</size>
         <input_file_ref idref="fl-c"/>
      </object_component>
      <object_component id="oc-45e">
         <name>.bss:rx_buffer</name>
         <uninitialized>true</uninitialized>
         <run_address>0x21f0</run_address>
         <size>0x80</size>
         <input_file_ref idref="fl-c"/>
      </object_component>
      <object_component id="oc-4e6">
         <name>.bss:rx_ring</name>
         <uninitialized>true</uninitialized>
         <run_address>0x2000</run_address>
         <size>0x100</size>
         <input_file_ref idref="fl-c"/>
      </object_component>
      <object_component id="oc-5b8">
         <name>.bss:frame$1</name>
         <uninitialized>true</uninitialized>
         <run_address>0x2270</run_address>
         <size>0xa</size>
         <input_file_ref idref="fl-c"/>
      </object_component>
      <object_component id="oc-5b6">
         <name>.bss:frame$2</name>
         <uninitialized>true</uninitialized>
         <run_address>0x227a</run_address>
         <size>0xa</size>
         <input_file_ref idref="fl-c"/>
      </object_component>
      <object_component id="oc-5bc">
         <name>.bss:frame$3</name>
         <uninitialized>true</uninitialized>
         <run_address>0x2284</run_address>
         <size>0xa</size>
         <input_file_ref idref="fl-c"/>
      </object_component>
      <object_component id="oc-5ba">
         <name>.bss:frame$4</name>
         <uninitialized>true</uninitialized>
         <run_address>0x228e</run_address>
         <size>0xa</size>
         <input_file_ref idref="fl-c"/>
      </object_component>
      <object_component id="oc-5b0">
         <name>.bss:frame$5</name>
         <uninitialized>true</uninitialized>
         <run_address>0x2298</run_address>
         <size>0xa</size>
         <input_file_ref idref="fl-c"/>
      </object_component>
      <object_component id="oc-5b4">
         <name>.bss:frame$6</name>
         <uninitialized>true</uninitialized>
         <run_address>0x22a2</run_address>
         <size>0xa</size>
         <input_file_ref idref="fl-c"/>
      </object_component>
      <object_component id="oc-5b2">
         <name>.bss:frame$7</name>
         <uninitialized>true</uninitialized>
         <run_address>0x22ac</run_address>
         <size>0xa</size>
         <input_file_ref idref="fl-c"/>
      </object_component>
      <object_component id="oc-2f0">
         <name>.common:g_bEndOfConversionFlag</name>
         <uninitialized>true</uninitialized>
         <run_address>0x2358</run_address>
         <size>0x1</size>
      </object_component>
      <object_component id="oc-2ef">
         <name>.common:g_bDetectionFlag</name>
         <uninitialized>true</uninitialized>
         <run_address>0x2357</run_address>
         <size>0x1</size>
      </object_component>
      <object_component id="oc-2ee">
         <name>.common:g_bConvTimerFlag</name>
         <uninitialized>true</uninitialized>
         <run_address>0x2356</run_address>
         <size>0x1</size>
      </object_component>
      <object_component id="oc-2ed">
         <name>.common:g_bConvCounterFlag</name>
         <uninitialized>true</uninitialized>
         <run_address>0x2355</run_address>
         <size>0x1</size>
      </object_component>
      <object_component id="oc-2ea">
         <name>.common:g_bMaxCountErrorFlag</name>
         <uninitialized>true</uninitialized>
         <run_address>0x2359</run_address>
         <size>0x1</size>
      </object_component>
      <object_component id="oc-2f8">
         <name>.common:g_pUARTPort</name>
         <uninitialized>true</uninitialized>
         <run_address>0x234e</run_address>
         <size>0x2</size>
      </object_component>
      <object_component id="oc-2f3">
         <name>.common:g_pUARTTransmitPtr</name>
         <uninitialized>true</uninitialized>
         <run_address>0x2350</run_address>
         <size>0x2</size>
      </object_component>
      <object_component id="oc-2f6">
         <name>.common:g_ui16UARTTransmitBytesLeft</name>
         <uninitialized>true</uninitialized>
         <run_address>0x2352</run_address>
         <size>0x2</size>
      </object_component>
      <object_component id="oc-2f7">
         <name>.common:g_UARTStatus</name>
         <uninitialized>true</uninitialized>
         <run_address>0x2354</run_address>
         <size>0x1</size>
      </object_component>
      <object_component id="oc-63d">
         <name>.common:BTN03_E00_RawCnts</name>
         <uninitialized>true</uninitialized>
         <run_address>0x2326</run_address>
         <size>0x2</size>
      </object_component>
      <object_component id="oc-63c">
         <name>.common:BTN03_E00_Tuning</name>
         <uninitialized>true</uninitialized>
         <run_address>0x22d6</run_address>
         <size>0x4</size>
      </object_component>
      <object_component id="oc-641">
         <name>.common:BTN03_E01_RawCnts</name>
         <uninitialized>true</uninitialized>
         <run_address>0x2328</run_address>
         <size>0x2</size>
      </object_component>
      <object_component id="oc-640">
         <name>.common:BTN03_E01_Tuning</name>
         <uninitialized>true</uninitialized>
         <run_address>0x22da</run_address>
         <size>0x4</size>
      </object_component>
      <object_component id="oc-645">
         <name>.common:BTN03_E02_RawCnts</name>
         <uninitialized>true</uninitialized>
         <run_address>0x232a</run_address>
         <size>0x2</size>
      </object_component>
      <object_component id="oc-644">
         <name>.common:BTN03_E02_Tuning</name>
         <uninitialized>true</uninitialized>
         <run_address>0x22de</run_address>
         <size>0x4</size>
      </object_component>
      <object_component id="oc-649">
         <name>.common:BTN03_E03_RawCnts</name>
         <uninitialized>true</uninitialized>
         <run_address>0x232c</run_address>
         <size>0x2</size>
      </object_component>
      <object_component id="oc-648">
         <name>.common:BTN03_E03_Tuning</name>
         <uninitialized>true</uninitialized>
         <run_address>0x22e2</run_address>
         <size>0x4</size>
      </object_component>
      <object_component id="oc-64d">
         <name>.common:BTN03_E04_RawCnts</name>
         <uninitialized>true</uninitialized>
         <run_address>0x232e</run_address>
         <size>0x2</size>
      </object_component>
      <object_component id="oc-64c">
         <name>.common:BTN03_E04_Tuning</name>
         <uninitialized>true</uninitialized>
         <run_address>0x22e6</run_address>
         <size>0x4</size>
      </object_component>
      <object_component id="oc-651">
         <name>.common:BTN03_E05_RawCnts</name>
         <uninitialized>true</uninitialized>
         <run_address>0x2330</run_address>
         <size>0x2</size>
      </object_component>
      <object_component id="oc-650">
         <name>.common:BTN03_E05_Tuning</name>
         <uninitialized>true</uninitialized>
         <run_address>0x22ea</run_address>
         <size>0x4</size>
      </object_component>
      <object_component id="oc-635">
         <name>.common:BTN04_E00_RawCnts</name>
         <uninitialized>true</uninitialized>
         <run_address>0x2332</run_address>
         <size>0x2</size>
      </object_component>
      <object_component id="oc-634">
         <name>.common:BTN04_E00_Tuning</name>
         <uninitialized>true</uninitialized>
         <run_address>0x22ee</run_address>
         <size>0x4</size>
      </object_component>
      <object_component id="oc-639">
         <name>.common:BTN04_E01_RawCnts</name>
         <uninitialized>true</uninitialized>
         <run_address>0x2334</run_address>
         <size>0x2</size>
      </object_component>
      <object_component id="oc-638">
         <name>.common:BTN04_E01_Tuning</name>
         <uninitialized>true</uninitialized>
         <run_address>0x22f2</run_address>
         <size>0x4</size>
      </object_component>
      <object_component id="oc-655">
         <name>.common:BTN05_E00_RawCnts</name>
         <uninitialized>true</uninitialized>
         <run_address>0x2336</run_address>
         <size>0x2</size>
      </object_component>
      <object_component id="oc-654">
         <name>.common:BTN05_E00_Tuning</name>
         <uninitialized>true</uninitialized>
         <run_address>0x22f6</run_address>
         <size>0x4</size>
      </object_component>
      <object_component id="oc-659">
         <name>.common:BTN05_E01_RawCnts</name>
         <uninitialized>true</uninitialized>
         <run_address>0x2338</run_address>
         <size>0x2</size>
      </object_component>
      <object_component id="oc-658">
         <name>.common:BTN05_E01_Tuning</name>
         <uninitialized>true</uninitialized>
         <run_address>0x22fa</run_address>
         <size>0x4</size>
      </object_component>
      <object_component id="oc-65d">
         <name>.common:BTN05_E02_RawCnts</name>
         <uninitialized>true</uninitialized>
         <run_address>0x233a</run_address>
         <size>0x2</size>
      </object_component>
      <object_component id="oc-65c">
         <name>.common:BTN05_E02_Tuning</name>
         <uninitialized>true</uninitialized>
         <run_address>0x22fe</run_address>
         <size>0x4</size>
      </object_component>
      <object_component id="oc-661">
         <name>.common:BTN05_E03_RawCnts</name>
         <uninitialized>true</uninitialized>
         <run_address>0x233c</run_address>
         <size>0x2</size>
      </object_component>
      <object_component id="oc-660">
         <name>.common:BTN05_E03_Tuning</name>
         <uninitialized>true</uninitialized>
         <run_address>0x2302</run_address>
         <size>0x4</size>
      </object_component>
      <object_component id="oc-665">
         <name>.common:BTN05_E04_RawCnts</name>
         <uninitialized>true</uninitialized>
         <run_address>0x233e</run_address>
         <size>0x2</size>
      </object_component>
      <object_component id="oc-664">
         <name>.common:BTN05_E04_Tuning</name>
         <uninitialized>true</uninitialized>
         <run_address>0x2306</run_address>
         <size>0x4</size>
      </object_component>
      <object_component id="oc-669">
         <name>.common:BTN05_E05_RawCnts</name>
         <uninitialized>true</uninitialized>
         <run_address>0x2340</run_address>
         <size>0x2</size>
      </object_component>
      <object_component id="oc-668">
         <name>.common:BTN05_E05_Tuning</name>
         <uninitialized>true</uninitialized>
         <run_address>0x230a</run_address>
         <size>0x4</size>
      </object_component>
      <object_component id="oc-66d">
         <name>.common:BTN05_E06_RawCnts</name>
         <uninitialized>true</uninitialized>
         <run_address>0x2342</run_address>
         <size>0x2</size>
      </object_component>
      <object_component id="oc-66c">
         <name>.common:BTN05_E06_Tuning</name>
         <uninitialized>true</uninitialized>
         <run_address>0x230e</run_address>
         <size>0x4</size>
      </object_component>
      <object_component id="oc-671">
         <name>.common:BTN05_E07_RawCnts</name>
         <uninitialized>true</uninitialized>
         <run_address>0x2344</run_address>
         <size>0x2</size>
      </object_component>
      <object_component id="oc-670">
         <name>.common:BTN05_E07_Tuning</name>
         <uninitialized>true</uninitialized>
         <run_address>0x2312</run_address>
         <size>0x4</size>
      </object_component>
      <object_component id="oc-675">
         <name>.common:BTN06_E00_RawCnts</name>
         <uninitialized>true</uninitialized>
         <run_address>0x2346</run_address>
         <size>0x2</size>
      </object_component>
      <object_component id="oc-674">
         <name>.common:BTN06_E00_Tuning</name>
         <uninitialized>true</uninitialized>
         <run_address>0x2316</run_address>
         <size>0x4</size>
      </object_component>
      <object_component id="oc-679">
         <name>.common:BTN06_E01_RawCnts</name>
         <uninitialized>true</uninitialized>
         <run_address>0x2348</run_address>
         <size>0x2</size>
      </object_component>
      <object_component id="oc-678">
         <name>.common:BTN06_E01_Tuning</name>
         <uninitialized>true</uninitialized>
         <run_address>0x231a</run_address>
         <size>0x4</size>
      </object_component>
      <object_component id="oc-67d">
         <name>.common:BTN06_E02_RawCnts</name>
         <uninitialized>true</uninitialized>
         <run_address>0x234a</run_address>
         <size>0x2</size>
      </object_component>
      <object_component id="oc-67c">
         <name>.common:BTN06_E02_Tuning</name>
         <uninitialized>true</uninitialized>
         <run_address>0x231e</run_address>
         <size>0x4</size>
      </object_component>
      <object_component id="oc-681">
         <name>.common:BTN06_E03_RawCnts</name>
         <uninitialized>true</uninitialized>
         <run_address>0x234c</run_address>
         <size>0x2</size>
      </object_component>
      <object_component id="oc-680">
         <name>.common:BTN06_E03_Tuning</name>
         <uninitialized>true</uninitialized>
         <run_address>0x2322</run_address>
         <size>0x4</size>
      </object_component>
      <object_component id="oc-41b">
         <name>.common:BTN03_Params</name>
         <uninitialized>true</uninitialized>
         <run_address>0x22b6</run_address>
         <size>0x8</size>
      </object_component>
      <object_component id="oc-40b">
         <name>.common:BTN04_Params</name>
         <uninitialized>true</uninitialized>
         <run_address>0x22be</run_address>
         <size>0x8</size>
      </object_component>
      <object_component id="oc-422">
         <name>.common:BTN05_Params</name>
         <uninitialized>true</uninitialized>
         <run_address>0x22c6</run_address>
         <size>0x8</size>
      </object_component>
      <object_component id="oc-429">
         <name>.common:BTN06_Params</name>
         <uninitialized>true</uninitialized>
         <run_address>0x22ce</run_address>
         <size>0x8</size>
      </object_component>
      <object_component id="oc-38b">
         <name>.data</name>
         <load_address>0x2671</load_address>
         <run_address>0x2671</run_address>
         <size>0x1</size>
         <input_file_ref idref="fl-2"/>
      </object_component>
      <object_component id="oc-444">
         <name>.data</name>
         <load_address>0x2670</load_address>
         <run_address>0x2670</run_address>
         <size>0x1</size>
         <input_file_ref idref="fl-9"/>
      </object_component>
      <object_component id="oc-5d3">
         <name>.data:BTN03_E00</name>
         <load_address>0x23d2</load_address>
         <run_address>0x23d2</run_address>
         <size>0x1a</size>
         <input_file_ref idref="fl-b"/>
      </object_component>
      <object_component id="oc-5d6">
         <name>.data:BTN03_E01</name>
         <load_address>0x23ec</load_address>
         <run_address>0x23ec</run_address>
         <size>0x1a</size>
         <input_file_ref idref="fl-b"/>
      </object_component>
      <object_component id="oc-5db">
         <name>.data:BTN03_E02</name>
         <load_address>0x2406</load_address>
         <run_address>0x2406</run_address>
         <size>0x1a</size>
         <input_file_ref idref="fl-b"/>
      </object_component>
      <object_component id="oc-5de">
         <name>.data:BTN03_E03</name>
         <load_address>0x2420</load_address>
         <run_address>0x2420</run_address>
         <size>0x1a</size>
         <input_file_ref idref="fl-b"/>
      </object_component>
      <object_component id="oc-5e3">
         <name>.data:BTN03_E04</name>
         <load_address>0x243a</load_address>
         <run_address>0x243a</run_address>
         <size>0x1a</size>
         <input_file_ref idref="fl-b"/>
      </object_component>
      <object_component id="oc-5e6">
         <name>.data:BTN03_E05</name>
         <load_address>0x2454</load_address>
         <run_address>0x2454</run_address>
         <size>0x1a</size>
         <input_file_ref idref="fl-b"/>
      </object_component>
      <object_component id="oc-5cb">
         <name>.data:BTN04_E00</name>
         <load_address>0x246e</load_address>
         <run_address>0x246e</run_address>
         <size>0x1a</size>
         <input_file_ref idref="fl-b"/>
      </object_component>
      <object_component id="oc-5ce">
         <name>.data:BTN04_E01</name>
         <load_address>0x2488</load_address>
         <run_address>0x2488</run_address>
         <size>0x1a</size>
         <input_file_ref idref="fl-b"/>
      </object_component>
      <object_component id="oc-5eb">
         <name>.data:BTN05_E00</name>
         <load_address>0x24a2</load_address>
         <run_address>0x24a2</run_address>
         <size>0x1a</size>
         <input_file_ref idref="fl-b"/>
      </object_component>
      <object_component id="oc-5ee">
         <name>.data:BTN05_E01</name>
         <load_address>0x24bc</load_address>
         <run_address>0x24bc</run_address>
         <size>0x1a</size>
         <input_file_ref idref="fl-b"/>
      </object_component>
      <object_component id="oc-5f3">
         <name>.data:BTN05_E02</name>
         <load_address>0x24d6</load_address>
         <run_address>0x24d6</run_address>
         <size>0x1a</size>
         <input_file_ref idref="fl-b"/>
      </object_component>
      <object_component id="oc-5f6">
         <name>.data:BTN05_E03</name>
         <load_address>0x24f0</load_address>
         <run_address>0x24f0</run_address>
         <size>0x1a</size>
         <input_file_ref idref="fl-b"/>
      </object_component>
      <object_component id="oc-5fb">
         <name>.data:BTN05_E04</name>
         <load_address>0x250a</load_address>
         <run_address>0x250a</run_address>
         <size>0x1a</size>
         <input_file_ref idref="fl-b"/>
      </object_component>
      <object_component id="oc-5fe">
         <name>.data:BTN05_E05</name>
         <load_address>0x2524</load_address>
         <run_address>0x2524</run_address>
         <size>0x1a</size>
         <input_file_ref idref="fl-b"/>
      </object_component>
      <object_component id="oc-603">
         <name>.data:BTN05_E06</name>
         <load_address>0x253e</load_address>
         <run_address>0x253e</run_address>
         <size>0x1a</size>
         <input_file_ref idref="fl-b"/>
      </object_component>
      <object_component id="oc-606">
         <name>.data:BTN05_E07</name>
         <load_address>0x2558</load_address>
         <run_address>0x2558</run_address>
         <size>0x1a</size>
         <input_file_ref idref="fl-b"/>
      </object_component>
      <object_component id="oc-60b">
         <name>.data:BTN06_E00</name>
         <load_address>0x2572</load_address>
         <run_address>0x2572</run_address>
         <size>0x1a</size>
         <input_file_ref idref="fl-b"/>
      </object_component>
      <object_component id="oc-60e">
         <name>.data:BTN06_E01</name>
         <load_address>0x258c</load_address>
         <run_address>0x258c</run_address>
         <size>0x1a</size>
         <input_file_ref idref="fl-b"/>
      </object_component>
      <object_component id="oc-613">
         <name>.data:BTN06_E02</name>
         <load_address>0x25a6</load_address>
         <run_address>0x25a6</run_address>
         <size>0x1a</size>
         <input_file_ref idref="fl-b"/>
      </object_component>
      <object_component id="oc-616">
         <name>.data:BTN06_E03</name>
         <load_address>0x25c0</load_address>
         <run_address>0x25c0</run_address>
         <size>0x1a</size>
         <input_file_ref idref="fl-b"/>
      </object_component>
      <object_component id="oc-562">
         <name>.data:BTN03_C00_Elements</name>
         <load_address>0x2610</load_address>
         <run_address>0x2610</run_address>
         <size>0x4</size>
         <input_file_ref idref="fl-b"/>
      </object_component>
      <object_component id="oc-4c5">
         <name>.data:BTN03_C00</name>
         <load_address>0x260c</load_address>
         <run_address>0x260c</run_address>
         <size>0x4</size>
         <input_file_ref idref="fl-b"/>
      </object_component>
      <object_component id="oc-567">
         <name>.data:BTN03_C01_Elements</name>
         <load_address>0x2618</load_address>
         <run_address>0x2618</run_address>
         <size>0x4</size>
         <input_file_ref idref="fl-b"/>
      </object_component>
      <object_component id="oc-4c8">
         <name>.data:BTN03_C01</name>
         <load_address>0x2614</load_address>
         <run_address>0x2614</run_address>
         <size>0x4</size>
         <input_file_ref idref="fl-b"/>
      </object_component>
      <object_component id="oc-56c">
         <name>.data:BTN03_C02_Elements</name>
         <load_address>0x2620</load_address>
         <run_address>0x2620</run_address>
         <size>0x4</size>
         <input_file_ref idref="fl-b"/>
      </object_component>
      <object_component id="oc-4cb">
         <name>.data:BTN03_C02</name>
         <load_address>0x261c</load_address>
         <run_address>0x261c</run_address>
         <size>0x4</size>
         <input_file_ref idref="fl-b"/>
      </object_component>
      <object_component id="oc-55c">
         <name>.data:BTN04_C00_Elements</name>
         <load_address>0x2628</load_address>
         <run_address>0x2628</run_address>
         <size>0x4</size>
         <input_file_ref idref="fl-b"/>
      </object_component>
      <object_component id="oc-4b0">
         <name>.data:BTN04_C00</name>
         <load_address>0x2624</load_address>
         <run_address>0x2624</run_address>
         <size>0x4</size>
         <input_file_ref idref="fl-b"/>
      </object_component>
      <object_component id="oc-571">
         <name>.data:BTN05_C00_Elements</name>
         <load_address>0x2630</load_address>
         <run_address>0x2630</run_address>
         <size>0x4</size>
         <input_file_ref idref="fl-b"/>
      </object_component>
      <object_component id="oc-4d0">
         <name>.data:BTN05_C00</name>
         <load_address>0x262c</load_address>
         <run_address>0x262c</run_address>
         <size>0x4</size>
         <input_file_ref idref="fl-b"/>
      </object_component>
      <object_component id="oc-576">
         <name>.data:BTN05_C01_Elements</name>
         <load_address>0x2638</load_address>
         <run_address>0x2638</run_address>
         <size>0x4</size>
         <input_file_ref idref="fl-b"/>
      </object_component>
      <object_component id="oc-4d3">
         <name>.data:BTN05_C01</name>
         <load_address>0x2634</load_address>
         <run_address>0x2634</run_address>
         <size>0x4</size>
         <input_file_ref idref="fl-b"/>
      </object_component>
      <object_component id="oc-57b">
         <name>.data:BTN05_C02_Elements</name>
         <load_address>0x2640</load_address>
         <run_address>0x2640</run_address>
         <size>0x4</size>
         <input_file_ref idref="fl-b"/>
      </object_component>
      <object_component id="oc-4d6">
         <name>.data:BTN05_C02</name>
         <load_address>0x263c</load_address>
         <run_address>0x263c</run_address>
         <size>0x4</size>
         <input_file_ref idref="fl-b"/>
      </object_component>
      <object_component id="oc-580">
         <name>.data:BTN05_C03_Elements</name>
         <load_address>0x2648</load_address>
         <run_address>0x2648</run_address>
         <size>0x4</size>
         <input_file_ref idref="fl-b"/>
      </object_component>
      <object_component id="oc-4d9">
         <name>.data:BTN05_C03</name>
         <load_address>0x2644</load_address>
         <run_address>0x2644</run_address>
         <size>0x4</size>
         <input_file_ref idref="fl-b"/>
      </object_component>
      <object_component id="oc-585">
         <name>.data:BTN06_C00_Elements</name>
         <load_address>0x2650</load_address>
         <run_address>0x2650</run_address>
         <size>0x4</size>
         <input_file_ref idref="fl-b"/>
      </object_component>
      <object_component id="oc-4de">
         <name>.data:BTN06_C00</name>
         <load_address>0x264c</load_address>
         <run_address>0x264c</run_address>
         <size>0x4</size>
         <input_file_ref idref="fl-b"/>
      </object_component>
      <object_component id="oc-58a">
         <name>.data:BTN06_C01_Elements</name>
         <load_address>0x2658</load_address>
         <run_address>0x2658</run_address>
         <size>0x4</size>
         <input_file_ref idref="fl-b"/>
      </object_component>
      <object_component id="oc-4e1">
         <name>.data:BTN06_C01</name>
         <load_address>0x2654</load_address>
         <run_address>0x2654</run_address>
         <size>0x4</size>
         <input_file_ref idref="fl-b"/>
      </object_component>
      <object_component id="oc-418">
         <name>.data:BTN03_Cycles</name>
         <load_address>0x2606</load_address>
         <run_address>0x2606</run_address>
         <size>0x6</size>
         <input_file_ref idref="fl-b"/>
      </object_component>
      <object_component id="oc-367">
         <name>.data:BTN03</name>
         <load_address>0x235a</load_address>
         <run_address>0x235a</run_address>
         <size>0x1e</size>
         <input_file_ref idref="fl-b"/>
      </object_component>
      <object_component id="oc-408">
         <name>.data:BTN04_Cycles</name>
         <load_address>0x266c</load_address>
         <run_address>0x266c</run_address>
         <size>0x2</size>
         <input_file_ref idref="fl-b"/>
      </object_component>
      <object_component id="oc-35e">
         <name>.data:BTN04</name>
         <load_address>0x2378</load_address>
         <run_address>0x2378</run_address>
         <size>0x1e</size>
         <input_file_ref idref="fl-b"/>
      </object_component>
      <object_component id="oc-41f">
         <name>.data:BTN05_Cycles</name>
         <load_address>0x25f6</load_address>
         <run_address>0x25f6</run_address>
         <size>0x8</size>
         <input_file_ref idref="fl-b"/>
      </object_component>
      <object_component id="oc-370">
         <name>.data:BTN05</name>
         <load_address>0x2396</load_address>
         <run_address>0x2396</run_address>
         <size>0x1e</size>
         <input_file_ref idref="fl-b"/>
      </object_component>
      <object_component id="oc-426">
         <name>.data:BTN06_Cycles</name>
         <load_address>0x265c</load_address>
         <run_address>0x265c</run_address>
         <size>0x4</size>
         <input_file_ref idref="fl-b"/>
      </object_component>
      <object_component id="oc-379">
         <name>.data:BTN06</name>
         <load_address>0x23b4</load_address>
         <run_address>0x23b4</run_address>
         <size>0x1e</size>
         <input_file_ref idref="fl-b"/>
      </object_component>
      <object_component id="oc-4a5">
         <name>.data:g_pCaptivateSensorArray</name>
         <load_address>0x25fe</load_address>
         <run_address>0x25fe</run_address>
         <size>0x8</size>
         <input_file_ref idref="fl-b"/>
      </object_component>
      <object_component id="oc-3f8">
         <name>.data:g_uiApp</name>
         <load_address>0x25da</load_address>
         <run_address>0x25da</run_address>
         <size>0xe</size>
         <input_file_ref idref="fl-b"/>
      </object_component>
      <object_component id="oc-449">
         <name>.data:tx_frame_counts</name>
         <load_address>0x2664</load_address>
         <run_address>0x2664</run_address>
         <size>0x4</size>
         <input_file_ref idref="fl-c"/>
      </object_component>
      <object_component id="oc-446">
         <name>.data:tx_pending_flags</name>
         <load_address>0x2668</load_address>
         <run_address>0x2668</run_address>
         <size>0x4</size>
         <input_file_ref idref="fl-c"/>
      </object_component>
      <object_component id="oc-45b">
         <name>.data</name>
         <load_address>0x25e8</load_address>
         <run_address>0x25e8</run_address>
         <size>0xe</size>
         <input_file_ref idref="fl-c"/>
      </object_component>
      <object_component id="oc-4a4">
         <name>.data</name>
         <load_address>0x2660</load_address>
         <run_address>0x2660</run_address>
         <size>0x4</size>
         <input_file_ref idref="fl-21"/>
      </object_component>
      <object_component id="oc-62f">
         <name>.data</name>
         <load_address>0x266e</load_address>
         <run_address>0x266e</run_address>
         <size>0x2</size>
         <input_file_ref idref="fl-7b"/>
      </object_component>
      <object_component id="oc-26a">
         <name>.stack</name>
         <uninitialized>true</uninitialized>
         <run_address>0x2f00</run_address>
         <size>0x2</size>
         <input_file_ref idref="fl-6a"/>
      </object_component>
      <object_component id="oc-700">
         <name>.stack</name>
         <uninitialized>true</uninitialized>
         <run_address>0x2f00</run_address>
         <size>0x0</size>
      </object_component>
      <object_component id="oc-75">
         <name>.int40</name>
         <load_address>0xffd8</load_address>
         <run_address>0xffd8</run_address>
         <size>0x2</size>
         <input_file_ref idref="fl-4"/>
      </object_component>
      <object_component id="oc-76">
         <name>.int41</name>
         <load_address>0xffda</load_address>
         <run_address>0xffda</run_address>
         <size>0x2</size>
         <input_file_ref idref="fl-4b"/>
      </object_component>
      <object_component id="oc-77">
         <name>.int42</name>
         <load_address>0xffdc</load_address>
         <run_address>0xffdc</run_address>
         <size>0x2</size>
         <input_file_ref idref="fl-4c"/>
      </object_component>
      <object_component id="oc-78">
         <name>.int43</name>
         <load_address>0xffde</load_address>
         <run_address>0xffde</run_address>
         <size>0x2</size>
         <input_file_ref idref="fl-4d"/>
      </object_component>
      <object_component id="oc-79">
         <name>.int44</name>
         <load_address>0xffe0</load_address>
         <run_address>0xffe0</run_address>
         <size>0x2</size>
         <input_file_ref idref="fl-4e"/>
      </object_component>
      <object_component id="oc-7a">
         <name>.int45</name>
         <load_address>0xffe2</load_address>
         <run_address>0xffe2</run_address>
         <size>0x2</size>
         <input_file_ref idref="fl-4f"/>
      </object_component>
      <object_component id="oc-7b">
         <name>.int46</name>
         <load_address>0xffe4</load_address>
         <run_address>0xffe4</run_address>
         <size>0x2</size>
         <input_file_ref idref="fl-8"/>
      </object_component>
      <object_component id="oc-7c">
         <name>.int47</name>
         <load_address>0xffe6</load_address>
         <run_address>0xffe6</run_address>
         <size>0x2</size>
         <input_file_ref idref="fl-50"/>
      </object_component>
      <object_component id="oc-7d">
         <name>.int48</name>
         <load_address>0xffe8</load_address>
         <run_address>0xffe8</run_address>
         <size>0x2</size>
         <input_file_ref idref="fl-51"/>
      </object_component>
      <object_component id="oc-7e">
         <name>.int49</name>
         <load_address>0xffea</load_address>
         <run_address>0xffea</run_address>
         <size>0x2</size>
         <input_file_ref idref="fl-52"/>
      </object_component>
      <object_component id="oc-7f">
         <name>.int50</name>
         <load_address>0xffec</load_address>
         <run_address>0xffec</run_address>
         <size>0x2</size>
         <input_file_ref idref="fl-53"/>
      </object_component>
      <object_component id="oc-80">
         <name>.int51</name>
         <load_address>0xffee</load_address>
         <run_address>0xffee</run_address>
         <size>0x2</size>
         <input_file_ref idref="fl-54"/>
      </object_component>
      <object_component id="oc-81">
         <name>.int52</name>
         <load_address>0xfff0</load_address>
         <run_address>0xfff0</run_address>
         <size>0x2</size>
         <input_file_ref idref="fl-55"/>
      </object_component>
      <object_component id="oc-82">
         <name>.int53</name>
         <load_address>0xfff2</load_address>
         <run_address>0xfff2</run_address>
         <size>0x2</size>
         <input_file_ref idref="fl-56"/>
      </object_component>
      <object_component id="oc-83">
         <name>.int54</name>
         <load_address>0xfff4</load_address>
         <run_address>0xfff4</run_address>
         <size>0x2</size>
         <input_file_ref idref="fl-57"/>
      </object_component>
      <object_component id="oc-84">
         <name>.int55</name>
         <load_address>0xfff6</load_address>
         <run_address>0xfff6</run_address>
         <size>0x2</size>
         <input_file_ref idref="fl-58"/>
      </object_component>
      <object_component id="oc-85">
         <name>.int56</name>
         <load_address>0xfff8</load_address>
         <run_address>0xfff8</run_address>
         <size>0x2</size>
         <input_file_ref idref="fl-59"/>
      </object_component>
      <object_component id="oc-86">
         <name>.int57</name>
         <load_address>0xfffa</load_address>
         <run_address>0xfffa</run_address>
         <size>0x2</size>
         <input_file_ref idref="fl-5a"/>
      </object_component>
      <object_component id="oc-87">
         <name>.int58</name>
         <load_address>0xfffc</load_address>
         <run_address>0xfffc</run_address>
         <size>0x2</size>
         <input_file_ref idref="fl-5b"/>
      </object_component>
      <object_component id="oc-26d">
         <name>.reset</name>
         <load_address>0xfffe</load_address>
         <run_address>0xfffe</run_address>
         <size>0x2</size>
         <input_file_ref idref="fl-6a"/>
      </object_component>
      <object_component id="oc-3e6">
         <name>.debug_info</name>
         <load_address>0x0</load_address>
         <run_address>0x0</run_address>
         <size>0x4af</size>
         <input_file_ref idref="fl-2"/>
      </object_component>
      <object_component id="oc-38c">
         <name>.debug_info</name>
         <load_address>0x4af</load_address>
         <run_address>0x4af</run_address>
         <size>0xcc</size>
         <input_file_ref idref="fl-2"/>
      </object_component>
      <object_component id="oc-30e">
         <name>.debug_info</name>
         <load_address>0x57b</load_address>
         <run_address>0x57b</run_address>
         <size>0x19a</size>
         <input_file_ref idref="fl-2"/>
      </object_component>
      <object_component id="oc-334">
         <name>.debug_info</name>
         <load_address>0x715</load_address>
         <run_address>0x715</run_address>
         <size>0x11e7</size>
         <input_file_ref idref="fl-2"/>
      </object_component>
      <object_component id="oc-345">
         <name>.debug_info</name>
         <load_address>0x18fc</load_address>
         <run_address>0x18fc</run_address>
         <size>0xbb</size>
         <input_file_ref idref="fl-2"/>
      </object_component>
      <object_component id="oc-33e">
         <name>.debug_info</name>
         <load_address>0x19b7</load_address>
         <run_address>0x19b7</run_address>
         <size>0x26b</size>
         <input_file_ref idref="fl-2"/>
      </object_component>
      <object_component id="oc-4c0">
         <name>.debug_info</name>
         <load_address>0x1c22</load_address>
         <run_address>0x1c22</run_address>
         <size>0x110</size>
         <input_file_ref idref="fl-2"/>
      </object_component>
      <object_component id="oc-3ec">
         <name>.debug_info</name>
         <load_address>0x1d32</load_address>
         <run_address>0x1d32</run_address>
         <size>0xee</size>
         <input_file_ref idref="fl-2"/>
      </object_component>
      <object_component id="oc-2fa">
         <name>.debug_info</name>
         <load_address>0x1e20</load_address>
         <run_address>0x1e20</run_address>
         <size>0x8b</size>
         <input_file_ref idref="fl-2"/>
      </object_component>
      <object_component id="oc-3e7">
         <name>.debug_info</name>
         <load_address>0x1eab</load_address>
         <run_address>0x1eab</run_address>
         <size>0x282</size>
         <input_file_ref idref="fl-2"/>
      </object_component>
      <object_component id="oc-339">
         <name>.debug_info</name>
         <load_address>0x212d</load_address>
         <run_address>0x212d</run_address>
         <size>0xbb</size>
         <input_file_ref idref="fl-2"/>
      </object_component>
      <object_component id="oc-34a">
         <name>.debug_info</name>
         <load_address>0x21e8</load_address>
         <run_address>0x21e8</run_address>
         <size>0x35</size>
         <input_file_ref idref="fl-2"/>
      </object_component>
      <object_component id="oc-4ad">
         <name>.debug_info</name>
         <load_address>0x221d</load_address>
         <run_address>0x221d</run_address>
         <size>0x3b8</size>
         <input_file_ref idref="fl-3"/>
      </object_component>
      <object_component id="oc-43a">
         <name>.debug_info</name>
         <load_address>0x25d5</load_address>
         <run_address>0x25d5</run_address>
         <size>0x23a</size>
         <input_file_ref idref="fl-3"/>
      </object_component>
      <object_component id="oc-3fc">
         <name>.debug_info</name>
         <load_address>0x280f</load_address>
         <run_address>0x280f</run_address>
         <size>0x1d0</size>
         <input_file_ref idref="fl-3"/>
      </object_component>
      <object_component id="oc-43f">
         <name>.debug_info</name>
         <load_address>0x29df</load_address>
         <run_address>0x29df</run_address>
         <size>0x1a1</size>
         <input_file_ref idref="fl-3"/>
      </object_component>
      <object_component id="oc-402">
         <name>.debug_info</name>
         <load_address>0x2b80</load_address>
         <run_address>0x2b80</run_address>
         <size>0x1b3</size>
         <input_file_ref idref="fl-3"/>
      </object_component>
      <object_component id="oc-2dd">
         <name>.debug_info</name>
         <load_address>0x2d33</load_address>
         <run_address>0x2d33</run_address>
         <size>0x2c</size>
         <input_file_ref idref="fl-3"/>
      </object_component>
      <object_component id="oc-2eb">
         <name>.debug_info</name>
         <load_address>0x2d5f</load_address>
         <run_address>0x2d5f</run_address>
         <size>0x341</size>
         <input_file_ref idref="fl-4"/>
      </object_component>
      <object_component id="oc-287">
         <name>.debug_info</name>
         <load_address>0x30a0</load_address>
         <run_address>0x30a0</run_address>
         <size>0x14e</size>
         <input_file_ref idref="fl-4"/>
      </object_component>
      <object_component id="oc-2f4">
         <name>.debug_info</name>
         <load_address>0x31ee</load_address>
         <run_address>0x31ee</run_address>
         <size>0x3cd</size>
         <input_file_ref idref="fl-8"/>
      </object_component>
      <object_component id="oc-458">
         <name>.debug_info</name>
         <load_address>0x35bb</load_address>
         <run_address>0x35bb</run_address>
         <size>0x1a8</size>
         <input_file_ref idref="fl-8"/>
      </object_component>
      <object_component id="oc-389">
         <name>.debug_info</name>
         <load_address>0x3763</load_address>
         <run_address>0x3763</run_address>
         <size>0x176</size>
         <input_file_ref idref="fl-8"/>
      </object_component>
      <object_component id="oc-295">
         <name>.debug_info</name>
         <load_address>0x38d9</load_address>
[...]
         <object_component_ref idref="oc-4d9"/>
      </symbol>
      <symbol id="sm-464">
         <name>BTN06_C00</name>
         <value>0x264c</value>
         <object_component_ref idref="oc-4de"/>
      </symbol>
      <symbol id="sm-465">
         <name>BTN06_C01</name>
         <value>0x2654</value>
         <object_component_ref idref="oc-4e1"/>
      </symbol>
      <symbol id="sm-466">
         <name>BTN04_Cycles</name>
         <value>0x266c</value>
         <object_component_ref idref="oc-408"/>
      </symbol>
      <symbol id="sm-467">
         <name>g_pCaptivateSensorArray</name>
         <value>0x25fe</value>
         <object_component_ref idref="oc-4a5"/>
      </symbol>
      <symbol id="sm-468">
         <name>BTN05_C03_Elements</name>
         <value>0x2648</value>
         <object_component_ref idref="oc-580"/>
      </symbol>
      <symbol id="sm-469">
         <name>BTN05_C01_Elements</name>
         <value>0x2638</value>
         <object_component_ref idref="oc-576"/>
      </symbol>
      <symbol id="sm-46a">
         <name>BTN03_E04</name>
         <value>0x243a</value>
         <object_component_ref idref="oc-5e3"/>
      </symbol>
      <symbol id="sm-46b">
         <name>BTN03_E05</name>
         <value>0x2454</value>
         <object_component_ref idref="oc-5e6"/>
      </symbol>
      <symbol id="sm-46c">
         <name>BTN03_E00</name>
         <value>0x23d2</value>
         <object_component_ref idref="oc-5d3"/>
      </symbol>
      <symbol id="sm-46d">
         <name>BTN03_E01</name>
         <value>0x23ec</value>
         <object_component_ref idref="oc-5d6"/>
      </symbol>
      <symbol id="sm-46e">
         <name>BTN03_E02</name>
         <value>0x2406</value>
         <object_component_ref idref="oc-5db"/>
      </symbol>
      <symbol id="sm-46f">
         <name>BTN03_E03</name>
         <value>0x2420</value>
         <object_component_ref idref="oc-5de"/>
      </symbol>
      <symbol id="sm-470">
         <name>BTN05_Cycles</name>
         <value>0x25f6</value>
         <object_component_ref idref="oc-41f"/>
      </symbol>
      <symbol id="sm-471">
         <name>g_uiApp</name>
         <value>0x25da</value>
         <object_component_ref idref="oc-3f8"/>
      </symbol>
      <symbol id="sm-472">
         <name>BTN05_C02_Elements</name>
         <value>0x2640</value>
         <object_component_ref idref="oc-57b"/>
      </symbol>
      <symbol id="sm-473">
         <name>BTN05_C00_Elements</name>
         <value>0x2630</value>
         <object_component_ref idref="oc-571"/>
      </symbol>
      <symbol id="sm-474">
         <name>BTN04_E00</name>
         <value>0x246e</value>
         <object_component_ref idref="oc-5cb"/>
      </symbol>
      <symbol id="sm-475">
         <name>BTN04_E01</name>
         <value>0x2488</value>
         <object_component_ref idref="oc-5ce"/>
      </symbol>
      <symbol id="sm-476">
         <name>BTN03_C01_Elements</name>
         <value>0x2618</value>
         <object_component_ref idref="oc-567"/>
      </symbol>
      <symbol id="sm-477">
         <name>BTN03_C00</name>
         <value>0x260c</value>
         <object_component_ref idref="oc-4c5"/>
      </symbol>
      <symbol id="sm-478">
         <name>BTN03_C01</name>
         <value>0x2614</value>
         <object_component_ref idref="oc-4c8"/>
      </symbol>
      <symbol id="sm-479">
         <name>BTN03_C02</name>
         <value>0x261c</value>
         <object_component_ref idref="oc-4cb"/>
      </symbol>
      <symbol id="sm-47a">
         <name>BTN05_E04</name>
         <value>0x250a</value>
         <object_component_ref idref="oc-5fb"/>
      </symbol>
      <symbol id="sm-47b">
         <name>BTN05_E05</name>
         <value>0x2524</value>
         <object_component_ref idref="oc-5fe"/>
      </symbol>
      <symbol id="sm-47c">
         <name>BTN05_E06</name>
         <value>0x253e</value>
         <object_component_ref idref="oc-603"/>
      </symbol>
      <symbol id="sm-47d">
         <name>BTN05_E07</name>
         <value>0x2558</value>
         <object_component_ref idref="oc-606"/>
      </symbol>
      <symbol id="sm-47e">
         <name>BTN05_E00</name>
         <value>0x24a2</value>
         <object_component_ref idref="oc-5eb"/>
      </symbol>
      <symbol id="sm-47f">
         <name>BTN05_E01</name>
         <value>0x24bc</value>
         <object_component_ref idref="oc-5ee"/>
      </symbol>
      <symbol id="sm-480">
         <name>BTN05_E02</name>
         <value>0x24d6</value>
         <object_component_ref idref="oc-5f3"/>
      </symbol>
      <symbol id="sm-481">
         <name>BTN05_E03</name>
         <value>0x24f0</value>
         <object_component_ref idref="oc-5f6"/>
      </symbol>
      <symbol id="sm-482">
         <name>BTN03</name>
         <value>0x235a</value>
         <object_component_ref idref="oc-367"/>
      </symbol>
      <symbol id="sm-483">
         <name>BTN06</name>
         <value>0x23b4</value>
         <object_component_ref idref="oc-379"/>
      </symbol>
      <symbol id="sm-484">
         <name>BTN05</name>
         <value>0x2396</value>
         <object_component_ref idref="oc-370"/>
      </symbol>
      <symbol id="sm-485">
         <name>BTN04</name>
         <value>0x2378</value>
         <object_component_ref idref="oc-35e"/>
      </symbol>
      <symbol id="sm-486">
         <name>BTN03_Cycles</name>
         <value>0x2606</value>
         <object_component_ref idref="oc-418"/>
      </symbol>
      <symbol id="sm-487">
         <name>BTN06_Cycles</name>
         <value>0x265c</value>
         <object_component_ref idref="oc-426"/>
      </symbol>
      <symbol id="sm-488">
         <name>BTN03_C02_Elements</name>
         <value>0x2620</value>
         <object_component_ref idref="oc-56c"/>
      </symbol>
      <symbol id="sm-489">
         <name>BTN03_C00_Elements</name>
         <value>0x2610</value>
         <object_component_ref idref="oc-562"/>
      </symbol>
      <symbol id="sm-48a">
         <name>BTN06_E00</name>
         <value>0x2572</value>
         <object_component_ref idref="oc-60b"/>
      </symbol>
      <symbol id="sm-48b">
         <name>BTN06_E01</name>
         <value>0x258c</value>
         <object_component_ref idref="oc-60e"/>
      </symbol>
      <symbol id="sm-48c">
         <name>BTN06_E02</name>
         <value>0x25a6</value>
         <object_component_ref idref="oc-613"/>
      </symbol>
      <symbol id="sm-48d">
         <name>BTN06_E03</name>
         <value>0x25c0</value>
         <object_component_ref idref="oc-616"/>
      </symbol>
      <symbol id="sm-5bc">
         <name>uart_rx_callback</name>
         <value>0xe050</value>
         <object_component_ref idref="oc-42d"/>
      </symbol>
      <symbol id="sm-5bd">
         <name>parse_command</name>
         <value>0xc8aa</value>
         <object_component_ref idref="oc-4fc"/>
      </symbol>
      <symbol id="sm-5be">
         <name>recalib_handling</name>
         <value>0xdb56</value>
         <object_component_ref idref="oc-526"/>
      </symbol>
      <symbol id="sm-5bf">
         <name>transmit_pending_data</name>
         <value>0xd760</value>
         <object_component_ref idref="oc-394"/>
      </symbol>
      <symbol id="sm-5c0">
         <name>unknown_handling</name>
         <value>0xdd5e</value>
         <object_component_ref idref="oc-502"/>
      </symbol>
      <symbol id="sm-5c1">
         <name>set_tuning_handling</name>
         <value>0xd044</value>
         <object_component_ref idref="oc-508"/>
      </symbol>
      <symbol id="sm-5c2">
         <name>get_tuning_handling</name>
         <value>0xd172</value>
         <object_component_ref idref="oc-50e"/>
      </symbol>
      <symbol id="sm-5c3">
         <name>verify_handling</name>
         <value>0xdd9c</value>
         <object_component_ref idref="oc-520"/>
      </symbol>
      <symbol id="sm-5c4">
         <name>disable_handling</name>
         <value>0xdbde</value>
         <object_component_ref idref="oc-51a"/>
      </symbol>
      <symbol id="sm-5c5">
         <name>process_command</name>
         <value>0xd9d8</value>
         <object_component_ref idref="oc-461"/>
      </symbol>
      <symbol id="sm-5c6">
         <name>uart_read</name>
         <value>0xe06c</value>
         <object_component_ref idref="oc-467"/>
      </symbol>
      <symbol id="sm-5c7">
         <name>btn02_callback</name>
         <value>0xe150</value>
         <object_component_ref idref="oc-373"/>
      </symbol>
      <symbol id="sm-5c8">
         <name>btn00_callback</name>
         <value>0xe140</value>
         <object_component_ref idref="oc-361"/>
      </symbol>
      <symbol id="sm-5c9">
         <name>enable_handling</name>
         <value>0xdc20</value>
         <object_component_ref idref="oc-514"/>
      </symbol>
      <symbol id="sm-5ca">
         <name>btn03_callback</name>
         <value>0xe118</value>
         <object_component_ref idref="oc-37c"/>
      </symbol>
      <symbol id="sm-5cb">
         <name>btn01_callback</name>
         <value>0xe148</value>
         <object_component_ref idref="oc-36a"/>
      </symbol>
      <symbol id="sm-5cc">
         <name>process_rx</name>
         <value>0xda78</value>
         <object_component_ref idref="oc-39a"/>
      </symbol>
      <symbol id="sm-5cd">
         <name>UARTPort</name>
         <value>0xc6ce</value>
         <object_component_ref idref="oc-382"/>
      </symbol>
      <symbol id="sm-5f5">
         <name>CAPT_calibrateOffset</name>
         <value>0xca6c</value>
         <object_component_ref idref="oc-55b"/>
      </symbol>
      <symbol id="sm-5f6">
         <name>CAPT_calibrateGain</name>
         <value>0xc6e2</value>
         <object_component_ref idref="oc-55a"/>
      </symbol>
      <symbol id="sm-5f7">
         <name>CAPT_calibrateSensor</name>
         <value>0xdf74</value>
         <object_component_ref idref="oc-4ae"/>
      </symbol>
      <symbol id="sm-5fd">
         <name>CAPT_getInterruptVector</name>
         <value>0xe15e</value>
         <object_component_ref idref="oc-2e9"/>
      </symbol>
      <symbol id="sm-5fe">
         <name>CAPT_init</name>
         <value>0xdfb6</value>
         <object_component_ref idref="oc-4aa"/>
      </symbol>
      <symbol id="sm-5ff">
         <name>CAPT_clearIFG</name>
         <value>0xe158</value>
         <object_component_ref idref="oc-596"/>
      </symbol>
      <symbol id="sm-642">
         <name>CAPT_updateSensorTimeout</name>
         <value>0xde14</value>
         <object_component_ref idref="oc-61c"/>
      </symbol>
      <symbol id="sm-643">
         <name>CAPT_updateSensor</name>
         <value>0xcd9c</value>
         <object_component_ref idref="oc-4ea"/>
      </symbol>
      <symbol id="sm-644">
         <name>CAPT_processSensor</name>
         <value>0xd6f6</value>
         <object_component_ref idref="oc-592"/>
      </symbol>
      <symbol id="sm-645">
         <name>CAPT_flagAllElementsForReseed</name>
         <value>0xdac6</value>
         <object_component_ref idref="oc-684"/>
      </symbol>
      <symbol id="sm-646">
         <name>CAPT_blockOnFlag</name>
         <value>0xdf2a</value>
         <object_component_ref idref="oc-593"/>
      </symbol>
      <symbol id="sm-647">
         <name>CAPT_startConversionAndWaitUntilDone</name>
         <value>0xde7c</value>
         <object_component_ref idref="oc-5ca"/>
      </symbol>
      <symbol id="sm-648">
         <name>CAPT_unloadCycle</name>
         <value>0xdce2</value>
         <object_component_ref idref="oc-594"/>
      </symbol>
      <symbol id="sm-649">
         <name>CAPT_testForRecalibration</name>
         <value>0xd5ae</value>
         <object_component_ref idref="oc-4ed"/>
      </symbol>
      <symbol id="sm-64a">
         <name>CAPT_initSensor</name>
         <value>0xd68c</value>
         <object_component_ref idref="oc-4ab"/>
      </symbol>
      <symbol id="sm-64b">
         <name>CAPT_preProcessSlider</name>
         <value>0xda2a</value>
         <object_component_ref idref="oc-61d"/>
      </symbol>
      <symbol id="sm-64c">
         <name>CAPT_loadCycle</name>
         <value>0xdb0e</value>
         <object_component_ref idref="oc-595"/>
      </symbol>
      <symbol id="sm-64d">
         <name>CAPT_updateSensorNoise</name>
         <value>0xd930</value>
         <object_component_ref idref="oc-61b"/>
      </symbol>
      <symbol id="sm-64e">
         <name>CAPT_processFSMCycle</name>
         <value>0xd828</value>
         <object_component_ref idref="oc-591"/>
      </symbol>
      <symbol id="sm-64f">
         <name>CAPT_testForNegativeTouchRecalibration</name>
         <value>0xe086</value>
         <object_component_ref idref="oc-4ec"/>
      </symbol>
      <symbol id="sm-650">
         <name>CAPT_testForMaxCountRecalibration</name>
         <value>0xdfd6</value>
         <object_component_ref idref="oc-4eb"/>
      </symbol>
      <symbol id="sm-676">
         <name>CS_clearAllOscFlagsWithTimeout</name>
         <value>0xe016</value>
         <object_component_ref idref="oc-3f6"/>
      </symbol>
      <symbol id="sm-677">
         <name>CS_initFLL</name>
         <value>0xd252</value>
         <object_component_ref idref="oc-3f5"/>
      </symbol>
      <symbol id="sm-678">
         <name>CS_setExternalClockSource</name>
         <value>0xe124</value>
         <object_component_ref idref="oc-3f2"/>
      </symbol>
      <symbol id="sm-679">
         <name>CS_turnOnXT1LFWithTimeout</name>
         <value>0xdd20</value>
         <object_component_ref idref="oc-3f3"/>
      </symbol>
      <symbol id="sm-67a">
         <name>CS_initClockSignal</name>
         <value>0xd3cc</value>
         <object_component_ref idref="oc-3f4"/>
      </symbol>
      <symbol id="sm-67d">
         <name>FRAMCtl_configureWaitStateControl</name>
         <value>0xe0b6</value>
         <object_component_ref idref="oc-3f1"/>
      </symbol>
      <symbol id="sm-68e">
         <name>__mspabi_remul</name>
         <value>0xd8d8</value>
         <object_component_ref idref="oc-62a"/>
      </symbol>
      <symbol id="sm-68f">
         <name>__mspabi_divul</name>
         <value>0xd8d8</value>
         <object_component_ref idref="oc-62a"/>
      </symbol>
      <symbol id="sm-692">
         <name>__TI_int41</name>
         <value>0xffda</value>
         <object_component_ref idref="oc-76"/>
      </symbol>
      <symbol id="sm-695">
         <name>__TI_int42</name>
         <value>0xffdc</value>
         <object_component_ref idref="oc-77"/>
      </symbol>
      <symbol id="sm-698">
         <name>__TI_int43</name>
         <value>0xffde</value>
         <object_component_ref idref="oc-78"/>
      </symbol>
      <symbol id="sm-69b">
         <name>__TI_int44</name>
         <value>0xffe0</value>
         <object_component_ref idref="oc-79"/>
      </symbol>
      <symbol id="sm-69e">
         <name>__TI_int45</name>
         <value>0xffe2</value>
         <object_component_ref idref="oc-7a"/>
      </symbol>
      <symbol id="sm-6a1">
         <name>__TI_int47</name>
         <value>0xffe6</value>
         <object_component_ref idref="oc-7c"/>
      </symbol>
      <symbol id="sm-6a4">
         <name>__TI_int48</name>
         <value>0xffe8</value>
         <object_component_ref idref="oc-7d"/>
      </symbol>
      <symbol id="sm-6a7">
         <name>__TI_int49</name>
         <value>0xffea</value>
         <object_component_ref idref="oc-7e"/>
      </symbol>
      <symbol id="sm-6aa">
         <name>__TI_int50</name>
         <value>0xffec</value>
         <object_component_ref idref="oc-7f"/>
      </symbol>
      <symbol id="sm-6ad">
         <name>__TI_int51</name>
         <value>0xffee</value>
         <object_component_ref idref="oc-80"/>
      </symbol>
      <symbol id="sm-6b0">
         <name>__TI_int52</name>
         <value>0xfff0</value>
         <object_component_ref idref="oc-81"/>
      </symbol>
      <symbol id="sm-6b3">
         <name>__TI_int53</name>
         <value>0xfff2</value>
         <object_component_ref idref="oc-82"/>
      </symbol>
      <symbol id="sm-6b6">
         <name>__TI_int54</name>
         <value>0xfff4</value>
         <object_component_ref idref="oc-83"/>
      </symbol>
      <symbol id="sm-6b9">
         <name>__TI_int55</name>
         <value>0xfff6</value>
         <object_component_ref idref="oc-84"/>
      </symbol>
      <symbol id="sm-6bc">
         <name>__TI_int56</name>
         <value>0xfff8</value>
         <object_component_ref idref="oc-85"/>
      </symbol>
      <symbol id="sm-6bf">
         <name>__TI_int57</name>
         <value>0xfffa</value>
         <object_component_ref idref="oc-86"/>
      </symbol>
      <symbol id="sm-6c2">
         <name>__TI_int58</name>
         <value>0xfffc</value>
         <object_component_ref idref="oc-87"/>
      </symbol>
      <symbol id="sm-6ca">
         <name>__TI_ISR_TRAP</name>
         <value>0xe138</value>
         <object_component_ref idref="oc-28c"/>
      </symbol>
      <symbol id="sm-6d7">
         <name>__mspabi_mpyi_f5hw</name>
         <value>0xe0e0</value>
         <object_component_ref idref="oc-44c"/>
      </symbol>
      <symbol id="sm-6e2">
         <name>__mspabi_mpyl_f5hw</name>
         <value>0xdff6</value>
         <object_component_ref idref="oc-625"/>
      </symbol>
      <symbol id="sm-6fa">
         <name>_stack</name>
         <value>0x2f00</value>
         <object_component_ref idref="oc-26a"/>
      </symbol>
      <symbol id="sm-6fb">
         <name>_c_int00_noargs</name>
         <value>0xe034</value>
         <object_component_ref idref="oc-2a9"/>
      </symbol>
      <symbol id="sm-6fc">
         <name>_reset_vector</name>
         <value>0xfffe</value>
         <object_component_ref idref="oc-26d"/>
      </symbol>
      <symbol id="sm-71e">
         <name>__TI_auto_init_nobinit_nopinit_hold_wdt</name>
         <value>0xd986</value>
         <object_component_ref idref="oc-3cb"/>
      </symbol>
      <symbol id="sm-731">
         <name>__TI_zero_init_nomemset</name>
         <value>0xe0cc</value>
         <object_component_ref idref="oc-297"/>
      </symbol>
      <symbol id="sm-73e">
         <name>_system_post_cinit</name>
         <value>0xe16a</value>
         <object_component_ref idref="oc-481"/>
      </symbol>
      <symbol id="sm-754">
         <name>__TI_decompress_none</name>
         <value>0xe0f4</value>
         <object_component_ref idref="oc-6f"/>
      </symbol>
      <symbol id="sm-777">
         <name>__TI_decompress_lzss</name>
         <value>0xd61e</value>
         <object_component_ref idref="oc-69"/>
      </symbol>
      <symbol id="sm-781">
         <name>C$$EXIT</name>
         <value>0xe164</value>
         <object_component_ref idref="oc-3a7"/>
      </symbol>
      <symbol id="sm-782">
         <name>abort</name>
         <value>0xe164</value>
         <object_component_ref idref="oc-3a7"/>
      </symbol>
      <symbol id="sm-792">
         <name>memcpy</name>
         <value>0xe106</value>
         <object_component_ref idref="oc-279"/>
      </symbol>
      <symbol id="sm-7a0">
         <name>strcmp</name>
         <value>0xe09e</value>
         <object_component_ref idref="oc-598"/>
      </symbol>
      <symbol id="sm-7b0">
         <name>strncmp</name>
         <value>0xdf00</value>
         <object_component_ref idref="oc-59e"/>
      </symbol>
      <symbol id="sm-7d5">
         <name>strtoul</name>
         <value>0xcc08</value>
         <object_component_ref idref="oc-5a4"/>
      </symbol>
      <symbol id="sm-7dc">
         <name>errno</name>
         <value>0x266e</value>
         <object_component_ref idref="oc-62f"/>
      </symbol>
      <symbol id="sm-7e8">
         <name>_ctypes_</name>
         <value>0xc596</value>
         <object_component_ref idref="oc-622"/>
      </symbol>
   </symbol_table>
   <title>Link successful</title>
</link_info>
