<?xml version="1.0" encoding="ISO-8859-1" ?>
<link_info>
   <banner>MSP430 Linker PC v21.6.1.LTS</banner>
   <copyright>Copyright (c) 2003-2018 Texas Instruments Incorporated</copyright>
   <link_time>0x6a2c04b4</link_time>
   <link_errors>0x0</link_errors>
   <output_file>MW.out</output_file>
   <entry_point>
      <name>_c_int00_noargs</name>
      <address>0xdfc6</address>
   </entry_point>
   <input_file_list>
      <input_file id="fl-2">
         <path>.\</path>
         <kind>object</kind>
         <file>main.obj</file>
         <name>main.obj</name>
      </input_file>
      <input_file id="fl-3">
         <path>.\captivate\ADVANCED\</path>
         <kind>object</kind>
         <file>CAPT_Manager.obj</file>
         <name>CAPT_Manager.obj</name>
      </input_file>
      <input_file id="fl-4">
         <path>.\captivate\BASE\</path>
         <kind>object</kind>
         <file>CAPT_ISR.obj</file>
         <name>CAPT_ISR.obj</name>
      </input_file>
      <input_file id="fl-5">
         <path>.\captivate\COMM\</path>
         <kind>object</kind>
         <file>CAPT_Interface.obj</file>
         <name>CAPT_Interface.obj</name>
      </input_file>
      <input_file id="fl-6">
         <path>.\captivate\COMM\</path>
         <kind>object</kind>
         <file>FunctionTimer.obj</file>
         <name>FunctionTimer.obj</name>
      </input_file>
      <input_file id="fl-7">
         <path>.\captivate\COMM\</path>
         <kind>object</kind>
         <file>I2CSlave.obj</file>
         <name>I2CSlave.obj</name>
      </input_file>
      <input_file id="fl-8">
         <path>.\captivate\COMM\</path>
         <kind>object</kind>
         <file>UART.obj</file>
         <name>UART.obj</name>
      </input_file>
      <input_file id="fl-9">
         <path>.\captivate_app\</path>
         <kind>object</kind>
         <file>CAPT_App.obj</file>
         <name>CAPT_App.obj</name>
      </input_file>
      <input_file id="fl-a">
         <path>.\captivate_app\</path>
         <kind>object</kind>
         <file>CAPT_BSP.obj</file>
         <name>CAPT_BSP.obj</name>
      </input_file>
      <input_file id="fl-b">
         <path>.\captivate_config\</path>
         <kind>object</kind>
         <file>CAPT_UserConfig.obj</file>
         <name>CAPT_UserConfig.obj</name>
      </input_file>
      <input_file id="fl-c">
         <path>.\mymodule\</path>
         <kind>object</kind>
         <file>mymodule.obj</file>
         <name>mymodule.obj</name>
      </input_file>
      <input_file id="fl-1c">
         <kind>object</kind>
         <file>&lt;internal&gt;</file>
         <name>&lt;internal&gt;</name>
      </input_file>
      <input_file id="fl-1d">
         <path>..\captivate\BASE\libraries\</path>
         <kind>archive</kind>
         <file>captivate_fr2633_family.lib</file>
         <name>CAPT_Calibration.o</name>
      </input_file>
      <input_file id="fl-1e">
         <path>..\captivate\BASE\libraries\</path>
         <kind>archive</kind>
         <file>captivate_fr2633_family.lib</file>
         <name>CAPT_EMC.o</name>
      </input_file>
      <input_file id="fl-1f">
         <path>..\captivate\BASE\libraries\</path>
         <kind>archive</kind>
         <file>captivate_fr2633_family.lib</file>
         <name>CAPT_HAL.o</name>
      </input_file>
      <input_file id="fl-20">
         <path>..\captivate\BASE\libraries\</path>
         <kind>archive</kind>
         <file>captivate_fr2633_family.lib</file>
         <name>CAPT_Touch.o</name>
      </input_file>
      <input_file id="fl-21">
         <path>..\driverlib\MSP430FR2xx_4xx\libraries\</path>
         <kind>archive</kind>
         <file>driverlib_fr2633_family.lib</file>
         <name>cs.o</name>
      </input_file>
      <input_file id="fl-22">
         <path>..\driverlib\MSP430FR2xx_4xx\libraries\</path>
         <kind>archive</kind>
         <file>driverlib_fr2633_family.lib</file>
         <name>framctl.o</name>
      </input_file>
      <input_file id="fl-47">
         <path>C:\ti\ccs2041\ccs\tools\compiler\ti-cgt-msp430_21.6.1.LTS\lib\</path>
         <kind>archive</kind>
         <file>rts430x_sc_sd_eabi.lib</file>
         <name>div16s.asm.obj</name>
      </input_file>
      <input_file id="fl-48">
         <path>C:\ti\ccs2041\ccs\tools\compiler\ti-cgt-msp430_21.6.1.LTS\lib\</path>
         <kind>archive</kind>
         <file>rts430x_sc_sd_eabi.lib</file>
         <name>div16u.asm.obj</name>
      </input_file>
      <input_file id="fl-49">
         <path>C:\ti\ccs2041\ccs\tools\compiler\ti-cgt-msp430_21.6.1.LTS\lib\</path>
         <kind>archive</kind>
         <file>rts430x_sc_sd_eabi.lib</file>
         <name>div32s.asm.obj</name>
      </input_file>
      <input_file id="fl-4a">
         <path>C:\ti\ccs2041\ccs\tools\compiler\ti-cgt-msp430_21.6.1.LTS\lib\</path>
         <kind>archive</kind>
         <file>rts430x_sc_sd_eabi.lib</file>
         <name>div32u.asm.obj</name>
      </input_file>
      <input_file id="fl-4b">
         <path>C:\ti\ccs2041\ccs\tools\compiler\ti-cgt-msp430_21.6.1.LTS\lib\</path>
         <kind>archive</kind>
         <file>rts430x_sc_sd_eabi.lib</file>
         <name>int41.asm.obj</name>
      </input_file>
      <input_file id="fl-4c">
         <path>C:\ti\ccs2041\ccs\tools\compiler\ti-cgt-msp430_21.6.1.LTS\lib\</path>
         <kind>archive</kind>
         <file>rts430x_sc_sd_eabi.lib</file>
         <name>int42.asm.obj</name>
      </input_file>
      <input_file id="fl-4d">
         <path>C:\ti\ccs2041\ccs\tools\compiler\ti-cgt-msp430_21.6.1.LTS\lib\</path>
         <kind>archive</kind>
         <file>rts430x_sc_sd_eabi.lib</file>
         <name>int43.asm.obj</name>
      </input_file>
      <input_file id="fl-4e">
         <path>C:\ti\ccs2041\ccs\tools\compiler\ti-cgt-msp430_21.6.1.LTS\lib\</path>
         <kind>archive</kind>
         <file>rts430x_sc_sd_eabi.lib</file>
         <name>int44.asm.obj</name>
      </input_file>
      <input_file id="fl-4f">
         <path>C:\ti\ccs2041\ccs\tools\compiler\ti-cgt-msp430_21.6.1.LTS\lib\</path>
         <kind>archive</kind>
         <file>rts430x_sc_sd_eabi.lib</file>
         <name>int45.asm.obj</name>
      </input_file>
      <input_file id="fl-50">
         <path>C:\ti\ccs2041\ccs\tools\compiler\ti-cgt-msp430_21.6.1.LTS\lib\</path>
         <kind>archive</kind>
         <file>rts430x_sc_sd_eabi.lib</file>
         <name>int47.asm.obj</name>
      </input_file>
      <input_file id="fl-51">
         <path>C:\ti\ccs2041\ccs\tools\compiler\ti-cgt-msp430_21.6.1.LTS\lib\</path>
         <kind>archive</kind>
         <file>rts430x_sc_sd_eabi.lib</file>
         <name>int48.asm.obj</name>
      </input_file>
      <input_file id="fl-52">
         <path>C:\ti\ccs2041\ccs\tools\compiler\ti-cgt-msp430_21.6.1.LTS\lib\</path>
         <kind>archive</kind>
         <file>rts430x_sc_sd_eabi.lib</file>
         <name>int49.asm.obj</name>
      </input_file>
      <input_file id="fl-53">
         <path>C:\ti\ccs2041\ccs\tools\compiler\ti-cgt-msp430_21.6.1.LTS\lib\</path>
         <kind>archive</kind>
         <file>rts430x_sc_sd_eabi.lib</file>
         <name>int50.asm.obj</name>
      </input_file>
      <input_file id="fl-54">
         <path>C:\ti\ccs2041\ccs\tools\compiler\ti-cgt-msp430_21.6.1.LTS\lib\</path>
         <kind>archive</kind>
         <file>rts430x_sc_sd_eabi.lib</file>
         <name>int51.asm.obj</name>
      </input_file>
      <input_file id="fl-55">
         <path>C:\ti\ccs2041\ccs\tools\compiler\ti-cgt-msp430_21.6.1.LTS\lib\</path>
         <kind>archive</kind>
         <file>rts430x_sc_sd_eabi.lib</file>
         <name>int52.asm.obj</name>
      </input_file>
      <input_file id="fl-56">
         <path>C:\ti\ccs2041\ccs\tools\compiler\ti-cgt-msp430_21.6.1.LTS\lib\</path>
         <kind>archive</kind>
         <file>rts430x_sc_sd_eabi.lib</file>
         <name>int53.asm.obj</name>
      </input_file>
      <input_file id="fl-57">
         <path>C:\ti\ccs2041\ccs\tools\compiler\ti-cgt-msp430_21.6.1.LTS\lib\</path>
         <kind>archive</kind>
         <file>rts430x_sc_sd_eabi.lib</file>
         <name>int54.asm.obj</name>
      </input_file>
      <input_file id="fl-58">
         <path>C:\ti\ccs2041\ccs\tools\compiler\ti-cgt-msp430_21.6.1.LTS\lib\</path>
         <kind>archive</kind>
         <file>rts430x_sc_sd_eabi.lib</file>
         <name>int55.asm.obj</name>
      </input_file>
      <input_file id="fl-59">
         <path>C:\ti\ccs2041\ccs\tools\compiler\ti-cgt-msp430_21.6.1.LTS\lib\</path>
         <kind>archive</kind>
         <file>rts430x_sc_sd_eabi.lib</file>
         <name>int56.asm.obj</name>
      </input_file>
      <input_file id="fl-5a">
         <path>C:\ti\ccs2041\ccs\tools\compiler\ti-cgt-msp430_21.6.1.LTS\lib\</path>
         <kind>archive</kind>
         <file>rts430x_sc_sd_eabi.lib</file>
         <name>int57.asm.obj</name>
      </input_file>
      <input_file id="fl-5b">
         <path>C:\ti\ccs2041\ccs\tools\compiler\ti-cgt-msp430_21.6.1.LTS\lib\</path>
         <kind>archive</kind>
         <file>rts430x_sc_sd_eabi.lib</file>
         <name>int58.asm.obj</name>
      </input_file>
      <input_file id="fl-5c">
         <path>C:\ti\ccs2041\ccs\tools\compiler\ti-cgt-msp430_21.6.1.LTS\lib\</path>
         <kind>archive</kind>
         <file>rts430x_sc_sd_eabi.lib</file>
         <name>isr_trap.asm.obj</name>
      </input_file>
      <input_file id="fl-5d">
         <path>C:\ti\ccs2041\ccs\tools\compiler\ti-cgt-msp430_21.6.1.LTS\lib\</path>
         <kind>archive</kind>
         <file>rts430x_sc_sd_eabi.lib</file>
         <name>lsl16.asm.obj</name>
      </input_file>
      <input_file id="fl-5e">
         <path>C:\ti\ccs2041\ccs\tools\compiler\ti-cgt-msp430_21.6.1.LTS\lib\</path>
         <kind>archive</kind>
         <file>rts430x_sc_sd_eabi.lib</file>
         <name>lsl32.asm.obj</name>
      </input_file>
      <input_file id="fl-5f">
         <path>C:\ti\ccs2041\ccs\tools\compiler\ti-cgt-msp430_21.6.1.LTS\lib\</path>
         <kind>archive</kind>
         <file>rts430x_sc_sd_eabi.lib</file>
         <name>lsr16.asm.obj</name>
      </input_file>
      <input_file id="fl-60">
         <path>C:\ti\ccs2041\ccs\tools\compiler\ti-cgt-msp430_21.6.1.LTS\lib\</path>
         <kind>archive</kind>
         <file>rts430x_sc_sd_eabi.lib</file>
         <name>lsr32.asm.obj</name>
      </input_file>
      <input_file id="fl-61">
         <path>C:\ti\ccs2041\ccs\tools\compiler\ti-cgt-msp430_21.6.1.LTS\lib\</path>
         <kind>archive</kind>
         <file>rts430x_sc_sd_eabi.lib</file>
         <name>mult16.asm.obj</name>
      </input_file>
      <input_file id="fl-62">
         <path>C:\ti\ccs2041\ccs\tools\compiler\ti-cgt-msp430_21.6.1.LTS\lib\</path>
         <kind>archive</kind>
         <file>rts430x_sc_sd_eabi.lib</file>
         <name>mult16_f5hw.asm.obj</name>
      </input_file>
      <input_file id="fl-63">
         <path>C:\ti\ccs2041\ccs\tools\compiler\ti-cgt-msp430_21.6.1.LTS\lib\</path>
         <kind>archive</kind>
         <file>rts430x_sc_sd_eabi.lib</file>
         <name>mult1632.asm.obj</name>
      </input_file>
      <input_file id="fl-64">
         <path>C:\ti\ccs2041\ccs\tools\compiler\ti-cgt-msp430_21.6.1.LTS\lib\</path>
         <kind>archive</kind>
         <file>rts430x_sc_sd_eabi.lib</file>
         <name>mult1632_f5hw.asm.obj</name>
      </input_file>
      <input_file id="fl-65">
         <path>C:\ti\ccs2041\ccs\tools\compiler\ti-cgt-msp430_21.6.1.LTS\lib\</path>
         <kind>archive</kind>
         <file>rts430x_sc_sd_eabi.lib</file>
         <name>mult32.asm.obj</name>
      </input_file>
      <input_file id="fl-66">
         <path>C:\ti\ccs2041\ccs\tools\compiler\ti-cgt-msp430_21.6.1.LTS\lib\</path>
         <kind>archive</kind>
         <file>rts430x_sc_sd_eabi.lib</file>
         <name>mult32_f5hw.asm.obj</name>
      </input_file>
      <input_file id="fl-67">
         <path>C:\ti\ccs2041\ccs\tools\compiler\ti-cgt-msp430_21.6.1.LTS\lib\</path>
         <kind>archive</kind>
         <file>rts430x_sc_sd_eabi.lib</file>
         <name>mult3264_f5hw.asm.obj</name>
      </input_file>
      <input_file id="fl-68">
         <path>C:\ti\ccs2041\ccs\tools\compiler\ti-cgt-msp430_21.6.1.LTS\lib\</path>
         <kind>archive</kind>
         <file>rts430x_sc_sd_eabi.lib</file>
         <name>mult64.asm.obj</name>
      </input_file>
      <input_file id="fl-69">
         <path>C:\ti\ccs2041\ccs\tools\compiler\ti-cgt-msp430_21.6.1.LTS\lib\</path>
         <kind>archive</kind>
         <file>rts430x_sc_sd_eabi.lib</file>
         <name>mult64_f5hw.asm.obj</name>
      </input_file>
      <input_file id="fl-6a">
         <path>C:\ti\ccs2041\ccs\tools\compiler\ti-cgt-msp430_21.6.1.LTS\lib\</path>
         <kind>archive</kind>
         <file>rts430x_sc_sd_eabi.lib</file>
         <name>boot.c.obj</name>
      </input_file>
      <input_file id="fl-6b">
         <path>C:\ti\ccs2041\ccs\tools\compiler\ti-cgt-msp430_21.6.1.LTS\lib\</path>
         <kind>archive</kind>
         <file>rts430x_sc_sd_eabi.lib</file>
         <name>autoinit.c.obj</name>
      </input_file>
      <input_file id="fl-6c">
         <path>C:\ti\ccs2041\ccs\tools\compiler\ti-cgt-msp430_21.6.1.LTS\lib\</path>
         <kind>archive</kind>
         <file>rts430x_sc_sd_eabi.lib</file>
         <name>copy_zero_init.c.obj</name>
      </input_file>
      <input_file id="fl-6d">
         <path>C:\ti\ccs2041\ccs\tools\compiler\ti-cgt-msp430_21.6.1.LTS\lib\</path>
         <kind>archive</kind>
         <file>rts430x_sc_sd_eabi.lib</file>
         <name>cpy_tbl.c.obj</name>
      </input_file>
      <input_file id="fl-6e">
         <path>C:\ti\ccs2041\ccs\tools\compiler\ti-cgt-msp430_21.6.1.LTS\lib\</path>
         <kind>archive</kind>
         <file>rts430x_sc_sd_eabi.lib</file>
         <name>mpu_init.c.obj</name>
      </input_file>
      <input_file id="fl-6f">
         <path>C:\ti\ccs2041\ccs\tools\compiler\ti-cgt-msp430_21.6.1.LTS\lib\</path>
         <kind>archive</kind>
         <file>rts430x_sc_sd_eabi.lib</file>
         <name>lsl64.c.obj</name>
      </input_file>
      <input_file id="fl-70">
         <path>C:\ti\ccs2041\ccs\tools\compiler\ti-cgt-msp430_21.6.1.LTS\lib\</path>
         <kind>archive</kind>
         <file>rts430x_sc_sd_eabi.lib</file>
         <name>lsr64.c.obj</name>
      </input_file>
      <input_file id="fl-71">
         <path>C:\ti\ccs2041\ccs\tools\compiler\ti-cgt-msp430_21.6.1.LTS\lib\</path>
         <kind>archive</kind>
         <file>rts430x_sc_sd_eabi.lib</file>
         <name>startup.c.obj</name>
      </input_file>
      <input_file id="fl-72">
         <path>C:\ti\ccs2041\ccs\tools\compiler\ti-cgt-msp430_21.6.1.LTS\lib\</path>
         <kind>archive</kind>
         <file>rts430x_sc_sd_eabi.lib</file>
         <name>copy_decompress_none.c.obj</name>
      </input_file>
      <input_file id="fl-73">
         <path>C:\ti\ccs2041\ccs\tools\compiler\ti-cgt-msp430_21.6.1.LTS\lib\</path>
         <kind>archive</kind>
         <file>rts430x_sc_sd_eabi.lib</file>
         <name>copy_decompress_lzss.c.obj</name>
      </input_file>
      <input_file id="fl-74">
         <path>C:\ti\ccs2041\ccs\tools\compiler\ti-cgt-msp430_21.6.1.LTS\lib\</path>
         <kind>archive</kind>
         <file>rts430x_sc_sd_eabi.lib</file>
         <name>exit.c.obj</name>
      </input_file>
      <input_file id="fl-75">
         <path>C:\ti\ccs2041\ccs\tools\compiler\ti-cgt-msp430_21.6.1.LTS\lib\</path>
         <kind>archive</kind>
         <file>rts430x_sc_sd_eabi.lib</file>
         <name>_lock.c.obj</name>
      </input_file>
      <input_file id="fl-76">
         <path>C:\ti\ccs2041\ccs\tools\compiler\ti-cgt-msp430_21.6.1.LTS\lib\</path>
         <kind>archive</kind>
         <file>rts430x_sc_sd_eabi.lib</file>
         <name>args_main.c.obj</name>
      </input_file>
      <input_file id="fl-77">
         <path>C:\ti\ccs2041\ccs\tools\compiler\ti-cgt-msp430_21.6.1.LTS\lib\</path>
         <kind>archive</kind>
         <file>rts430x_sc_sd_eabi.lib</file>
         <name>memcpy.c.obj</name>
      </input_file>
      <input_file id="fl-78">
         <path>C:\ti\ccs2041\ccs\tools\compiler\ti-cgt-msp430_21.6.1.LTS\lib\</path>
         <kind>archive</kind>
         <file>rts430x_sc_sd_eabi.lib</file>
         <name>strcmp.c.obj</name>
      </input_file>
      <input_file id="fl-79">
         <path>C:\ti\ccs2041\ccs\tools\compiler\ti-cgt-msp430_21.6.1.LTS\lib\</path>
         <kind>archive</kind>
         <file>rts430x_sc_sd_eabi.lib</file>
         <name>strncmp.c.obj</name>
      </input_file>
      <input_file id="fl-7a">
         <path>C:\ti\ccs2041\ccs\tools\compiler\ti-cgt-msp430_21.6.1.LTS\lib\</path>
         <kind>archive</kind>
         <file>rts430x_sc_sd_eabi.lib</file>
         <name>strtoul.c.obj</name>
      </input_file>
      <input_file id="fl-7b">
         <path>C:\ti\ccs2041\ccs\tools\compiler\ti-cgt-msp430_21.6.1.LTS\lib\</path>
         <kind>archive</kind>
         <file>rts430x_sc_sd_eabi.lib</file>
         <name>errno.c.obj</name>
      </input_file>
      <input_file id="fl-7c">
         <path>C:\ti\ccs2041\ccs\tools\compiler\ti-cgt-msp430_21.6.1.LTS\lib\</path>
         <kind>archive</kind>
         <file>rts430x_sc_sd_eabi.lib</file>
         <name>abs.c.obj</name>
      </input_file>
      <input_file id="fl-7d">
         <path>C:\ti\ccs2041\ccs\tools\compiler\ti-cgt-msp430_21.6.1.LTS\lib\</path>
         <kind>archive</kind>
         <file>rts430x_sc_sd_eabi.lib</file>
         <name>exit_gvars.c.obj</name>
      </input_file>
      <input_file id="fl-7e">
         <path>C:\ti\ccs2041\ccs\tools\compiler\ti-cgt-msp430_21.6.1.LTS\lib\</path>
         <kind>archive</kind>
         <file>rts430x_sc_sd_eabi.lib</file>
         <name>ctype.c.obj</name>
      </input_file>
   </input_file_list>
   <object_component_list>
      <object_component id="oc-6a6">
         <name>.cinit..data.load</name>
         <load_address>0xc400</load_address>
         <run_address>0xc400</run_address>
         <size>0x10e</size>
      </object_component>
      <object_component id="oc-6a3">
         <name>__TI_handler_table</name>
         <load_address>0xc50e</load_address>
         <run_address>0xc50e</run_address>
         <size>0x6</size>
      </object_component>
      <object_component id="oc-6a5">
         <name>.cinit..bss.load</name>
         <load_address>0xc514</load_address>
         <run_address>0xc514</run_address>
         <size>0x4</size>
      </object_component>
      <object_component id="oc-6a4">
         <name>__TI_cinit_table</name>
         <load_address>0xc518</load_address>
         <run_address>0xc518</run_address>
         <size>0x8</size>
      </object_component>
      <object_component id="oc-63b">
         <name>.binit</name>
         <load_address>0xc520</load_address>
         <run_address>0xc520</run_address>
         <size>0x0</size>
      </object_component>
      <object_component id="oc-5ed">
         <name>.const:.string:_ctypes_</name>
         <load_address>0xc520</load_address>
         <run_address>0xc520</run_address>
         <size>0x101</size>
         <input_file_ref idref="fl-7e"/>
      </object_component>
      <object_component id="oc-57b">
         <name>.const:.string</name>
         <load_address>0xc622</load_address>
         <run_address>0xc622</run_address>
         <size>0x36</size>
         <input_file_ref idref="fl-c"/>
      </object_component>
      <object_component id="oc-370">
         <name>.const:UARTPort</name>
         <load_address>0xc658</load_address>
         <run_address>0xc658</run_address>
         <size>0x14</size>
         <input_file_ref idref="fl-c"/>
      </object_component>
      <object_component id="oc-539">
         <name>.text:CAPT_calibrateGain</name>
         <load_address>0xc66c</load_address>
         <run_address>0xc66c</run_address>
         <size>0x1c8</size>
         <input_file_ref idref="fl-1d"/>
      </object_component>
      <object_component id="oc-4db">
         <name>.text:parse_command</name>
         <load_address>0xc834</load_address>
         <run_address>0xc834</run_address>
         <size>0x1c2</size>
         <input_file_ref idref="fl-c"/>
      </object_component>
      <object_component id="oc-53a">
         <name>.text:CAPT_calibrateOffset</name>
         <load_address>0xc9f6</load_address>
         <run_address>0xc9f6</run_address>
         <size>0x19c</size>
         <input_file_ref idref="fl-1d"/>
      </object_component>
      <object_component id="oc-588">
         <name>.text:strtoul</name>
         <load_address>0xcb92</load_address>
         <run_address>0xcb92</run_address>
         <size>0x194</size>
         <input_file_ref idref="fl-7a"/>
      </object_component>
      <object_component id="oc-4c9">
         <name>.text:CAPT_updateSensor</name>
         <load_address>0xcd26</load_address>
         <run_address>0xcd26</run_address>
         <size>0x164</size>
         <input_file_ref idref="fl-20"/>
      </object_component>
      <object_component id="oc-3fe">
         <name>.text:prepare_tx_for_button</name>
         <load_address>0xce8a</load_address>
         <run_address>0xce8a</run_address>
         <size>0x142</size>
         <input_file_ref idref="fl-c"/>
      </object_component>
      <object_component id="oc-4e7">
         <name>.text:set_tuning_handling</name>
         <load_address>0xcfcc</load_address>
         <run_address>0xcfcc</run_address>
         <size>0x11c</size>
         <input_file_ref idref="fl-c"/>
      </object_component>
      <object_component id="oc-4ed">
         <name>.text:get_tuning_handling</name>
         <load_address>0xd0e8</load_address>
         <run_address>0xd0e8</run_address>
         <size>0xce</size>
         <input_file_ref idref="fl-c"/>
      </object_component>
      <object_component id="oc-3e3">
         <name>.text:CS_initFLL</name>
         <load_address>0xd1b6</load_address>
         <run_address>0xd1b6</run_address>
         <size>0xc4</size>
         <input_file_ref idref="fl-21"/>
      </object_component>
      <object_component id="oc-291">
         <name>.text:UART_ISR</name>
         <load_address>0xd27a</load_address>
         <run_address>0xd27a</run_address>
         <size>0xb6</size>
         <input_file_ref idref="fl-8"/>
      </object_component>
      <object_component id="oc-3e2">
         <name>.text:CS_initClockSignal</name>
         <load_address>0xd330</load_address>
         <run_address>0xd330</run_address>
         <size>0xb4</size>
         <input_file_ref idref="fl-21"/>
      </object_component>
      <object_component id="oc-352">
         <name>.text:BSP_configureMCU</name>
         <load_address>0xd3e4</load_address>
         <run_address>0xd3e4</run_address>
         <size>0xa8</size>
         <input_file_ref idref="fl-a"/>
      </object_component>
      <object_component id="oc-4cc">
         <name>.text:CAPT_testForRecalibration</name>
         <load_address>0xd48c</load_address>
         <run_address>0xd48c</run_address>
         <size>0x70</size>
         <input_file_ref idref="fl-20"/>
      </object_component>
      <object_component id="oc-69">
         <name>.text:decompress:lzss:__TI_decompress_lzss</name>
         <load_address>0xd4fc</load_address>
         <run_address>0xd4fc</run_address>
         <size>0x6e</size>
         <input_file_ref idref="fl-73"/>
      </object_component>
      <object_component id="oc-30d">
         <name>.text:main</name>
         <load_address>0xd56a</load_address>
         <run_address>0xd56a</run_address>
         <size>0x6e</size>
         <input_file_ref idref="fl-2"/>
      </object_component>
      <object_component id="oc-48b">
         <name>.text:CAPT_initSensor</name>
         <load_address>0xd5d8</load_address>
         <run_address>0xd5d8</run_address>
         <size>0x6a</size>
         <input_file_ref idref="fl-20"/>
      </object_component>
      <object_component id="oc-576">
         <name>.text:CAPT_processSensor</name>
         <load_address>0xd642</load_address>
         <run_address>0xd642</run_address>
         <size>0x6a</size>
         <input_file_ref idref="fl-20"/>
      </object_component>
      <object_component id="oc-373">
         <name>.text:UART_openPort</name>
         <load_address>0xd6ac</load_address>
         <run_address>0xd6ac</run_address>
         <size>0x62</size>
         <input_file_ref idref="fl-8"/>
      </object_component>
      <object_component id="oc-382">
         <name>.text:transmit_pending_data</name>
         <load_address>0xd70e</load_address>
         <run_address>0xd70e</run_address>
         <size>0x62</size>
         <input_file_ref idref="fl-c"/>
      </object_component>
      <object_component id="oc-575">
         <name>.text:CAPT_processFSMCycle</name>
         <load_address>0xd770</load_address>
         <run_address>0xd770</run_address>
         <size>0x58</size>
         <input_file_ref idref="fl-20"/>
      </object_component>
      <object_component id="oc-418">
         <name>.text:CAPT_updateUI</name>
         <load_address>0xd7c8</load_address>
         <run_address>0xd7c8</run_address>
         <size>0x58</size>
         <input_file_ref idref="fl-3"/>
      </object_component>
      <object_component id="oc-5f5">
         <name>.text</name>
         <load_address>0xd820</load_address>
         <run_address>0xd820</run_address>
         <size>0x58</size>
         <input_file_ref idref="fl-4a"/>
      </object_component>
      <object_component id="oc-5e6">
         <name>.text:CAPT_updateSensorNoise</name>
         <load_address>0xd878</load_address>
         <run_address>0xd878</run_address>
         <size>0x56</size>
         <input_file_ref idref="fl-20"/>
      </object_component>
      <object_component id="oc-388">
         <name>.text:process_rx</name>
         <load_address>0xd8ce</load_address>
         <run_address>0xd8ce</run_address>
         <size>0x54</size>
         <input_file_ref idref="fl-c"/>
      </object_component>
      <object_component id="oc-3b9">
         <name>.text:__TI_auto_init_nobinit_nopinit_hold_wdt:__TI_auto_init_nobinit_nopinit_hold_wdt</name>
         <load_address>0xd922</load_address>
         <run_address>0xd922</run_address>
         <size>0x52</size>
         <input_file_ref idref="fl-6b"/>
      </object_component>
      <object_component id="oc-441">
         <name>.text:process_command</name>
         <load_address>0xd974</load_address>
         <run_address>0xd974</run_address>
         <size>0x52</size>
         <input_file_ref idref="fl-c"/>
      </object_component>
      <object_component id="oc-5e8">
         <name>.text:CAPT_preProcessSlider</name>
         <load_address>0xd9c6</load_address>
         <run_address>0xd9c6</run_address>
         <size>0x4e</size>
         <input_file_ref idref="fl-20"/>
      </object_component>
      <object_component id="oc-62b">
         <name>.text:CAPT_flagAllElementsForReseed</name>
         <load_address>0xda14</load_address>
         <run_address>0xda14</run_address>
         <size>0x48</size>
         <input_file_ref idref="fl-20"/>
      </object_component>
      <object_component id="oc-579">
         <name>.text:CAPT_loadCycle</name>
         <load_address>0xda5c</load_address>
         <run_address>0xda5c</run_address>
         <size>0x48</size>
         <input_file_ref idref="fl-20"/>
      </object_component>
      <object_component id="oc-505">
         <name>.text:recalib_handling</name>
         <load_address>0xdaa4</load_address>
         <run_address>0xdaa4</run_address>
         <size>0x46</size>
         <input_file_ref idref="fl-c"/>
      </object_component>
      <object_component id="oc-434">
         <name>.text:UART_transmitBuffer</name>
         <load_address>0xdaea</load_address>
         <run_address>0xdaea</run_address>
         <size>0x42</size>
         <input_file_ref idref="fl-8"/>
      </object_component>
      <object_component id="oc-4f9">
         <name>.text:disable_handling</name>
         <load_address>0xdb2c</load_address>
         <run_address>0xdb2c</run_address>
         <size>0x42</size>
         <input_file_ref idref="fl-c"/>
      </object_component>
      <object_component id="oc-4f3">
         <name>.text:enable_handling</name>
         <load_address>0xdb6e</load_address>
         <run_address>0xdb6e</run_address>
         <size>0x42</size>
         <input_file_ref idref="fl-c"/>
      </object_component>
      <object_component id="oc-286">
         <name>.text:CAPT_ISR</name>
         <load_address>0xdbb0</load_address>
         <run_address>0xdbb0</run_address>
         <size>0x40</size>
         <input_file_ref idref="fl-4"/>
      </object_component>
      <object_component id="oc-3e9">
         <name>.text:CAPT_initUI</name>
         <load_address>0xdbf0</load_address>
         <run_address>0xdbf0</run_address>
         <size>0x40</size>
         <input_file_ref idref="fl-3"/>
      </object_component>
      <object_component id="oc-578">
         <name>.text:CAPT_unloadCycle</name>
         <load_address>0xdc30</load_address>
         <run_address>0xdc30</run_address>
         <size>0x3e</size>
         <input_file_ref idref="fl-20"/>
      </object_component>
      <object_component id="oc-3e1">
         <name>.text:CS_turnOnXT1LFWithTimeout</name>
         <load_address>0xdc6e</load_address>
         <run_address>0xdc6e</run_address>
         <size>0x3e</size>
         <input_file_ref idref="fl-21"/>
      </object_component>
      <object_component id="oc-4e1">
         <name>.text:unknown_handling</name>
         <load_address>0xdcac</load_address>
         <run_address>0xdcac</run_address>
         <size>0x3e</size>
         <input_file_ref idref="fl-c"/>
      </object_component>
      <object_component id="oc-4ff">
         <name>.text:verify_handling</name>
         <load_address>0xdcea</load_address>
         <run_address>0xdcea</run_address>
         <size>0x3e</size>
         <input_file_ref idref="fl-c"/>
      </object_component>
      <object_component id="oc-358">
         <name>.text:CAPT_appStart</name>
         <load_address>0xdd28</load_address>
         <run_address>0xdd28</run_address>
         <size>0x3a</size>
         <input_file_ref idref="fl-9"/>
      </object_component>
      <object_component id="oc-5e7">
         <name>.text:CAPT_updateSensorTimeout</name>
         <load_address>0xdd62</load_address>
         <run_address>0xdd62</run_address>
         <size>0x36</size>
         <input_file_ref idref="fl-20"/>
      </object_component>
      <object_component id="oc-38e">
         <name>.text:CAPT_appSleep</name>
         <load_address>0xdd98</load_address>
         <run_address>0xdd98</run_address>
         <size>0x32</size>
         <input_file_ref idref="fl-9"/>
      </object_component>
      <object_component id="oc-5ae">
         <name>.text:CAPT_startConversionAndWaitUntilDone</name>
         <load_address>0xddca</load_address>
         <run_address>0xddca</run_address>
         <size>0x2e</size>
         <input_file_ref idref="fl-20"/>
      </object_component>
      <object_component id="oc-4a9">
         <name>.text:calculate_crc16</name>
         <load_address>0xddf8</load_address>
         <run_address>0xddf8</run_address>
         <size>0x2c</size>
         <input_file_ref idref="fl-c"/>
      </object_component>
      <object_component id="oc-37c">
         <name>.text:CAPT_appHandler</name>
         <load_address>0xde24</load_address>
         <run_address>0xde24</run_address>
         <size>0x2a</size>
         <input_file_ref idref="fl-9"/>
      </object_component>
      <object_component id="oc-582">
         <name>.text:strncmp</name>
         <load_address>0xde4e</load_address>
         <run_address>0xde4e</run_address>
         <size>0x2a</size>
         <input_file_ref idref="fl-79"/>
      </object_component>
      <object_component id="oc-577">
         <name>.text:CAPT_blockOnFlag</name>
         <load_address>0xde78</load_address>
         <run_address>0xde78</run_address>
         <size>0x26</size>
         <input_file_ref idref="fl-20"/>
      </object_component>
      <object_component id="oc-41e">
         <name>.text:CAPT_getGlobalUIProximityStatus</name>
         <load_address>0xde9e</load_address>
         <run_address>0xde9e</run_address>
         <size>0x24</size>
         <input_file_ref idref="fl-3"/>
      </object_component>
      <object_component id="oc-447">
         <name>.text:uart_read</name>
         <load_address>0xdec2</load_address>
         <run_address>0xdec2</run_address>
         <size>0x24</size>
         <input_file_ref idref="fl-c"/>
      </object_component>
      <object_component id="oc-48e">
         <name>.text:CAPT_calibrateSensor</name>
         <load_address>0xdee6</load_address>
         <run_address>0xdee6</run_address>
         <size>0x22</size>
         <input_file_ref idref="fl-1d"/>
      </object_component>
      <object_component id="oc-3ef">
         <name>.text:CAPT_calibrateUI</name>
         <load_address>0xdf08</load_address>
         <run_address>0xdf08</run_address>
         <size>0x20</size>
         <input_file_ref idref="fl-3"/>
      </object_component>
      <object_component id="oc-48a">
         <name>.text:CAPT_init</name>
         <load_address>0xdf28</load_address>
         <run_address>0xdf28</run_address>
         <size>0x20</size>
         <input_file_ref idref="fl-1f"/>
      </object_component>
      <object_component id="oc-4ca">
         <name>.text:CAPT_testForMaxCountRecalibration</name>
         <load_address>0xdf48</load_address>
         <run_address>0xdf48</run_address>
         <size>0x20</size>
         <input_file_ref idref="fl-20"/>
      </object_component>
      <object_component id="oc-5f0">
         <name>.text</name>
         <load_address>0xdf68</load_address>
         <run_address>0xdf68</run_address>
         <size>0x20</size>
         <input_file_ref idref="fl-66"/>
      </object_component>
      <object_component id="oc-40d">
         <name>.text:uart_rx_callback</name>
         <load_address>0xdf88</load_address>
         <run_address>0xdf88</run_address>
         <size>0x20</size>
         <input_file_ref idref="fl-c"/>
      </object_component>
      <object_component id="oc-3e4">
         <name>.text:CS_clearAllOscFlagsWithTimeout</name>
         <load_address>0xdfa8</load_address>
         <run_address>0xdfa8</run_address>
         <size>0x1e</size>
         <input_file_ref idref="fl-21"/>
      </object_component>
      <object_component id="oc-2a9">
         <name>.text:_c_int00_noargs</name>
         <load_address>0xdfc6</load_address>
         <run_address>0xdfc6</run_address>
         <size>0x1c</size>
         <input_file_ref idref="fl-6a"/>
      </object_component>
      <object_component id="oc-4cb">
         <name>.text:CAPT_testForNegativeTouchRecalibration</name>
         <load_address>0xdfe2</load_address>
         <run_address>0xdfe2</run_address>
         <size>0x18</size>
         <input_file_ref idref="fl-20"/>
      </object_component>
      <object_component id="oc-57c">
         <name>.text:strcmp</name>
         <load_address>0xdffa</load_address>
         <run_address>0xdffa</run_address>
         <size>0x18</size>
         <input_file_ref idref="fl-78"/>
      </object_component>
      <object_component id="oc-3df">
         <name>.text:FRAMCtl_configureWaitStateControl</name>
         <load_address>0xe012</load_address>
         <run_address>0xe012</run_address>
         <size>0x16</size>
         <input_file_ref idref="fl-22"/>
      </object_component>
      <object_component id="oc-297">
         <name>.text:decompress:ZI:__TI_zero_init_nomemset:__TI_zero_init_nomemset</name>
         <load_address>0xe028</load_address>
         <run_address>0xe028</run_address>
         <size>0x14</size>
         <input_file_ref idref="fl-6c"/>
      </object_component>
      <object_component id="oc-42c">
         <name>.text</name>
         <load_address>0xe03c</load_address>
         <run_address>0xe03c</run_address>
         <size>0x14</size>
         <input_file_ref idref="fl-62"/>
      </object_component>
      <object_component id="oc-6f">
         <name>.text:decompress:none:__TI_decompress_none</name>
         <load_address>0xe050</load_address>
         <run_address>0xe050</run_address>
         <size>0x12</size>
         <input_file_ref idref="fl-72"/>
      </object_component>
      <object_component id="oc-279">
         <name>.text:memcpy</name>
         <load_address>0xe062</load_address>
         <run_address>0xe062</run_address>
         <size>0x12</size>
         <input_file_ref idref="fl-77"/>
      </object_component>
      <object_component id="oc-3e0">
         <name>.text:CS_setExternalClockSource</name>
         <load_address>0xe074</load_address>
         <run_address>0xe074</run_address>
         <size>0xa</size>
         <input_file_ref idref="fl-21"/>
      </object_component>
      <object_component id="oc-307">
         <name>.text:_system_pre_init</name>
         <load_address>0xe07e</load_address>
         <run_address>0xe07e</run_address>
         <size>0xa</size>
         <input_file_ref idref="fl-a"/>
      </object_component>
      <object_component id="oc-28c">
         <name>.text:_isr:__TI_ISR_TRAP</name>
         <load_address>0xe088</load_address>
         <run_address>0xe088</run_address>
         <size>0x8</size>
         <input_file_ref idref="fl-5c"/>
      </object_component>
      <object_component id="oc-361">
         <name>.text:btn00_callback</name>
         <load_address>0xe090</load_address>
         <run_address>0xe090</run_address>
         <size>0x8</size>
         <input_file_ref idref="fl-c"/>
      </object_component>
      <object_component id="oc-36a">
         <name>.text:btn01_callback</name>
         <load_address>0xe098</load_address>
         <run_address>0xe098</run_address>
         <size>0x8</size>
         <input_file_ref idref="fl-c"/>
      </object_component>
      <object_component id="oc-57a">
         <name>.text:CAPT_clearIFG</name>
         <load_address>0xe0a0</load_address>
         <run_address>0xe0a0</run_address>
         <size>0x6</size>
         <input_file_ref idref="fl-1f"/>
      </object_component>
      <object_component id="oc-2e9">
         <name>.text:CAPT_getInterruptVector</name>
         <load_address>0xe0a6</load_address>
         <run_address>0xe0a6</run_address>
         <size>0x6</size>
         <input_file_ref idref="fl-1f"/>
      </object_component>
      <object_component id="oc-395">
         <name>.text:abort</name>
         <load_address>0xe0ac</load_address>
         <run_address>0xe0ac</run_address>
         <size>0x6</size>
         <input_file_ref idref="fl-74"/>
      </object_component>
      <object_component id="oc-461">
         <name>.text:_system_post_cinit</name>
         <load_address>0xe0b2</load_address>
         <run_address>0xe0b2</run_address>
         <size>0x2</size>
         <input_file_ref idref="fl-71"/>
      </object_component>
      <object_component id="oc-431">
         <name>.bss:tx_buf</name>
         <uninitialized>true</uninitialized>
         <run_address>0x2000</run_address>
         <size>0xa0</size>
         <input_file_ref idref="fl-c"/>
      </object_component>
      <object_component id="oc-43e">
         <name>.bss:rx_buffer</name>
         <uninitialized>true</uninitialized>
         <run_address>0x2120</run_address>
         <size>0x40</size>
         <input_file_ref idref="fl-c"/>
      </object_component>
      <object_component id="oc-4c5">
         <name>.bss:rx_ring</name>
         <uninitialized>true</uninitialized>
         <run_address>0x20a0</run_address>
         <size>0x80</size>
         <input_file_ref idref="fl-c"/>
      </object_component>
      <object_component id="oc-59c">
         <name>.bss:frame$1</name>
         <uninitialized>true</uninitialized>
         <run_address>0x2160</run_address>
         <size>0xa</size>
         <input_file_ref idref="fl-c"/>
      </object_component>
      <object_component id="oc-59a">
         <name>.bss:frame$2</name>
         <uninitialized>true</uninitialized>
         <run_address>0x216a</run_address>
         <size>0xa</size>
         <input_file_ref idref="fl-c"/>
      </object_component>
      <object_component id="oc-5a0">
         <name>.bss:frame$3</name>
         <uninitialized>true</uninitialized>
         <run_address>0x2174</run_address>
         <size>0xa</size>
         <input_file_ref idref="fl-c"/>
      </object_component>
      <object_component id="oc-59e">
         <name>.bss:frame$4</name>
         <uninitialized>true</uninitialized>
         <run_address>0x217e</run_address>
         <size>0xa</size>
         <input_file_ref idref="fl-c"/>
      </object_component>
      <object_component id="oc-594">
         <name>.bss:frame$5</name>
         <uninitialized>true</uninitialized>
         <run_address>0x2188</run_address>
         <size>0xa</size>
         <input_file_ref idref="fl-c"/>
      </object_component>
      <object_component id="oc-598">
         <name>.bss:frame$6</name>
         <uninitialized>true</uninitialized>
         <run_address>0x2192</run_address>
         <size>0xa</size>
         <input_file_ref idref="fl-c"/>
      </object_component>
      <object_component id="oc-596">
         <name>.bss:frame$7</name>
         <uninitialized>true</uninitialized>
         <run_address>0x219c</run_address>
         <size>0xa</size>
         <input_file_ref idref="fl-c"/>
      </object_component>
      <object_component id="oc-2f0">
         <name>.common:g_bEndOfConversionFlag</name>
         <uninitialized>true</uninitialized>
         <run_address>0x2202</run_address>
         <size>0x1</size>
      </object_component>
      <object_component id="oc-2ef">
         <name>.common:g_bDetectionFlag</name>
         <uninitialized>true</uninitialized>
         <run_address>0x2201</run_address>
         <size>0x1</size>
      </object_component>
      <object_component id="oc-2ee">
         <name>.common:g_bConvTimerFlag</name>
         <uninitialized>true</uninitialized>
         <run_address>0x2200</run_address>
         <size>0x1</size>
      </object_component>
      <object_component id="oc-2ed">
         <name>.common:g_bConvCounterFlag</name>
         <uninitialized>true</uninitialized>
         <run_address>0x21ff</run_address>
         <size>0x1</size>
      </object_component>
      <object_component id="oc-2ea">
         <name>.common:g_bMaxCountErrorFlag</name>
         <uninitialized>true</uninitialized>
         <run_address>0x2203</run_address>
         <size>0x1</size>
      </object_component>
      <object_component id="oc-2f8">
         <name>.common:g_pUARTPort</name>
         <uninitialized>true</uninitialized>
         <run_address>0x21f8</run_address>
         <size>0x2</size>
      </object_component>
      <object_component id="oc-2f3">
         <name>.common:g_pUARTTransmitPtr</name>
         <uninitialized>true</uninitialized>
         <run_address>0x21fa</run_address>
         <size>0x2</size>
      </object_component>
      <object_component id="oc-2f6">
         <name>.common:g_ui16UARTTransmitBytesLeft</name>
         <uninitialized>true</uninitialized>
         <run_address>0x21fc</run_address>
         <size>0x2</size>
      </object_component>
      <object_component id="oc-2f7">
         <name>.common:g_UARTStatus</name>
         <uninitialized>true</uninitialized>
         <run_address>0x21fe</run_address>
         <size>0x1</size>
      </object_component>
      <object_component id="oc-600">
         <name>.common:BTN00_E00_RawCnts</name>
         <uninitialized>true</uninitialized>
         <run_address>0x21e2</run_address>
         <size>0x2</size>
      </object_component>
      <object_component id="oc-5ff">
         <name>.common:BTN00_E00_Tuning</name>
         <uninitialized>true</uninitialized>
         <run_address>0x21b6</run_address>
         <size>0x4</size>
      </object_component>
      <object_component id="oc-604">
         <name>.common:BTN00_E01_RawCnts</name>
         <uninitialized>true</uninitialized>
         <run_address>0x21e4</run_address>
         <size>0x2</size>
      </object_component>
      <object_component id="oc-603">
         <name>.common:BTN00_E01_Tuning</name>
         <uninitialized>true</uninitialized>
         <run_address>0x21ba</run_address>
         <size>0x4</size>
      </object_component>
      <object_component id="oc-608">
         <name>.common:BTN00_E02_RawCnts</name>
         <uninitialized>true</uninitialized>
         <run_address>0x21e6</run_address>
         <size>0x2</size>
      </object_component>
      <object_component id="oc-607">
         <name>.common:BTN00_E02_Tuning</name>
         <uninitialized>true</uninitialized>
         <run_address>0x21be</run_address>
         <size>0x4</size>
      </object_component>
      <object_component id="oc-60c">
         <name>.common:BTN00_E03_RawCnts</name>
         <uninitialized>true</uninitialized>
         <run_address>0x21e8</run_address>
         <size>0x2</size>
      </object_component>
      <object_component id="oc-60b">
         <name>.common:BTN00_E03_Tuning</name>
         <uninitialized>true</uninitialized>
         <run_address>0x21c2</run_address>
         <size>0x4</size>
      </object_component>
      <object_component id="oc-610">
         <name>.common:BTN00_E04_RawCnts</name>
         <uninitialized>true</uninitialized>
         <run_address>0x21ea</run_address>
         <size>0x2</size>
      </object_component>
      <object_component id="oc-60f">
         <name>.common:BTN00_E04_Tuning</name>
         <uninitialized>true</uninitialized>
         <run_address>0x21c6</run_address>
         <size>0x4</size>
      </object_component>
      <object_component id="oc-614">
         <name>.common:BTN00_E05_RawCnts</name>
         <uninitialized>true</uninitialized>
         <run_address>0x21ec</run_address>
         <size>0x2</size>
      </object_component>
      <object_component id="oc-613">
         <name>.common:BTN00_E05_Tuning</name>
         <uninitialized>true</uninitialized>
         <run_address>0x21ca</run_address>
         <size>0x4</size>
      </object_component>
      <object_component id="oc-618">
         <name>.common:BTN00_E06_RawCnts</name>
         <uninitialized>true</uninitialized>
         <run_address>0x21ee</run_address>
         <size>0x2</size>
      </object_component>
      <object_component id="oc-617">
         <name>.common:BTN00_E06_Tuning</name>
         <uninitialized>true</uninitialized>
         <run_address>0x21ce</run_address>
         <size>0x4</size>
      </object_component>
      <object_component id="oc-61c">
         <name>.common:BTN01_E00_RawCnts</name>
         <uninitialized>true</uninitialized>
         <run_address>0x21f0</run_address>
         <size>0x2</size>
      </object_component>
      <object_component id="oc-61b">
         <name>.common:BTN01_E00_Tuning</name>
         <uninitialized>true</uninitialized>
         <run_address>0x21d2</run_address>
         <size>0x4</size>
      </object_component>
      <object_component id="oc-620">
         <name>.common:BTN01_E01_RawCnts</name>
         <uninitialized>true</uninitialized>
         <run_address>0x21f2</run_address>
         <size>0x2</size>
      </object_component>
      <object_component id="oc-61f">
         <name>.common:BTN01_E01_Tuning</name>
         <uninitialized>true</uninitialized>
         <run_address>0x21d6</run_address>
         <size>0x4</size>
      </object_component>
      <object_component id="oc-624">
         <name>.common:BTN01_E02_RawCnts</name>
         <uninitialized>true</uninitialized>
         <run_address>0x21f4</run_address>
         <size>0x2</size>
      </object_component>
      <object_component id="oc-623">
         <name>.common:BTN01_E02_Tuning</name>
         <uninitialized>true</uninitialized>
         <run_address>0x21da</run_address>
         <size>0x4</size>
      </object_component>
      <object_component id="oc-628">
         <name>.common:BTN01_E03_RawCnts</name>
         <uninitialized>true</uninitialized>
         <run_address>0x21f6</run_address>
         <size>0x2</size>
      </object_component>
      <object_component id="oc-627">
         <name>.common:BTN01_E03_Tuning</name>
         <uninitialized>true</uninitialized>
         <run_address>0x21de</run_address>
         <size>0x4</size>
      </object_component>
      <object_component id="oc-3f9">
         <name>.common:BTN00_Params</name>
         <uninitialized>true</uninitialized>
         <run_address>0x21a6</run_address>
         <size>0x8</size>
      </object_component>
      <object_component id="oc-409">
         <name>.common:BTN01_Params</name>
         <uninitialized>true</uninitialized>
         <run_address>0x21ae</run_address>
         <size>0x8</size>
      </object_component>
      <object_component id="oc-379">
         <name>.data</name>
         <load_address>0x23e1</load_address>
         <run_address>0x23e1</run_address>
         <size>0x1</size>
         <input_file_ref idref="fl-2"/>
      </object_component>
      <object_component id="oc-424">
         <name>.data</name>
         <load_address>0x23e0</load_address>
         <run_address>0x23e0</run_address>
         <size>0x1</size>
         <input_file_ref idref="fl-9"/>
      </object_component>
      <object_component id="oc-5af">
         <name>.data:BTN00_E00</name>
         <load_address>0x2240</load_address>
         <run_address>0x2240</run_address>
         <size>0x1a</size>
         <input_file_ref idref="fl-b"/>
      </object_component>
      <object_component id="oc-5b4">
         <name>.data:BTN00_E01</name>
         <load_address>0x225a</load_address>
         <run_address>0x225a</run_address>
         <size>0x1a</size>
         <input_file_ref idref="fl-b"/>
      </object_component>
      <object_component id="oc-5b9">
         <name>.data:BTN00_E02</name>
         <load_address>0x2274</load_address>
         <run_address>0x2274</run_address>
         <size>0x1a</size>
         <input_file_ref idref="fl-b"/>
      </object_component>
      <object_component id="oc-5be">
         <name>.data:BTN00_E03</name>
         <load_address>0x228e</load_address>
         <run_address>0x228e</run_address>
         <size>0x1a</size>
         <input_file_ref idref="fl-b"/>
      </object_component>
      <object_component id="oc-5c3">
         <name>.data:BTN00_E04</name>
         <load_address>0x22a8</load_address>
         <run_address>0x22a8</run_address>
         <size>0x1a</size>
         <input_file_ref idref="fl-b"/>
      </object_component>
      <object_component id="oc-5c8">
         <name>.data:BTN00_E05</name>
         <load_address>0x22c2</load_address>
         <run_address>0x22c2</run_address>
         <size>0x1a</size>
         <input_file_ref idref="fl-b"/>
      </object_component>
      <object_component id="oc-5cd">
         <name>.data:BTN00_E06</name>
         <load_address>0x22dc</load_address>
         <run_address>0x22dc</run_address>
         <size>0x1a</size>
         <input_file_ref idref="fl-b"/>
      </object_component>
      <object_component id="oc-5d2">
         <name>.data:BTN01_E00</name>
         <load_address>0x22f6</load_address>
         <run_address>0x22f6</run_address>
         <size>0x1a</size>
         <input_file_ref idref="fl-b"/>
      </object_component>
      <object_component id="oc-5d7">
         <name>.data:BTN01_E01</name>
         <load_address>0x2310</load_address>
         <run_address>0x2310</run_address>
         <size>0x1a</size>
         <input_file_ref idref="fl-b"/>
      </object_component>
      <object_component id="oc-5dc">
         <name>.data:BTN01_E02</name>
         <load_address>0x232a</load_address>
         <run_address>0x232a</run_address>
         <size>0x1a</size>
         <input_file_ref idref="fl-b"/>
      </object_component>
      <object_component id="oc-5e1">
         <name>.data:BTN01_E03</name>
         <load_address>0x2344</load_address>
         <run_address>0x2344</run_address>
         <size>0x1a</size>
         <input_file_ref idref="fl-b"/>
      </object_component>
      <object_component id="oc-53b">
         <name>.data:BTN00_C00_Elements</name>
         <load_address>0x23c4</load_address>
         <run_address>0x23c4</run_address>
         <size>0x2</size>
         <input_file_ref idref="fl-b"/>
      </object_component>
      <object_component id="oc-490">
         <name>.data:BTN00_C00</name>
         <load_address>0x2390</load_address>
         <run_address>0x2390</run_address>
         <size>0x4</size>
         <input_file_ref idref="fl-b"/>
      </object_component>
      <object_component id="oc-540">
         <name>.data:BTN00_C01_Elements</name>
         <load_address>0x23c6</load_address>
         <run_address>0x23c6</run_address>
         <size>0x2</size>
         <input_file_ref idref="fl-b"/>
      </object_component>
      <object_component id="oc-493">
         <name>.data:BTN00_C01</name>
         <load_address>0x2394</load_address>
         <run_address>0x2394</run_address>
         <size>0x4</size>
         <input_file_ref idref="fl-b"/>
      </object_component>
      <object_component id="oc-545">
         <name>.data:BTN00_C02_Elements</name>
         <load_address>0x23c8</load_address>
         <run_address>0x23c8</run_address>
         <size>0x2</size>
         <input_file_ref idref="fl-b"/>
      </object_component>
      <object_component id="oc-496">
         <name>.data:BTN00_C02</name>
         <load_address>0x2398</load_address>
         <run_address>0x2398</run_address>
         <size>0x4</size>
         <input_file_ref idref="fl-b"/>
      </object_component>
      <object_component id="oc-54a">
         <name>.data:BTN00_C03_Elements</name>
         <load_address>0x23ca</load_address>
         <run_address>0x23ca</run_address>
         <size>0x2</size>
         <input_file_ref idref="fl-b"/>
      </object_component>
      <object_component id="oc-499">
         <name>.data:BTN00_C03</name>
         <load_address>0x239c</load_address>
         <run_address>0x239c</run_address>
         <size>0x4</size>
         <input_file_ref idref="fl-b"/>
      </object_component>
      <object_component id="oc-54f">
         <name>.data:BTN00_C04_Elements</name>
         <load_address>0x23cc</load_address>
         <run_address>0x23cc</run_address>
         <size>0x2</size>
         <input_file_ref idref="fl-b"/>
      </object_component>
      <object_component id="oc-49c">
         <name>.data:BTN00_C04</name>
         <load_address>0x23a0</load_address>
         <run_address>0x23a0</run_address>
         <size>0x4</size>
         <input_file_ref idref="fl-b"/>
      </object_component>
      <object_component id="oc-554">
         <name>.data:BTN00_C05_Elements</name>
         <load_address>0x23ce</load_address>
         <run_address>0x23ce</run_address>
         <size>0x2</size>
         <input_file_ref idref="fl-b"/>
      </object_component>
      <object_component id="oc-49f">
         <name>.data:BTN00_C05</name>
         <load_address>0x23a4</load_address>
         <run_address>0x23a4</run_address>
         <size>0x4</size>
         <input_file_ref idref="fl-b"/>
      </object_component>
      <object_component id="oc-559">
         <name>.data:BTN00_C06_Elements</name>
         <load_address>0x23d0</load_address>
         <run_address>0x23d0</run_address>
         <size>0x2</size>
         <input_file_ref idref="fl-b"/>
      </object_component>
      <object_component id="oc-4a2">
         <name>.data:BTN00_C06</name>
         <load_address>0x23a8</load_address>
         <run_address>0x23a8</run_address>
         <size>0x4</size>
         <input_file_ref idref="fl-b"/>
      </object_component>
      <object_component id="oc-55f">
         <name>.data:BTN01_C00_Elements</name>
         <load_address>0x23d2</load_address>
         <run_address>0x23d2</run_address>
         <size>0x2</size>
         <input_file_ref idref="fl-b"/>
      </object_component>
      <object_component id="oc-4b7">
         <name>.data:BTN01_C00</name>
         <load_address>0x23ac</load_address>
         <run_address>0x23ac</run_address>
         <size>0x4</size>
         <input_file_ref idref="fl-b"/>
      </object_component>
      <object_component id="oc-564">
         <name>.data:BTN01_C01_Elements</name>
         <load_address>0x23d4</load_address>
         <run_address>0x23d4</run_address>
         <size>0x2</size>
         <input_file_ref idref="fl-b"/>
      </object_component>
      <object_component id="oc-4ba">
         <name>.data:BTN01_C01</name>
         <load_address>0x23b0</load_address>
         <run_address>0x23b0</run_address>
         <size>0x4</size>
         <input_file_ref idref="fl-b"/>
      </object_component>
      <object_component id="oc-569">
         <name>.data:BTN01_C02_Elements</name>
         <load_address>0x23d6</load_address>
         <run_address>0x23d6</run_address>
         <size>0x2</size>
         <input_file_ref idref="fl-b"/>
      </object_component>
      <object_component id="oc-4bd">
         <name>.data:BTN01_C02</name>
         <load_address>0x23b4</load_address>
         <run_address>0x23b4</run_address>
         <size>0x4</size>
         <input_file_ref idref="fl-b"/>
      </object_component>
      <object_component id="oc-56e">
         <name>.data:BTN01_C03_Elements</name>
         <load_address>0x23d8</load_address>
         <run_address>0x23d8</run_address>
         <size>0x2</size>
         <input_file_ref idref="fl-b"/>
      </object_component>
      <object_component id="oc-4c0">
         <name>.data:BTN01_C03</name>
         <load_address>0x23b8</load_address>
         <run_address>0x23b8</run_address>
         <size>0x4</size>
         <input_file_ref idref="fl-b"/>
      </object_component>
      <object_component id="oc-3f6">
         <name>.data:BTN00_Cycles</name>
         <load_address>0x235e</load_address>
         <run_address>0x235e</run_address>
         <size>0xe</size>
         <input_file_ref idref="fl-b"/>
      </object_component>
      <object_component id="oc-35e">
         <name>.data:BTN00</name>
         <load_address>0x2204</load_address>
         <run_address>0x2204</run_address>
         <size>0x1e</size>
         <input_file_ref idref="fl-b"/>
      </object_component>
      <object_component id="oc-406">
         <name>.data:BTN01_Cycles</name>
         <load_address>0x2388</load_address>
         <run_address>0x2388</run_address>
         <size>0x8</size>
         <input_file_ref idref="fl-b"/>
      </object_component>
      <object_component id="oc-367">
         <name>.data:BTN01</name>
         <load_address>0x2222</load_address>
         <run_address>0x2222</run_address>
         <size>0x1e</size>
         <input_file_ref idref="fl-b"/>
      </object_component>
      <object_component id="oc-485">
         <name>.data:g_pCaptivateSensorArray</name>
         <load_address>0x23c0</load_address>
         <run_address>0x23c0</run_address>
         <size>0x4</size>
         <input_file_ref idref="fl-b"/>
      </object_component>
      <object_component id="oc-3e6">
         <name>.data:g_uiApp</name>
         <load_address>0x236c</load_address>
         <run_address>0x236c</run_address>
         <size>0xe</size>
         <input_file_ref idref="fl-b"/>
      </object_component>
      <object_component id="oc-429">
         <name>.data:tx_frame_counts</name>
         <load_address>0x23dc</load_address>
         <run_address>0x23dc</run_address>
         <size>0x2</size>
         <input_file_ref idref="fl-c"/>
      </object_component>
      <object_component id="oc-426">
         <name>.data:tx_pending_flags</name>
         <load_address>0x23de</load_address>
         <run_address>0x23de</run_address>
         <size>0x2</size>
         <input_file_ref idref="fl-c"/>
      </object_component>
      <object_component id="oc-43b">
         <name>.data</name>
         <load_address>0x237a</load_address>
         <run_address>0x237a</run_address>
         <size>0xe</size>
         <input_file_ref idref="fl-c"/>
      </object_component>
      <object_component id="oc-484">
         <name>.data</name>
         <load_address>0x23bc</load_address>
         <run_address>0x23bc</run_address>
         <size>0x4</size>
         <input_file_ref idref="fl-21"/>
      </object_component>
      <object_component id="oc-5fa">
         <name>.data</name>
         <load_address>0x23da</load_address>
         <run_address>0x23da</run_address>
         <size>0x2</size>
         <input_file_ref idref="fl-7b"/>
      </object_component>
      <object_component id="oc-26a">
         <name>.stack</name>
         <uninitialized>true</uninitialized>
         <run_address>0x2f00</run_address>
         <size>0x2</size>
         <input_file_ref idref="fl-6a"/>
      </object_component>
      <object_component id="oc-6a7">
         <name>.stack</name>
         <uninitialized>true</uninitialized>
         <run_address>0x2f00</run_address>
         <size>0x0</size>
      </object_component>
      <object_component id="oc-75">
         <name>.int40</name>
         <load_address>0xffd8</load_address>
         <run_address>0xffd8</run_address>
         <size>0x2</size>
         <input_file_ref idref="fl-4"/>
      </object_component>
      <object_component id="oc-76">
         <name>.int41</name>
         <load_address>0xffda</load_address>
         <run_address>0xffda</run_address>
         <size>0x2</size>
         <input_file_ref idref="fl-4b"/>
      </object_component>
      <object_component id="oc-77">
         <name>.int42</name>
         <load_address>0xffdc</load_address>
         <run_address>0xffdc</run_address>
         <size>0x2</size>
         <input_file_ref idref="fl-4c"/>
      </object_component>
      <object_component id="oc-78">
         <name>.int43</name>
         <load_address>0xffde</load_address>
         <run_address>0xffde</run_address>
         <size>0x2</size>
         <input_file_ref idref="fl-4d"/>
      </object_component>
      <object_component id="oc-79">
         <name>.int44</name>
         <load_address>0xffe0</load_address>
         <run_address>0xffe0</run_address>
         <size>0x2</size>
         <input_file_ref idref="fl-4e"/>
      </object_component>
      <object_component id="oc-7a">
         <name>.int45</name>
         <load_address>0xffe2</load_address>
         <run_address>0xffe2</run_address>
         <size>0x2</size>
         <input_file_ref idref="fl-4f"/>
      </object_component>
      <object_component id="oc-7b">
         <name>.int46</name>
         <load_address>0xffe4</load_address>
         <run_address>0xffe4</run_address>
         <size>0x2</size>
         <input_file_ref idref="fl-8"/>
      </object_component>
      <object_component id="oc-7c">
         <name>.int47</name>
         <load_address>0xffe6</load_address>
         <run_address>0xffe6</run_address>
         <size>0x2</size>
         <input_file_ref idref="fl-50"/>
      </object_component>
      <object_component id="oc-7d">
         <name>.int48</name>
         <load_address>0xffe8</load_address>
         <run_address>0xffe8</run_address>
         <size>0x2</size>
         <input_file_ref idref="fl-51"/>
      </object_component>
      <object_component id="oc-7e">
         <name>.int49</name>
         <load_address>0xffea</load_address>
         <run_address>0xffea</run_address>
         <size>0x2</size>
         <input_file_ref idref="fl-52"/>
      </object_component>
      <object_component id="oc-7f">
         <name>.int50</name>
         <load_address>0xffec</load_address>
         <run_address>0xffec</run_address>
         <size>0x2</size>
         <input_file_ref idref="fl-53"/>
      </object_component>
      <object_component id="oc-80">
         <name>.int51</name>
         <load_address>0xffee</load_address>
         <run_address>0xffee</run_address>
         <size>0x2</size>
         <input_file_ref idref="fl-54"/>
      </object_component>
      <object_component id="oc-81">
         <name>.int52</name>
         <load_address>0xfff0</load_address>
         <run_address>0xfff0</run_address>
         <size>0x2</size>
         <input_file_ref idref="fl-55"/>
      </object_component>
      <object_component id="oc-82">
         <name>.int53</name>
         <load_address>0xfff2</load_address>
         <run_address>0xfff2</run_address>
         <size>0x2</size>
         <input_file_ref idref="fl-56"/>
      </object_component>
      <object_component id="oc-83">
         <name>.int54</name>
         <load_address>0xfff4</load_address>
         <run_address>0xfff4</run_address>
         <size>0x2</size>
         <input_file_ref idref="fl-57"/>
      </object_component>
      <object_component id="oc-84">
         <name>.int55</name>
         <load_address>0xfff6</load_address>
         <run_address>0xfff6</run_address>
         <size>0x2</size>
         <input_file_ref idref="fl-58"/>
      </object_component>
      <object_component id="oc-85">
         <name>.int56</name>
         <load_address>0xfff8</load_address>
         <run_address>0xfff8</run_address>
         <size>0x2</size>
         <input_file_ref idref="fl-59"/>
      </object_component>
      <object_component id="oc-86">
         <name>.int57</name>
         <load_address>0xfffa</load_address>
         <run_address>0xfffa</run_address>
         <size>0x2</size>
         <input_file_ref idref="fl-5a"/>
      </object_component>
      <object_component id="oc-87">
         <name>.int58</name>
         <load_address>0xfffc</load_address>
         <run_address>0xfffc</run_address>
         <size>0x2</size>
         <input_file_ref idref="fl-5b"/>
      </object_component>
      <object_component id="oc-26d">
         <name>.reset</name>
         <load_address>0xfffe</load_address>
         <run_address>0xfffe</run_address>
         <size>0x2</size>
         <input_file_ref idref="fl-6a"/>
      </object_component>
      <object_component id="oc-3d4">
         <name>.debug_info</name>
         <load_address>0x0</load_address>
         <run_address>0x0</run_address>
         <size>0x425</size>
         <input_file_ref idref="fl-2"/>
      </object_component>
      <object_component id="oc-37a">
         <name>.debug_info</name>
         <load_address>0x425</load_address>
         <run_address>0x425</run_address>
         <size>0xca</size>
         <input_file_ref idref="fl-2"/>
      </object_component>
      <object_component id="oc-30e">
         <name>.debug_info</name>
         <load_address>0x4ef</load_address>
         <run_address>0x4ef</run_address>
         <size>0x18a</size>
         <input_file_ref idref="fl-2"/>
      </object_component>
      <object_component id="oc-334">
         <name>.debug_info</name>
         <load_address>0x679</load_address>
         <run_address>0x679</run_address>
         <size>0x11e7</size>
         <input_file_ref idref="fl-2"/>
      </object_component>
      <object_component id="oc-345">
         <name>.debug_info</name>
         <load_address>0x1860</load_address>
         <run_address>0x1860</run_address>
         <size>0xbb</size>
         <input_file_ref idref="fl-2"/>
      </object_component>
      <object_component id="oc-33e">
         <name>.debug_info</name>
         <load_address>0x191b</load_address>
         <run_address>0x191b</run_address>
         <size>0x26b</size>
         <input_file_ref idref="fl-2"/>
      </object_component>
      <object_component id="oc-4b2">
         <name>.debug_info</name>
         <load_address>0x1b86</load_address>
         <run_address>0x1b86</run_address>
         <size>0x110</size>
         <input_file_ref idref="fl-2"/>
      </object_component>
      <object_component id="oc-3da">
         <name>.debug_info</name>
         <load_address>0x1c96</load_address>
         <run_address>0x1c96</run_address>
         <size>0xee</size>
         <input_file_ref idref="fl-2"/>
      </object_component>
      <object_component id="oc-2fa">
         <name>.debug_info</name>
         <load_address>0x1d84</load_address>
         <run_address>0x1d84</run_address>
         <size>0x8b</size>
         <input_file_ref idref="fl-2"/>
      </object_component>
      <object_component id="oc-3d5">
         <name>.debug_info</name>
         <load_address>0x1e0f</load_address>
         <run_address>0x1e0f</run_address>
         <size>0x282</size>
         <input_file_ref idref="fl-2"/>
      </object_component>
      <object_component id="oc-339">
         <name>.debug_info</name>
         <load_address>0x2091</load_address>
         <run_address>0x2091</run_address>
         <size>0xbb</size>
         <input_file_ref idref="fl-2"/>
      </object_component>
      <object_component id="oc-34a">
         <name>.debug_info</name>
         <load_address>0x214c</load_address>
         <run_address>0x214c</run_address>
         <size>0x35</size>
         <input_file_ref idref="fl-2"/>
      </object_component>
      <object_component id="oc-48d">
         <name>.debug_info</name>
         <load_address>0x2181</load_address>
         <run_address>0x2181</run_address>
         <size>0x3b6</size>
         <input_file_ref idref="fl-3"/>
      </object_component>
      <object_component id="oc-419">
         <name>.debug_info</name>
         <load_address>0x2537</load_address>
         <run_address>0x2537</run_address>
         <size>0x238</size>
         <input_file_ref idref="fl-3"/>
      </object_component>
      <object_component id="oc-3ea">
         <name>.debug_info</name>
         <load_address>0x276f</load_address>
         <run_address>0x276f</run_address>
         <size>0x1ce</size>
         <input_file_ref idref="fl-3"/>
      </object_component>
      <object_component id="oc-41f">
         <name>.debug_info</name>
         <load_address>0x293d</load_address>
         <run_address>0x293d</run_address>
         <size>0x19f</size>
         <input_file_ref idref="fl-3"/>
      </object_component>
      <object_component id="oc-3f0">
         <name>.debug_info</name>
         <load_address>0x2adc</load_address>
         <run_address>0x2adc</run_address>
         <size>0x1b1</size>
         <input_file_ref idref="fl-3"/>
      </object_component>
      <object_component id="oc-2dd">
         <name>.debug_info</name>
         <load_address>0x2c8d</load_address>
         <run_address>0x2c8d</run_address>
         <size>0x2c</size>
         <input_file_ref idref="fl-3"/>
      </object_component>
      <object_component id="oc-2eb">
         <name>.debug_info</name>
         <load_address>0x2cb9</load_address>
         <run_address>0x2cb9</run_address>
         <size>0x33f</size>
         <input_file_ref idref="fl-4"/>
      </object_component>
      <object_component id="oc-287">
         <name>.debug_info</name>
         <load_address>0x2ff8</load_address>
         <run_address>0x2ff8</run_address>
         <size>0x14c</size>
         <input_file_ref idref="fl-4"/>
      </object_component>
      <object_component id="oc-2f4">
         <name>.debug_info</name>
         <load_address>0x3144</load_address>
         <run_address>0x3144</run_address>
         <size>0x3cb</size>
         <input_file_ref idref="fl-8"/>
      </object_component>
      <object_component id="oc-437">
         <name>.debug_info</name>
         <load_address>0x350f</load_address>
         <run_address>0x350f</run_address>
         <size>0x1a6</size>
         <input_file_ref idref="fl-8"/>
      </object_component>
      <object_component id="oc-377">
         <name>.debug_info</name>
         <load_address>0x36b5</load_address>
         <run_address>0x36b5</run_address>
         <size>0x174</size>
         <input_file_ref idref="fl-8"/>
      </object_component>
      <object_component id="oc-295">
         <name>.debug_info</name>
         <load_address>0x3829</load_address>
         <run_address>0x3829</run_address>
         <size>0x1b6</size>
         <input_file_ref idref="fl-8"/>
      </object_component>
      <object_component id="oc-35a">
         <name>.debug_info</name>
         <load_address>0x39df</load_address>
         <run_address>0x39df</run_address>
         <size>0x188</size>
         <input_file_ref idref="fl-9"/>
      </object_component>
      <object_component id="oc-38f">
         <name>.debug_info</name>
         <load_address>0x3b67</load_address>
         <run_address>0x3b67</run_address>
         <size>0x13d</size>
         <input_file_ref idref="fl-9"/>
      </object_component>
      <object_component id="oc-37e">
         <name>.debug_info</name>
         <load_address>0x3ca4</load_address>
         <run_address>0x3ca4</run_address>
         <size>0x198</size>
         <input_file_ref idref="fl-9"/>
      </object_component>
      <object_component id="oc-308">
         <name>.debug_info</name>
         <load_address>0x3e3c</load_address>
         <run_address>0x3e3c</run_address>
         <size>0x13e</size>
         <input_file_ref idref="fl-a"/>
      </object_component>
      <object_component id="oc-353">
         <name>.debug_info</name>
         <load_address>0x3f7a</load_address>
         <run_address>0x3f7a</run_address>
         <size>0x255</size>
         <input_file_ref idref="fl-a"/>
      </object_component>
      <object_component id="oc-3fa">
         <name>.debug_info</name>
         <load_address>0x41cf</load_address>
         <run_address>0x41cf</run_address>
         <size>0x66c</size>
         <input_file_ref idref="fl-b"/>
      </object_component>
      <object_component id="oc-5b0">
         <name>.debug_info</name>
         <load_address>0x483b</load_address>
         <run_address>0x483b</run_address>
         <size>0xe8</size>
         <input_file_ref idref="fl-b"/>
      </object_component>
      <object_component id="oc-5b5">
         <name>.debug_info</name>
         <load_address>0x4923</load_address>
         <run_address>0x4923</run_address>
         <size>0xe8</size>
         <input_file_ref idref="fl-b"/>
      </object_component>
      <object_component id="oc-5ba">
         <name>.debug_info</name>
         <load_address>0x4a0b</load_address>
         <run_address>0x4a0b</run_address>
         <size>0xe8</size>
         <input_file_ref idref="fl-b"/>
      </object_component>
      <object_component id="oc-5bf">
         <name>.debug_info</name>
         <load_address>0x4af3</load_address>
         <run_address>0x4af3</run_address>
         <size>0xe8</size>
         <input_file_ref idref="fl-b"/>
      </object_component>
      <object_component id="oc-5c4">
         <name>.debug_info</name>
         <load_address>0x4bdb</load_address>
         <run_address>0x4bdb</run_address>
         <size>0xe8</size>
         <input_file_ref idref="fl-b"/>
      </object_component>
      <object_component id="oc-5c9">
         <name>.debug_info</name>
         <load_address>0x4cc3</load_address>
         <run_address>0x4cc3</run_address>
         <size>0xe8</size>
         <input_file_ref idref="fl-b"/>
      </object_component>
      <object_component id="oc-5ce">
         <name>.debug_info</name>
         <load_address>0x4dab</load_address>
         <run_address>0x4dab</run_address>
         <size>0xe8</size>
         <input_file_ref idref="fl-b"/>
      </object_component>
      <object_component id="oc-5d3">
         <name>.debug_info</name>
         <load_address>0x4e93</load_address>
         <run_address>0x4e93</run_address>
         <size>0xe8</size>
         <input_file_ref idref="fl-b"/>
      </object_component>
      <object_component id="oc-5d8">
         <name>.debug_info</name>
         <load_address>0x4f7b</load_address>
         <run_address>0x4f7b</run_address>
         <size>0xe8</size>
         <input_file_ref idref="fl-b"/>
      </object_component>
      <object_component id="oc-5dd">
         <name>.debug_info</name>
         <load_address>0x5063</load_address>
         <run_address>0x5063</run_address>
         <size>0xe8</size>
         <input_file_ref idref="fl-b"/>
      </object_component>
      <object_component id="oc-5e2">
         <name>.debug_info</name>
         <load_address>0x514b</load_address>
         <run_address>0x514b</run_address>
         <size>0xe8</size>
         <input_file_ref idref="fl-b"/>
      </object_component>
      <object_component id="oc-53c">
         <name>.debug_info</name>
         <load_address>0x5233</load_address>
         <run_address>0x5233</run_address>
         <size>0xfa</size>
         <input_file_ref idref="fl-b"/>
      </object_component>
      <object_component id="oc-491">
         <name>.debug_info</name>
         <load_address>0x532d</load_address>
         <run_address>0x532d</run_address>
         <size>0xe8</size>
         <input_file_ref idref="fl-b"/>
      </object_component>
      <object_component id="oc-541">
         <name>.debug_info</name>
         <load_address>0x5415</load_address>
         <run_address>0x5415</run_address>
         <size>0xfa</size>
         <input_file_ref idref="fl-b"/>
      </object_component>
      <object_component id="oc-494">
         <name>.debug_info</name>
         <load_address>0x550f</load_address>
         <run_address>0x550f</run_address>
         <size>0xe8</size>
         <input_file_ref idref="fl-b"/>
      </object_component>
      <object_component id="oc-546">
         <name>.debug_info</name>
         <load_address>0x55f7</load_address>
         <run_address>0x55f7</run_address>
         <size>0xfb</size>
         <input_file_ref idref="fl-b"/>
      </object_component>
      <object_component id="oc-497">
         <name>.debug_info</name>
         <load_address>0x56f2</load_address>
         <run_address>0x56f2</run_address>
         <size>0xe9</size>
         <input_file_ref idref="fl-b"/>
      </object_component>
      <object_component id="oc-54b">
         <name>.debug_info</name>
         <load_address>0x57db</load_address>
         <run_address>0x57db</run_address>
         <size>0xfb</size>
         <input_file_ref idref="fl-b"/>
      </object_component>
      <object_component id="oc-49a">
         <name>.debug_info</name>
         <load_address>0x58d6</load_address>
         <run_address>0x58d6</run_address>
         <size>0xe9</size>
         <input_file_ref idref="fl-b"/>
      </object_component>
      <object_component id="oc-550">
         <name>.debug_info</name>
         <load_address>0x59bf</load_address>
         <run_address>0x59bf</run_address>
         <size>0xfb</size>
         <input_file_ref idref="fl-b"/>
      </object_component>
      <object_component id="oc-49d">
         <name>.debug_info</name>
         <load_address>0x5aba</load_address>
         <run_address>0x5aba</run_address>
         <size>0xe9</size>
         <input_file_ref idref="fl-b"/>
      </object_component>
      <object_component id="oc-555">
         <name>.debug_info</name>
         <load_address>0x5ba3</load_address>
         <run_address>0x5ba3</run_address>
         <size>0xfb</size>
         <input_file_ref idref="fl-b"/>
      </object_component>
      <object_component id="oc-4a0">
         <name>.debug_info</name>
         <load_address>0x5c9e</load_address>
         <run_address>0x5c9e</run_address>
         <size>0xe9</size>
         <input_file_ref idref="fl-b"/>
      </object_component>
      <object_component id="oc-55a">
         <name>.debug_info</name>
         <load_address>0x5d87</load_address>
         <run_address>0x5d87</run_address>
         <size>0xfb</size>
         <input_file_ref idref="fl-b"/>
      </object_component>
      <object_component id="oc-4a3">
         <name>.debug_info</name>
         <load_address>0x5e82</load_address>
[...]
      </symbol>
      <symbol id="sm-40a">
         <name>BTN01_E01_Tuning</name>
         <value>0x21d6</value>
      </symbol>
      <symbol id="sm-40b">
         <name>BTN01_E02_RawCnts</name>
         <value>0x21f4</value>
      </symbol>
      <symbol id="sm-40c">
         <name>BTN01_E02_Tuning</name>
         <value>0x21da</value>
      </symbol>
      <symbol id="sm-40d">
         <name>BTN01_E03_RawCnts</name>
         <value>0x21f6</value>
      </symbol>
      <symbol id="sm-40e">
         <name>BTN01_E03_Tuning</name>
         <value>0x21de</value>
      </symbol>
      <symbol id="sm-40f">
         <name>BTN00_Params</name>
         <value>0x21a6</value>
      </symbol>
      <symbol id="sm-410">
         <name>BTN01_Params</name>
         <value>0x21ae</value>
      </symbol>
      <symbol id="sm-411">
         <name>BTN00_C05_Elements</name>
         <value>0x23ce</value>
         <object_component_ref idref="oc-554"/>
      </symbol>
      <symbol id="sm-412">
         <name>BTN00_C03_Elements</name>
         <value>0x23ca</value>
         <object_component_ref idref="oc-54a"/>
      </symbol>
      <symbol id="sm-413">
         <name>BTN00_C01_Elements</name>
         <value>0x23c6</value>
         <object_component_ref idref="oc-540"/>
      </symbol>
      <symbol id="sm-414">
         <name>BTN00_Cycles</name>
         <value>0x235e</value>
         <object_component_ref idref="oc-3f6"/>
      </symbol>
      <symbol id="sm-415">
         <name>BTN00_E04</name>
         <value>0x22a8</value>
         <object_component_ref idref="oc-5c3"/>
      </symbol>
      <symbol id="sm-416">
         <name>BTN00_E05</name>
         <value>0x22c2</value>
         <object_component_ref idref="oc-5c8"/>
      </symbol>
      <symbol id="sm-417">
         <name>BTN00_E06</name>
         <value>0x22dc</value>
         <object_component_ref idref="oc-5cd"/>
      </symbol>
      <symbol id="sm-418">
         <name>BTN00_E00</name>
         <value>0x2240</value>
         <object_component_ref idref="oc-5af"/>
      </symbol>
      <symbol id="sm-419">
         <name>BTN00_E01</name>
         <value>0x225a</value>
         <object_component_ref idref="oc-5b4"/>
      </symbol>
      <symbol id="sm-41a">
         <name>BTN00_E02</name>
         <value>0x2274</value>
         <object_component_ref idref="oc-5b9"/>
      </symbol>
      <symbol id="sm-41b">
         <name>BTN00_E03</name>
         <value>0x228e</value>
         <object_component_ref idref="oc-5be"/>
      </symbol>
      <symbol id="sm-41c">
         <name>BTN01_E00</name>
         <value>0x22f6</value>
         <object_component_ref idref="oc-5d2"/>
      </symbol>
      <symbol id="sm-41d">
         <name>BTN01_E01</name>
         <value>0x2310</value>
         <object_component_ref idref="oc-5d7"/>
      </symbol>
      <symbol id="sm-41e">
         <name>BTN01_E02</name>
         <value>0x232a</value>
         <object_component_ref idref="oc-5dc"/>
      </symbol>
      <symbol id="sm-41f">
         <name>BTN01_E03</name>
         <value>0x2344</value>
         <object_component_ref idref="oc-5e1"/>
      </symbol>
      <symbol id="sm-420">
         <name>BTN00_C06_Elements</name>
         <value>0x23d0</value>
         <object_component_ref idref="oc-559"/>
      </symbol>
      <symbol id="sm-421">
         <name>BTN00_C04_Elements</name>
         <value>0x23cc</value>
         <object_component_ref idref="oc-54f"/>
      </symbol>
      <symbol id="sm-422">
         <name>BTN00_C02_Elements</name>
         <value>0x23c8</value>
         <object_component_ref idref="oc-545"/>
      </symbol>
      <symbol id="sm-423">
         <name>BTN00_C00_Elements</name>
         <value>0x23c4</value>
         <object_component_ref idref="oc-53b"/>
      </symbol>
      <symbol id="sm-424">
         <name>BTN01_Cycles</name>
         <value>0x2388</value>
         <object_component_ref idref="oc-406"/>
      </symbol>
      <symbol id="sm-425">
         <name>g_pCaptivateSensorArray</name>
         <value>0x23c0</value>
         <object_component_ref idref="oc-485"/>
      </symbol>
      <symbol id="sm-426">
         <name>BTN00_C04</name>
         <value>0x23a0</value>
         <object_component_ref idref="oc-49c"/>
      </symbol>
      <symbol id="sm-427">
         <name>BTN00_C05</name>
         <value>0x23a4</value>
         <object_component_ref idref="oc-49f"/>
      </symbol>
      <symbol id="sm-428">
         <name>BTN00_C06</name>
         <value>0x23a8</value>
         <object_component_ref idref="oc-4a2"/>
      </symbol>
      <symbol id="sm-429">
         <name>BTN00_C00</name>
         <value>0x2390</value>
         <object_component_ref idref="oc-490"/>
      </symbol>
      <symbol id="sm-42a">
         <name>BTN00_C01</name>
         <value>0x2394</value>
         <object_component_ref idref="oc-493"/>
      </symbol>
      <symbol id="sm-42b">
         <name>BTN00_C02</name>
         <value>0x2398</value>
         <object_component_ref idref="oc-496"/>
      </symbol>
      <symbol id="sm-42c">
         <name>BTN00_C03</name>
         <value>0x239c</value>
         <object_component_ref idref="oc-499"/>
      </symbol>
      <symbol id="sm-42d">
         <name>BTN01_C00</name>
         <value>0x23ac</value>
         <object_component_ref idref="oc-4b7"/>
      </symbol>
      <symbol id="sm-42e">
         <name>BTN01_C01</name>
         <value>0x23b0</value>
         <object_component_ref idref="oc-4ba"/>
      </symbol>
      <symbol id="sm-42f">
         <name>g_uiApp</name>
         <value>0x236c</value>
         <object_component_ref idref="oc-3e6"/>
      </symbol>
      <symbol id="sm-430">
         <name>BTN01_C02</name>
         <value>0x23b4</value>
         <object_component_ref idref="oc-4bd"/>
      </symbol>
      <symbol id="sm-431">
         <name>BTN01_C03</name>
         <value>0x23b8</value>
         <object_component_ref idref="oc-4c0"/>
      </symbol>
      <symbol id="sm-432">
         <name>BTN01_C03_Elements</name>
         <value>0x23d8</value>
         <object_component_ref idref="oc-56e"/>
      </symbol>
      <symbol id="sm-433">
         <name>BTN01_C01_Elements</name>
         <value>0x23d4</value>
         <object_component_ref idref="oc-564"/>
      </symbol>
      <symbol id="sm-434">
         <name>BTN01_C02_Elements</name>
         <value>0x23d6</value>
         <object_component_ref idref="oc-569"/>
      </symbol>
      <symbol id="sm-435">
         <name>BTN01_C00_Elements</name>
         <value>0x23d2</value>
         <object_component_ref idref="oc-55f"/>
      </symbol>
      <symbol id="sm-436">
         <name>BTN01</name>
         <value>0x2222</value>
         <object_component_ref idref="oc-367"/>
      </symbol>
      <symbol id="sm-437">
         <name>BTN00</name>
         <value>0x2204</value>
         <object_component_ref idref="oc-35e"/>
      </symbol>
      <symbol id="sm-554">
         <name>uart_rx_callback</name>
         <value>0xdf88</value>
         <object_component_ref idref="oc-40d"/>
      </symbol>
      <symbol id="sm-555">
         <name>parse_command</name>
         <value>0xc834</value>
         <object_component_ref idref="oc-4db"/>
      </symbol>
      <symbol id="sm-556">
         <name>recalib_handling</name>
         <value>0xdaa4</value>
         <object_component_ref idref="oc-505"/>
      </symbol>
      <symbol id="sm-557">
         <name>transmit_pending_data</name>
         <value>0xd70e</value>
         <object_component_ref idref="oc-382"/>
      </symbol>
      <symbol id="sm-558">
         <name>unknown_handling</name>
         <value>0xdcac</value>
         <object_component_ref idref="oc-4e1"/>
      </symbol>
      <symbol id="sm-559">
         <name>set_tuning_handling</name>
         <value>0xcfcc</value>
         <object_component_ref idref="oc-4e7"/>
      </symbol>
      <symbol id="sm-55a">
         <name>get_tuning_handling</name>
         <value>0xd0e8</value>
         <object_component_ref idref="oc-4ed"/>
      </symbol>
      <symbol id="sm-55b">
         <name>verify_handling</name>
         <value>0xdcea</value>
         <object_component_ref idref="oc-4ff"/>
      </symbol>
      <symbol id="sm-55c">
         <name>disable_handling</name>
         <value>0xdb2c</value>
         <object_component_ref idref="oc-4f9"/>
      </symbol>
      <symbol id="sm-55d">
         <name>process_command</name>
         <value>0xd974</value>
         <object_component_ref idref="oc-441"/>
      </symbol>
      <symbol id="sm-55e">
         <name>uart_read</name>
         <value>0xdec2</value>
         <object_component_ref idref="oc-447"/>
      </symbol>
      <symbol id="sm-55f">
         <name>btn00_callback</name>
         <value>0xe090</value>
         <object_component_ref idref="oc-361"/>
      </symbol>
      <symbol id="sm-560">
         <name>enable_handling</name>
         <value>0xdb6e</value>
         <object_component_ref idref="oc-4f3"/>
      </symbol>
      <symbol id="sm-561">
         <name>btn01_callback</name>
         <value>0xe098</value>
         <object_component_ref idref="oc-36a"/>
      </symbol>
      <symbol id="sm-562">
         <name>process_rx</name>
         <value>0xd8ce</value>
         <object_component_ref idref="oc-388"/>
      </symbol>
      <symbol id="sm-563">
         <name>UARTPort</name>
         <value>0xc658</value>
         <object_component_ref idref="oc-370"/>
      </symbol>
      <symbol id="sm-58b">
         <name>CAPT_calibrateOffset</name>
         <value>0xc9f6</value>
         <object_component_ref idref="oc-53a"/>
      </symbol>
      <symbol id="sm-58c">
         <name>CAPT_calibrateGain</name>
         <value>0xc66c</value>
         <object_component_ref idref="oc-539"/>
      </symbol>
      <symbol id="sm-58d">
         <name>CAPT_calibrateSensor</name>
         <value>0xdee6</value>
         <object_component_ref idref="oc-48e"/>
      </symbol>
      <symbol id="sm-593">
         <name>CAPT_getInterruptVector</name>
         <value>0xe0a6</value>
         <object_component_ref idref="oc-2e9"/>
      </symbol>
      <symbol id="sm-594">
         <name>CAPT_init</name>
         <value>0xdf28</value>
         <object_component_ref idref="oc-48a"/>
      </symbol>
      <symbol id="sm-595">
         <name>CAPT_clearIFG</name>
         <value>0xe0a0</value>
         <object_component_ref idref="oc-57a"/>
      </symbol>
      <symbol id="sm-5d8">
         <name>CAPT_updateSensorTimeout</name>
         <value>0xdd62</value>
         <object_component_ref idref="oc-5e7"/>
      </symbol>
      <symbol id="sm-5d9">
         <name>CAPT_updateSensor</name>
         <value>0xcd26</value>
         <object_component_ref idref="oc-4c9"/>
      </symbol>
      <symbol id="sm-5da">
         <name>CAPT_processSensor</name>
         <value>0xd642</value>
         <object_component_ref idref="oc-576"/>
      </symbol>
      <symbol id="sm-5db">
         <name>CAPT_flagAllElementsForReseed</name>
         <value>0xda14</value>
         <object_component_ref idref="oc-62b"/>
      </symbol>
      <symbol id="sm-5dc">
         <name>CAPT_blockOnFlag</name>
         <value>0xde78</value>
         <object_component_ref idref="oc-577"/>
      </symbol>
      <symbol id="sm-5dd">
         <name>CAPT_startConversionAndWaitUntilDone</name>
         <value>0xddca</value>
         <object_component_ref idref="oc-5ae"/>
      </symbol>
      <symbol id="sm-5de">
         <name>CAPT_unloadCycle</name>
         <value>0xdc30</value>
         <object_component_ref idref="oc-578"/>
      </symbol>
      <symbol id="sm-5df">
         <name>CAPT_testForRecalibration</name>
         <value>0xd48c</value>
         <object_component_ref idref="oc-4cc"/>
      </symbol>
      <symbol id="sm-5e0">
         <name>CAPT_initSensor</name>
         <value>0xd5d8</value>
         <object_component_ref idref="oc-48b"/>
      </symbol>
      <symbol id="sm-5e1">
         <name>CAPT_preProcessSlider</name>
         <value>0xd9c6</value>
         <object_component_ref idref="oc-5e8"/>
      </symbol>
      <symbol id="sm-5e2">
         <name>CAPT_loadCycle</name>
         <value>0xda5c</value>
         <object_component_ref idref="oc-579"/>
      </symbol>
      <symbol id="sm-5e3">
         <name>CAPT_updateSensorNoise</name>
         <value>0xd878</value>
         <object_component_ref idref="oc-5e6"/>
      </symbol>
      <symbol id="sm-5e4">
         <name>CAPT_processFSMCycle</name>
         <value>0xd770</value>
         <object_component_ref idref="oc-575"/>
      </symbol>
      <symbol id="sm-5e5">
         <name>CAPT_testForNegativeTouchRecalibration</name>
         <value>0xdfe2</value>
         <object_component_ref idref="oc-4cb"/>
      </symbol>
      <symbol id="sm-5e6">
         <name>CAPT_testForMaxCountRecalibration</name>
         <value>0xdf48</value>
         <object_component_ref idref="oc-4ca"/>
      </symbol>
      <symbol id="sm-60c">
         <name>CS_clearAllOscFlagsWithTimeout</name>
         <value>0xdfa8</value>
         <object_component_ref idref="oc-3e4"/>
      </symbol>
      <symbol id="sm-60d">
         <name>CS_initFLL</name>
         <value>0xd1b6</value>
         <object_component_ref idref="oc-3e3"/>
      </symbol>
      <symbol id="sm-60e">
         <name>CS_setExternalClockSource</name>
         <value>0xe074</value>
         <object_component_ref idref="oc-3e0"/>
      </symbol>
      <symbol id="sm-60f">
         <name>CS_turnOnXT1LFWithTimeout</name>
         <value>0xdc6e</value>
         <object_component_ref idref="oc-3e1"/>
      </symbol>
      <symbol id="sm-610">
         <name>CS_initClockSignal</name>
         <value>0xd330</value>
         <object_component_ref idref="oc-3e2"/>
      </symbol>
      <symbol id="sm-613">
         <name>FRAMCtl_configureWaitStateControl</name>
         <value>0xe012</value>
         <object_component_ref idref="oc-3df"/>
      </symbol>
      <symbol id="sm-624">
         <name>__mspabi_remul</name>
         <value>0xd820</value>
         <object_component_ref idref="oc-5f5"/>
      </symbol>
      <symbol id="sm-625">
         <name>__mspabi_divul</name>
         <value>0xd820</value>
         <object_component_ref idref="oc-5f5"/>
      </symbol>
      <symbol id="sm-628">
         <name>__TI_int41</name>
         <value>0xffda</value>
         <object_component_ref idref="oc-76"/>
      </symbol>
      <symbol id="sm-62b">
         <name>__TI_int42</name>
         <value>0xffdc</value>
         <object_component_ref idref="oc-77"/>
      </symbol>
      <symbol id="sm-62e">
         <name>__TI_int43</name>
         <value>0xffde</value>
         <object_component_ref idref="oc-78"/>
      </symbol>
      <symbol id="sm-631">
         <name>__TI_int44</name>
         <value>0xffe0</value>
         <object_component_ref idref="oc-79"/>
      </symbol>
      <symbol id="sm-634">
         <name>__TI_int45</name>
         <value>0xffe2</value>
         <object_component_ref idref="oc-7a"/>
      </symbol>
      <symbol id="sm-637">
         <name>__TI_int47</name>
         <value>0xffe6</value>
         <object_component_ref idref="oc-7c"/>
      </symbol>
      <symbol id="sm-63a">
         <name>__TI_int48</name>
         <value>0xffe8</value>
         <object_component_ref idref="oc-7d"/>
      </symbol>
      <symbol id="sm-63d">
         <name>__TI_int49</name>
         <value>0xffea</value>
         <object_component_ref idref="oc-7e"/>
      </symbol>
      <symbol id="sm-640">
         <name>__TI_int50</name>
         <value>0xffec</value>
         <object_component_ref idref="oc-7f"/>
      </symbol>
      <symbol id="sm-643">
         <name>__TI_int51</name>
         <value>0xffee</value>
         <object_component_ref idref="oc-80"/>
      </symbol>
      <symbol id="sm-646">
         <name>__TI_int52</name>
         <value>0xfff0</value>
         <object_component_ref idref="oc-81"/>
      </symbol>
      <symbol id="sm-649">
         <name>__TI_int53</name>
         <value>0xfff2</value>
         <object_component_ref idref="oc-82"/>
      </symbol>
      <symbol id="sm-64c">
         <name>__TI_int54</name>
         <value>0xfff4</value>
         <object_component_ref idref="oc-83"/>
      </symbol>
      <symbol id="sm-64f">
         <name>__TI_int55</name>
         <value>0xfff6</value>
         <object_component_ref idref="oc-84"/>
      </symbol>
      <symbol id="sm-652">
         <name>__TI_int56</name>
         <value>0xfff8</value>
         <object_component_ref idref="oc-85"/>
      </symbol>
      <symbol id="sm-655">
         <name>__TI_int57</name>
         <value>0xfffa</value>
         <object_component_ref idref="oc-86"/>
      </symbol>
      <symbol id="sm-658">
         <name>__TI_int58</name>
         <value>0xfffc</value>
         <object_component_ref idref="oc-87"/>
      </symbol>
      <symbol id="sm-660">
         <name>__TI_ISR_TRAP</name>
         <value>0xe088</value>
         <object_component_ref idref="oc-28c"/>
      </symbol>
      <symbol id="sm-66d">
         <name>__mspabi_mpyi_f5hw</name>
         <value>0xe03c</value>
         <object_component_ref idref="oc-42c"/>
      </symbol>
      <symbol id="sm-678">
         <name>__mspabi_mpyl_f5hw</name>
         <value>0xdf68</value>
         <object_component_ref idref="oc-5f0"/>
      </symbol>
      <symbol id="sm-690">
         <name>_stack</name>
         <value>0x2f00</value>
         <object_component_ref idref="oc-26a"/>
      </symbol>
      <symbol id="sm-691">
         <name>_c_int00_noargs</name>
         <value>0xdfc6</value>
         <object_component_ref idref="oc-2a9"/>
      </symbol>
      <symbol id="sm-692">
         <name>_reset_vector</name>
         <value>0xfffe</value>
         <object_component_ref idref="oc-26d"/>
      </symbol>
      <symbol id="sm-6b4">
         <name>__TI_auto_init_nobinit_nopinit_hold_wdt</name>
         <value>0xd922</value>
         <object_component_ref idref="oc-3b9"/>
      </symbol>
      <symbol id="sm-6c7">
         <name>__TI_zero_init_nomemset</name>
         <value>0xe028</value>
         <object_component_ref idref="oc-297"/>
      </symbol>
      <symbol id="sm-6d4">
         <name>_system_post_cinit</name>
         <value>0xe0b2</value>
         <object_component_ref idref="oc-461"/>
      </symbol>
      <symbol id="sm-6ea">
         <name>__TI_decompress_none</name>
         <value>0xe050</value>
         <object_component_ref idref="oc-6f"/>
      </symbol>
      <symbol id="sm-70d">
         <name>__TI_decompress_lzss</name>
         <value>0xd4fc</value>
         <object_component_ref idref="oc-69"/>
      </symbol>
      <symbol id="sm-717">
         <name>C$$EXIT</name>
         <value>0xe0ac</value>
         <object_component_ref idref="oc-395"/>
      </symbol>
      <symbol id="sm-718">
         <name>abort</name>
         <value>0xe0ac</value>
         <object_component_ref idref="oc-395"/>
      </symbol>
      <symbol id="sm-728">
         <name>memcpy</name>
         <value>0xe062</value>
         <object_component_ref idref="oc-279"/>
      </symbol>
      <symbol id="sm-736">
         <name>strcmp</name>
         <value>0xdffa</value>
         <object_component_ref idref="oc-57c"/>
      </symbol>
      <symbol id="sm-746">
         <name>strncmp</name>
         <value>0xde4e</value>
         <object_component_ref idref="oc-582"/>
      </symbol>
      <symbol id="sm-76b">
         <name>strtoul</name>
         <value>0xcb92</value>
         <object_component_ref idref="oc-588"/>
      </symbol>
      <symbol id="sm-772">
         <name>errno</name>
         <value>0x23da</value>
         <object_component_ref idref="oc-5fa"/>
      </symbol>
      <symbol id="sm-77e">
         <name>_ctypes_</name>
         <value>0xc520</value>
         <object_component_ref idref="oc-5ed"/>
      </symbol>
   </symbol_table>
   <title>Link successful</title>
</link_info>
